<?xml version="1.0"?>
<link_info>
   <banner>TI ARM Linker Unix v5.1.1</banner>
   <copyright>Copyright (c) 1996-2013 Texas Instruments Incorporated</copyright>
   <link_time>0x530d505d</link_time>
   <link_errors>0x0</link_errors>
   <output_file>audio.out</output_file>
   <entry_point>
      <name>_c_int00</name>
      <address>0x961</address>
   </entry_point>
   <input_file_list>
      <input_file id="fl-2">
         <path>./</path>
         <kind>object</kind>
         <file>tm4c123ge6pm_startup_ccs.obj</file>
         <name>tm4c123ge6pm_startup_ccs.obj</name>
      </input_file>
      <input_file id="fl-3">
         <path>./</path>
         <kind>object</kind>
         <file>main.obj</file>
         <name>main.obj</name>
      </input_file>
      <input_file id="fl-4">
         <path>./</path>
         <kind>object</kind>
         <file>dsp.obj</file>
         <name>dsp.obj</name>
      </input_file>
      <input_file id="fl-9">
         <path>/home/mreut/Development/CCS/tivaware/driverlib/ccs/Debug/</path>
         <kind>archive</kind>
         <file>driverlib.lib</file>
         <name>timer.obj</name>
      </input_file>
      <input_file id="fl-a">
         <path>/home/mreut/Development/CCS/tivaware/driverlib/ccs/Debug/</path>
         <kind>archive</kind>
         <file>driverlib.lib</file>
         <name>sysctl.obj</name>
      </input_file>
      <input_file id="fl-b">
         <path>/home/mreut/Development/CCS/tivaware/driverlib/ccs/Debug/</path>
         <kind>archive</kind>
         <file>driverlib.lib</file>
         <name>ssi.obj</name>
      </input_file>
      <input_file id="fl-c">
         <path>/home/mreut/Development/CCS/tivaware/driverlib/ccs/Debug/</path>
         <kind>archive</kind>
         <file>driverlib.lib</file>
         <name>interrupt.obj</name>
      </input_file>
      <input_file id="fl-d">
         <path>/home/mreut/Development/CCS/tivaware/driverlib/ccs/Debug/</path>
         <kind>archive</kind>
         <file>driverlib.lib</file>
         <name>gpio.obj</name>
      </input_file>
      <input_file id="fl-e">
         <path>/home/mreut/Development/CCS/tivaware/driverlib/ccs/Debug/</path>
         <kind>archive</kind>
         <file>driverlib.lib</file>
         <name>fpu.obj</name>
      </input_file>
      <input_file id="fl-f">
         <path>/home/mreut/Development/CCS/tivaware/driverlib/ccs/Debug/</path>
         <kind>archive</kind>
         <file>driverlib.lib</file>
         <name>cpu.obj</name>
      </input_file>
      <input_file id="fl-139">
         <path>/home/mreut/Development/CCS/ccsv5/tools/compiler/arm_5.1.1/lib/</path>
         <kind>archive</kind>
         <file>rtsv7M4_T_le_v4SPD16_eabi.lib</file>
         <name>boot.obj</name>
      </input_file>
      <input_file id="fl-13a">
         <path>/home/mreut/Development/CCS/ccsv5/tools/compiler/arm_5.1.1/lib/</path>
         <kind>archive</kind>
         <file>rtsv7M4_T_le_v4SPD16_eabi.lib</file>
         <name>copy_decompress_none.obj</name>
      </input_file>
      <input_file id="fl-13b">
         <path>/home/mreut/Development/CCS/ccsv5/tools/compiler/arm_5.1.1/lib/</path>
         <kind>archive</kind>
         <file>rtsv7M4_T_le_v4SPD16_eabi.lib</file>
         <name>copy_decompress_rle.obj</name>
      </input_file>
      <input_file id="fl-13c">
         <path>/home/mreut/Development/CCS/ccsv5/tools/compiler/arm_5.1.1/lib/</path>
         <kind>archive</kind>
         <file>rtsv7M4_T_le_v4SPD16_eabi.lib</file>
         <name>copy_zero_init.obj</name>
      </input_file>
      <input_file id="fl-13d">
         <path>/home/mreut/Development/CCS/ccsv5/tools/compiler/arm_5.1.1/lib/</path>
         <kind>archive</kind>
         <file>rtsv7M4_T_le_v4SPD16_eabi.lib</file>
         <name>exit.obj</name>
      </input_file>
      <input_file id="fl-13e">
         <path>/home/mreut/Development/CCS/ccsv5/tools/compiler/arm_5.1.1/lib/</path>
         <kind>archive</kind>
         <file>rtsv7M4_T_le_v4SPD16_eabi.lib</file>
         <name>memcpy_t2.obj</name>
      </input_file>
      <input_file id="fl-13f">
         <path>/home/mreut/Development/CCS/ccsv5/tools/compiler/arm_5.1.1/lib/</path>
         <kind>archive</kind>
         <file>rtsv7M4_T_le_v4SPD16_eabi.lib</file>
         <name>stkdepth_vars.obj</name>
      </input_file>
      <input_file id="fl-140">
         <path>/home/mreut/Development/CCS/ccsv5/tools/compiler/arm_5.1.1/lib/</path>
         <kind>archive</kind>
         <file>rtsv7M4_T_le_v4SPD16_eabi.lib</file>
         <name>_lock.obj</name>
      </input_file>
      <input_file id="fl-141">
         <path>/home/mreut/Development/CCS/ccsv5/tools/compiler/arm_5.1.1/lib/</path>
         <kind>archive</kind>
         <file>rtsv7M4_T_le_v4SPD16_eabi.lib</file>
         <name>args_main.obj</name>
      </input_file>
      <input_file id="fl-142">
         <path>/home/mreut/Development/CCS/ccsv5/tools/compiler/arm_5.1.1/lib/</path>
         <kind>archive</kind>
         <file>rtsv7M4_T_le_v4SPD16_eabi.lib</file>
         <name>auto_init.obj</name>
      </input_file>
      <input_file id="fl-143">
         <path>/home/mreut/Development/CCS/ccsv5/tools/compiler/arm_5.1.1/lib/</path>
         <kind>archive</kind>
         <file>rtsv7M4_T_le_v4SPD16_eabi.lib</file>
         <name>cpy_tbl.obj</name>
      </input_file>
   </input_file_list>
   <object_component_list>
      <object_component id="oc-e">
         <name>.intvecs</name>
         <load_address>0x0</load_address>
         <run_address>0x0</run_address>
         <size>0x26c</size>
         <input_file_ref idref="fl-2"/>
      </object_component>
      <object_component id="oc-29">
         <name>.text</name>
         <load_address>0x26c</load_address>
         <run_address>0x26c</run_address>
         <size>0x164</size>
         <input_file_ref idref="fl-3"/>
      </object_component>
      <object_component id="oc-10b">
         <name>.text:GPIOPadConfigSet</name>
         <load_address>0x3d0</load_address>
         <run_address>0x3d0</run_address>
         <size>0x130</size>
         <input_file_ref idref="fl-d"/>
      </object_component>
      <object_component id="oc-c0">
         <name>.text:SysCtlClockSet</name>
         <load_address>0x500</load_address>
         <run_address>0x500</run_address>
         <size>0x104</size>
         <input_file_ref idref="fl-a"/>
      </object_component>
      <object_component id="oc-93">
         <name>.text:SysCtlClockGet</name>
         <load_address>0x604</load_address>
         <run_address>0x604</run_address>
         <size>0xc8</size>
         <input_file_ref idref="fl-a"/>
      </object_component>
      <object_component id="oc-42">
         <name>.text</name>
         <load_address>0x6cc</load_address>
         <run_address>0x6cc</run_address>
         <size>0x9c</size>
         <input_file_ref idref="fl-13e"/>
      </object_component>
      <object_component id="oc-31">
         <name>.text</name>
         <load_address>0x768</load_address>
         <run_address>0x768</run_address>
         <size>0x94</size>
         <input_file_ref idref="fl-142"/>
      </object_component>
      <object_component id="oc-ac">
         <name>.text:IntEnable</name>
         <load_address>0x7fc</load_address>
         <run_address>0x7fc</run_address>
         <size>0x60</size>
         <input_file_ref idref="fl-c"/>
      </object_component>
      <object_component id="oc-54">
         <name>.text</name>
         <load_address>0x85c</load_address>
         <run_address>0x85c</run_address>
         <size>0x5e</size>
         <input_file_ref idref="fl-13b"/>
      </object_component>
      <object_component id="oc-a2">
         <name>.text:TimerConfigure</name>
         <load_address>0x8bc</load_address>
         <run_address>0x8bc</run_address>
         <size>0x5c</size>
         <input_file_ref idref="fl-9"/>
      </object_component>
      <object_component id="oc-89">
         <name>.text:GPIOPinConfigure</name>
         <load_address>0x918</load_address>
         <run_address>0x918</run_address>
         <size>0x48</size>
         <input_file_ref idref="fl-d"/>
      </object_component>
      <object_component id="oc-10">
         <name>.text</name>
         <load_address>0x960</load_address>
         <run_address>0x960</run_address>
         <size>0x48</size>
         <input_file_ref idref="fl-139"/>
      </object_component>
      <object_component id="oc-d4">
         <name>.text</name>
         <load_address>0x9a8</load_address>
         <run_address>0x9a8</run_address>
         <size>0x44</size>
         <input_file_ref idref="fl-143"/>
      </object_component>
      <object_component id="oc-3a">
         <name>.text</name>
         <load_address>0x9ec</load_address>
         <run_address>0x9ec</run_address>
         <size>0x44</size>
         <input_file_ref idref="fl-13d"/>
      </object_component>
      <object_component id="oc-98">
         <name>.text:SSIConfigSetExpClk</name>
         <load_address>0xa30</load_address>
         <run_address>0xa30</run_address>
         <size>0x42</size>
         <input_file_ref idref="fl-b"/>
      </object_component>
      <object_component id="oc-7f">
         <name>.text:SysCtlPeripheralEnable</name>
         <load_address>0xa74</load_address>
         <run_address>0xa74</run_address>
         <size>0x34</size>
         <input_file_ref idref="fl-a"/>
      </object_component>
      <object_component id="oc-110">
         <name>.text:GPIODirModeSet</name>
         <load_address>0xaa8</load_address>
         <run_address>0xaa8</run_address>
         <size>0x2a</size>
         <input_file_ref idref="fl-d"/>
      </object_component>
      <object_component id="oc-84">
         <name>.text:GPIOPinTypeGPIOOutput</name>
         <load_address>0xad2</load_address>
         <run_address>0xad2</run_address>
         <size>0x18</size>
         <input_file_ref idref="fl-d"/>
      </object_component>
      <object_component id="oc-35">
         <name>.text</name>
         <load_address>0xaec</load_address>
         <run_address>0xaec</run_address>
         <size>0x18</size>
         <input_file_ref idref="fl-141"/>
      </object_component>
      <object_component id="oc-13b">
         <name>.text</name>
         <load_address>0xb04</load_address>
         <run_address>0xb04</run_address>
         <size>0x14</size>
         <input_file_ref idref="fl-140"/>
      </object_component>
      <object_component id="oc-8e">
         <name>.text:GPIOPinTypeSSI</name>
         <load_address>0xb18</load_address>
         <run_address>0xb18</run_address>
         <size>0x12</size>
         <input_file_ref idref="fl-d"/>
      </object_component>
      <object_component id="oc-a7">
         <name>.text:TimerLoadSet</name>
         <load_address>0xb2a</load_address>
         <run_address>0xb2a</run_address>
         <size>0x12</size>
         <input_file_ref idref="fl-9"/>
      </object_component>
      <object_component id="oc-7a">
         <name>.text:FPUEnable</name>
         <load_address>0xb3c</load_address>
         <run_address>0xb3c</run_address>
         <size>0x10</size>
         <input_file_ref idref="fl-e"/>
      </object_component>
      <object_component id="oc-75">
         <name>.text:FPULazyStackingEnable</name>
         <load_address>0xb4c</load_address>
         <run_address>0xb4c</run_address>
         <size>0x10</size>
         <input_file_ref idref="fl-e"/>
      </object_component>
      <object_component id="oc-6b">
         <name>.text:SSIDataPutNonBlocking</name>
         <load_address>0xb5c</load_address>
         <run_address>0xb5c</run_address>
         <size>0xe</size>
         <input_file_ref idref="fl-b"/>
      </object_component>
      <object_component id="oc-bb">
         <name>.text:TimerEnable</name>
         <load_address>0xb6a</load_address>
         <run_address>0xb6a</run_address>
         <size>0xe</size>
         <input_file_ref idref="fl-9"/>
      </object_component>
      <object_component id="oc-14">
         <name>.text:decompress:none</name>
         <load_address>0xb78</load_address>
         <run_address>0xb78</run_address>
         <size>0xe</size>
         <input_file_ref idref="fl-13a"/>
      </object_component>
      <object_component id="oc-126">
         <name>.text:CPUcpsie</name>
         <load_address>0xb86</load_address>
         <run_address>0xb86</run_address>
         <size>0xc</size>
         <input_file_ref idref="fl-f"/>
      </object_component>
      <object_component id="oc-24">
         <name>.text</name>
         <load_address>0xb92</load_address>
         <run_address>0xb92</run_address>
         <size>0xc</size>
         <input_file_ref idref="fl-2"/>
      </object_component>
      <object_component id="oc-b6">
         <name>.text:IntMasterEnable</name>
         <load_address>0xb9e</load_address>
         <run_address>0xb9e</run_address>
         <size>0xa</size>
         <input_file_ref idref="fl-c"/>
      </object_component>
      <object_component id="oc-9d">
         <name>.text:SSIEnable</name>
         <load_address>0xba8</load_address>
         <run_address>0xba8</run_address>
         <size>0xa</size>
         <input_file_ref idref="fl-b"/>
      </object_component>
      <object_component id="oc-70">
         <name>.text:SSIBusy</name>
         <load_address>0xbb2</load_address>
         <run_address>0xbb2</run_address>
         <size>0x8</size>
         <input_file_ref idref="fl-b"/>
      </object_component>
      <object_component id="oc-b1">
         <name>.text:TimerIntEnable</name>
         <load_address>0xbba</load_address>
         <run_address>0xbba</run_address>
         <size>0x8</size>
         <input_file_ref idref="fl-9"/>
      </object_component>
      <object_component id="oc-66">
         <name>.text:GPIOPinWrite</name>
         <load_address>0xbc2</load_address>
         <run_address>0xbc2</run_address>
         <size>0x6</size>
         <input_file_ref idref="fl-d"/>
      </object_component>
      <object_component id="oc-12d">
         <name>.text:SysCtlDelay</name>
         <load_address>0xbc8</load_address>
         <run_address>0xbc8</run_address>
         <size>0x6</size>
         <input_file_ref idref="fl-a"/>
      </object_component>
      <object_component id="oc-1e">
         <name>.text:decompress:rle24</name>
         <load_address>0xbce</load_address>
         <run_address>0xbce</run_address>
         <size>0x6</size>
         <input_file_ref idref="fl-13b"/>
      </object_component>
      <object_component id="oc-61">
         <name>.text:TimerIntClear</name>
         <load_address>0xbd4</load_address>
         <run_address>0xbd4</run_address>
         <size>0x4</size>
         <input_file_ref idref="fl-9"/>
      </object_component>
      <object_component id="oc-116">
         <name>.const:g_pui32GPIOBaseAddrs</name>
         <load_address>0xbd8</load_address>
         <run_address>0xbd8</run_address>
         <size>0x90</size>
         <input_file_ref idref="fl-d"/>
      </object_component>
      <object_component id="oc-121">
         <name>.const</name>
         <load_address>0xc68</load_address>
         <run_address>0xc68</run_address>
         <size>0x70</size>
         <input_file_ref idref="fl-c"/>
      </object_component>
      <object_component id="oc-11a">
         <name>.const:g_pui32Xtals</name>
         <load_address>0xcd8</load_address>
         <run_address>0xcd8</run_address>
         <size>0x6c</size>
         <input_file_ref idref="fl-a"/>
      </object_component>
      <object_component id="oc-18c">
         <name>.cinit..data.load</name>
         <load_address>0xd48</load_address>
         <run_address>0xd48</run_address>
         <size>0x12</size>
      </object_component>
      <object_component id="oc-18a">
         <name>__TI_handler_table</name>
         <load_address>0xd5c</load_address>
         <run_address>0xd5c</run_address>
         <size>0x8</size>
      </object_component>
      <object_component id="oc-18b">
         <name>__TI_cinit_table</name>
         <load_address>0xd64</load_address>
         <run_address>0xd64</run_address>
         <size>0x8</size>
      </object_component>
      <object_component id="oc-3f">
         <name>.data</name>
         <load_address>0x200000d8</load_address>
         <run_address>0x200000d8</run_address>
         <size>0x4</size>
         <input_file_ref idref="fl-13f"/>
      </object_component>
      <object_component id="oc-c5">
         <name>.data</name>
         <load_address>0x200000dc</load_address>
         <run_address>0x200000dc</run_address>
         <size>0x3</size>
         <input_file_ref idref="fl-3"/>
      </object_component>
      <object_component id="oc-dc">
         <name>.data</name>
         <load_address>0x200000c8</load_address>
         <run_address>0x200000c8</run_address>
         <size>0x8</size>
         <input_file_ref idref="fl-140"/>
      </object_component>
      <object_component id="oc-de">
         <name>.data</name>
         <load_address>0x200000d0</load_address>
         <run_address>0x200000d0</run_address>
         <size>0x8</size>
         <input_file_ref idref="fl-13d"/>
      </object_component>
      <object_component id="oc-23">
         <name>.stack</name>
         <uninitialized>true</uninitialized>
         <run_address>0x20000000</run_address>
         <size>0x0</size>
         <input_file_ref idref="fl-139"/>
      </object_component>
      <object_component id="oc-18d">
         <name>.stack</name>
         <uninitialized>true</uninitialized>
         <run_address>0x20000000</run_address>
         <size>0x0</size>
      </object_component>
      <object_component id="oc-f">
         <name>.debug_info</name>
         <load_address>0x0</load_address>
         <run_address>0x0</run_address>
         <size>0xdd</size>
         <input_file_ref idref="fl-2"/>
      </object_component>
      <object_component id="oc-11">
         <name>.debug_info</name>
         <load_address>0xdd</load_address>
         <run_address>0xdd</run_address>
         <size>0xf3</size>
         <input_file_ref idref="fl-139"/>
      </object_component>
      <object_component id="oc-18">
         <name>.debug_info</name>
         <load_address>0x1d0</load_address>
         <run_address>0x1d0</run_address>
         <size>0x194</size>
         <input_file_ref idref="fl-13a"/>
      </object_component>
      <object_component id="oc-1f">
         <name>.debug_info</name>
         <load_address>0x364</load_address>
         <run_address>0x364</run_address>
         <size>0x18e</size>
         <input_file_ref idref="fl-13b"/>
      </object_component>
      <object_component id="oc-25">
         <name>.debug_info</name>
         <load_address>0x4f2</load_address>
         <run_address>0x4f2</run_address>
         <size>0x259</size>
         <input_file_ref idref="fl-2"/>
      </object_component>
      <object_component id="oc-2a">
         <name>.debug_info</name>
         <load_address>0x74b</load_address>
         <run_address>0x74b</run_address>
         <size>0x59a</size>
         <input_file_ref idref="fl-3"/>
      </object_component>
      <object_component id="oc-30">
         <name>.debug_info</name>
         <load_address>0xce5</load_address>
         <run_address>0xce5</run_address>
         <size>0x11a</size>
         <input_file_ref idref="fl-2"/>
      </object_component>
      <object_component id="oc-32">
         <name>.debug_info</name>
         <load_address>0xdff</load_address>
         <run_address>0xdff</run_address>
         <size>0x13d</size>
         <input_file_ref idref="fl-142"/>
      </object_component>
      <object_component id="oc-36">
         <name>.debug_info</name>
         <load_address>0xf3c</load_address>
         <run_address>0xf3c</run_address>
         <size>0x11c</size>
         <input_file_ref idref="fl-141"/>
      </object_component>
      <object_component id="oc-3b">
         <name>.debug_info</name>
         <load_address>0x1058</load_address>
         <run_address>0x1058</run_address>
         <size>0x1c2</size>
         <input_file_ref idref="fl-13d"/>
      </object_component>
      <object_component id="oc-40">
         <name>.debug_info</name>
         <load_address>0x121a</load_address>
         <run_address>0x121a</run_address>
         <size>0xbe</size>
         <input_file_ref idref="fl-13f"/>
      </object_component>
      <object_component id="oc-43">
         <name>.debug_info</name>
         <load_address>0x12d8</load_address>
         <run_address>0x12d8</run_address>
         <size>0xcc</size>
         <input_file_ref idref="fl-13e"/>
      </object_component>
      <object_component id="oc-47">
         <name>.debug_info</name>
         <load_address>0x13a4</load_address>
         <run_address>0x13a4</run_address>
         <size>0x46</size>
         <input_file_ref idref="fl-13a"/>
      </object_component>
      <object_component id="oc-4c">
         <name>.debug_info</name>
         <load_address>0x13ea</load_address>
         <run_address>0x13ea</run_address>
         <size>0xf2</size>
         <input_file_ref idref="fl-13a"/>
      </object_component>
      <object_component id="oc-55">
         <name>.debug_info</name>
         <load_address>0x14dc</load_address>
         <run_address>0x14dc</run_address>
         <size>0x1ef</size>
         <input_file_ref idref="fl-13b"/>
      </object_component>
      <object_component id="oc-5a">
         <name>.debug_info</name>
         <load_address>0x16cb</load_address>
         <run_address>0x16cb</run_address>
         <size>0xb7</size>
         <input_file_ref idref="fl-13b"/>
      </object_component>
      <object_component id="oc-5b">
         <name>.debug_info</name>
         <load_address>0x1782</load_address>
         <run_address>0x1782</run_address>
         <size>0x39</size>
         <input_file_ref idref="fl-13b"/>
      </object_component>
      <object_component id="oc-62">
         <name>.debug_info</name>
         <load_address>0x17bb</load_address>
         <run_address>0x17bb</run_address>
         <size>0x1f6</size>
         <input_file_ref idref="fl-9"/>
      </object_component>
      <object_component id="oc-67">
         <name>.debug_info</name>
         <load_address>0x19b1</load_address>
         <run_address>0x19b1</run_address>
         <size>0x207</size>
         <input_file_ref idref="fl-d"/>
      </object_component>
      <object_component id="oc-6c">
         <name>.debug_info</name>
         <load_address>0x1bb8</load_address>
         <run_address>0x1bb8</run_address>
         <size>0x1f4</size>
         <input_file_ref idref="fl-b"/>
      </object_component>
      <object_component id="oc-71">
         <name>.debug_info</name>
         <load_address>0x1dac</load_address>
         <run_address>0x1dac</run_address>
         <size>0x1a6</size>
         <input_file_ref idref="fl-b"/>
      </object_component>
      <object_component id="oc-76">
         <name>.debug_info</name>
         <load_address>0x1f52</load_address>
         <run_address>0x1f52</run_address>
         <size>0x189</size>
         <input_file_ref idref="fl-e"/>
      </object_component>
      <object_component id="oc-7b">
         <name>.debug_info</name>
         <load_address>0x20db</load_address>
         <run_address>0x20db</run_address>
         <size>0x171</size>
         <input_file_ref idref="fl-e"/>
      </object_component>
      <object_component id="oc-80">
         <name>.debug_info</name>
         <load_address>0x224c</load_address>
         <run_address>0x224c</run_address>
         <size>0x1e1</size>
         <input_file_ref idref="fl-a"/>
      </object_component>
      <object_component id="oc-85">
         <name>.debug_info</name>
         <load_address>0x242d</load_address>
         <run_address>0x242d</run_address>
         <size>0x1eb</size>
         <input_file_ref idref="fl-d"/>
      </object_component>
      <object_component id="oc-8a">
         <name>.debug_info</name>
         <load_address>0x2618</load_address>
         <run_address>0x2618</run_address>
         <size>0x1e4</size>
         <input_file_ref idref="fl-d"/>
      </object_component>
      <object_component id="oc-8f">
         <name>.debug_info</name>
         <load_address>0x27fc</load_address>
         <run_address>0x27fc</run_address>
         <size>0x1dd</size>
         <input_file_ref idref="fl-d"/>
      </object_component>
      <object_component id="oc-94">
         <name>.debug_info</name>
         <load_address>0x29d9</load_address>
         <run_address>0x29d9</run_address>
         <size>0x202</size>
         <input_file_ref idref="fl-a"/>
      </object_component>
      <object_component id="oc-99">
         <name>.debug_info</name>
         <load_address>0x2bdb</load_address>
         <run_address>0x2bdb</run_address>
         <size>0x3c2</size>
         <input_file_ref idref="fl-b"/>
      </object_component>
      <object_component id="oc-9e">
         <name>.debug_info</name>
         <load_address>0x2f9d</load_address>
         <run_address>0x2f9d</run_address>
         <size>0x1a6</size>
         <input_file_ref idref="fl-b"/>
      </object_component>
      <object_component id="oc-a3">
         <name>.debug_info</name>
         <load_address>0x3143</load_address>
         <run_address>0x3143</run_address>
         <size>0x1f0</size>
         <input_file_ref idref="fl-9"/>
      </object_component>
      <object_component id="oc-a8">
         <name>.debug_info</name>
         <load_address>0x3333</load_address>
         <run_address>0x3333</run_address>
         <size>0x21e</size>
         <input_file_ref idref="fl-9"/>
      </object_component>
      <object_component id="oc-ad">
         <name>.debug_info</name>
         <load_address>0x3551</load_address>
         <run_address>0x3551</run_address>
         <size>0x1cc</size>
         <input_file_ref idref="fl-c"/>
      </object_component>
      <object_component id="oc-b2">
         <name>.debug_info</name>
         <load_address>0x371d</load_address>
         <run_address>0x371d</run_address>
         <size>0x1f8</size>
         <input_file_ref idref="fl-9"/>
      </object_component>
      <object_component id="oc-b7">
         <name>.debug_info</name>
         <load_address>0x3915</load_address>
         <run_address>0x3915</run_address>
         <size>0x1a2</size>
         <input_file_ref idref="fl-c"/>
      </object_component>
      <object_component id="oc-bc">
         <name>.debug_info</name>
         <load_address>0x3ab7</load_address>
         <run_address>0x3ab7</run_address>
         <size>0x1e3</size>
         <input_file_ref idref="fl-9"/>
      </object_component>
      <object_component id="oc-c1">
         <name>.debug_info</name>
         <load_address>0x3c9a</load_address>
         <run_address>0x3c9a</run_address>
         <size>0x2d4</size>
         <input_file_ref idref="fl-a"/>
      </object_component>
      <object_component id="oc-c6">
         <name>.debug_info</name>
         <load_address>0x3f6e</load_address>
         <run_address>0x3f6e</run_address>
         <size>0xdb</size>
         <input_file_ref idref="fl-3"/>
      </object_component>
      <object_component id="oc-c8">
         <name>.debug_info</name>
         <load_address>0x4049</load_address>
         <run_address>0x4049</run_address>
         <size>0x18b</size>
         <input_file_ref idref="fl-2"/>
      </object_component>
      <object_component id="oc-cd">
         <name>.debug_info</name>
         <load_address>0x41d4</load_address>
         <run_address>0x41d4</run_address>
         <size>0x84</size>
         <input_file_ref idref="fl-2"/>
      </object_component>
      <object_component id="oc-d5">
         <name>.debug_info</name>
         <load_address>0x4258</load_address>
         <run_address>0x4258</run_address>
         <size>0x14b</size>
         <input_file_ref idref="fl-143"/>
      </object_component>
      <object_component id="oc-db">
         <name>.debug_info</name>
         <load_address>0x43a3</load_address>
         <run_address>0x43a3</run_address>
         <size>0x11b</size>
         <input_file_ref idref="fl-141"/>
      </object_component>
      <object_component id="oc-dd">
         <name>.debug_info</name>
         <load_address>0x44be</load_address>
         <run_address>0x44be</run_address>
         <size>0xc8</size>
         <input_file_ref idref="fl-140"/>
      </object_component>
      <object_component id="oc-df">
         <name>.debug_info</name>
         <load_address>0x4586</load_address>
         <run_address>0x4586</run_address>
         <size>0xeb</size>
         <input_file_ref idref="fl-13d"/>
      </object_component>
      <object_component id="oc-e1">
         <name>.debug_info</name>
         <load_address>0x4671</load_address>
         <run_address>0x4671</run_address>
         <size>0x146</size>
         <input_file_ref idref="fl-13d"/>
      </object_component>
      <object_component id="oc-e5">
         <name>.debug_info</name>
         <load_address>0x47b7</load_address>
         <run_address>0x47b7</run_address>
         <size>0x2c</size>
         <input_file_ref idref="fl-13a"/>
      </object_component>
      <object_component id="oc-ec">
         <name>.debug_info</name>
         <load_address>0x47e3</load_address>
         <run_address>0x47e3</run_address>
         <size>0x2c</size>
         <input_file_ref idref="fl-13c"/>
      </object_component>
      <object_component id="oc-f7">
         <name>.debug_info</name>
         <load_address>0x480f</load_address>
         <run_address>0x480f</run_address>
         <size>0x18b</size>
         <input_file_ref idref="fl-9"/>
      </object_component>
      <object_component id="oc-fc">
         <name>.debug_info</name>
         <load_address>0x499a</load_address>
         <run_address>0x499a</run_address>
         <size>0x1cf</size>
         <input_file_ref idref="fl-9"/>
      </object_component>
      <object_component id="oc-fe">
         <name>.debug_info</name>
         <load_address>0x4b69</load_address>
         <run_address>0x4b69</run_address>
         <size>0x1d7</size>
         <input_file_ref idref="fl-d"/>
      </object_component>
      <object_component id="oc-100">
         <name>.debug_info</name>
         <load_address>0x4d40</load_address>
         <run_address>0x4d40</run_address>
         <size>0x1c3</size>
         <input_file_ref idref="fl-b"/>
      </object_component>
      <object_component id="oc-102">
         <name>.debug_info</name>
         <load_address>0x4f03</load_address>
         <run_address>0x4f03</run_address>
         <size>0x90</size>
         <input_file_ref idref="fl-9"/>
      </object_component>
      <object_component id="oc-10a">
         <name>.debug_info</name>
         <load_address>0x4f93</load_address>
         <run_address>0x4f93</run_address>
         <size>0x226</size>
         <input_file_ref idref="fl-a"/>
      </object_component>
      <object_component id="oc-10c">
         <name>.debug_info</name>
         <load_address>0x51b9</load_address>
         <run_address>0x51b9</run_address>
         <size>0x312</size>
         <input_file_ref idref="fl-d"/>
      </object_component>
      <object_component id="oc-111">
         <name>.debug_info</name>
         <load_address>0x54cb</load_address>
         <run_address>0x54cb</run_address>
         <size>0x217</size>
         <input_file_ref idref="fl-d"/>
      </object_component>
      <object_component id="oc-117">
         <name>.debug_info</name>
         <load_address>0x56e2</load_address>
         <run_address>0x56e2</run_address>
         <size>0x10d</size>
         <input_file_ref idref="fl-d"/>
      </object_component>
      <object_component id="oc-11b">
         <name>.debug_info</name>
         <load_address>0x57ef</load_address>
         <run_address>0x57ef</run_address>
         <size>0xff</size>
         <input_file_ref idref="fl-a"/>
      </object_component>
      <object_component id="oc-122">
         <name>.debug_info</name>
         <load_address>0x58ee</load_address>
         <run_address>0x58ee</run_address>
         <size>0x1c2</size>
         <input_file_ref idref="fl-c"/>
      </object_component>
      <object_component id="oc-124">
         <name>.debug_info</name>
         <load_address>0x5ab0</load_address>
         <run_address>0x5ab0</run_address>
         <size>0x1ba</size>
         <input_file_ref idref="fl-c"/>
      </object_component>
      <object_component id="oc-127">
         <name>.debug_info</name>
         <load_address>0x5c6a</load_address>
         <run_address>0x5c6a</run_address>
         <size>0x176</size>
         <input_file_ref idref="fl-f"/>
      </object_component>
      <object_component id="oc-131">
         <name>.debug_info</name>
         <load_address>0x5de0</load_address>
         <run_address>0x5de0</run_address>
         <size>0x4a3</size>
         <input_file_ref idref="fl-3"/>
      </object_component>
      <object_component id="oc-133">
         <name>.debug_info</name>
         <load_address>0x6283</load_address>
         <run_address>0x6283</run_address>
         <size>0x148</size>
         <input_file_ref idref="fl-143"/>
      </object_component>
      <object_component id="oc-136">
         <name>.debug_info</name>
         <load_address>0x63cb</load_address>
         <run_address>0x63cb</run_address>
         <size>0x5e</size>
         <input_file_ref idref="fl-141"/>
      </object_component>
      <object_component id="oc-13c">
         <name>.debug_info</name>
         <load_address>0x6429</load_address>
         <run_address>0x6429</run_address>
         <size>0x1d4</size>
         <input_file_ref idref="fl-140"/>
      </object_component>
      <object_component id="oc-142">
         <name>.debug_info</name>
         <load_address>0x65fd</load_address>
         <run_address>0x65fd</run_address>
         <size>0xd9</size>
         <input_file_ref idref="fl-140"/>
      </object_component>
      <object_component id="oc-14f">
         <name>.debug_info</name>
         <load_address>0x66d6</load_address>
         <run_address>0x66d6</run_address>
         <size>0x5f</size>
         <input_file_ref idref="fl-a"/>
      </object_component>
      <object_component id="oc-161">
         <name>.debug_info</name>
         <load_address>0x6735</load_address>
         <run_address>0x6735</run_address>
         <size>0x2c</size>
         <input_file_ref idref="fl-3"/>
      </object_component>
      <object_component id="oc-168">
         <name>.debug_info</name>
         <load_address>0x6761</load_address>
         <run_address>0x6761</run_address>
         <size>0xcd</size>
         <input_file_ref idref="fl-143"/>
      </object_component>
      <object_component id="oc-18e">
         <name>.debug_info</name>
         <load_address>0x682e</load_address>
         <run_address>0x682e</run_address>
         <size>0x97</size>
      </object_component>
      <object_component id="oc-12">
         <name>.debug_line</name>
         <load_address>0x0</load_address>
         <run_address>0x0</run_address>
         <size>0x4f</size>
         <input_file_ref idref="fl-139"/>
      </object_component>
      <object_component id="oc-17">
         <name>.debug_line</name>
         <load_address>0x4f</load_address>
         <run_address>0x4f</run_address>
         <size>0x55</size>
         <input_file_ref idref="fl-13a"/>
      </object_component>
      <object_component id="oc-20">
         <name>.debug_line</name>
         <load_address>0xa4</load_address>
         <run_address>0xa4</run_address>
         <size>0x4b</size>
         <input_file_ref idref="fl-13b"/>
      </object_component>
      <object_component id="oc-26">
         <name>.debug_line</name>
         <load_address>0xef</load_address>
         <run_address>0xef</run_address>
         <size>0xa1</size>
         <input_file_ref idref="fl-2"/>
      </object_component>
      <object_component id="oc-2b">
         <name>.debug_line</name>
         <load_address>0x190</load_address>
         <run_address>0x190</run_address>
         <size>0xeb</size>
         <input_file_ref idref="fl-3"/>
      </object_component>
      <object_component id="oc-2f">
         <name>.debug_line</name>
         <load_address>0x27b</load_address>
         <run_address>0x27b</run_address>
         <size>0x41</size>
         <input_file_ref idref="fl-2"/>
      </object_component>
      <object_component id="oc-33">
         <name>.debug_line</name>
         <load_address>0x2bc</load_address>
         <run_address>0x2bc</run_address>
         <size>0x87</size>
         <input_file_ref idref="fl-142"/>
      </object_component>
      <object_component id="oc-37">
         <name>.debug_line</name>
         <load_address>0x343</load_address>
         <run_address>0x343</run_address>
         <size>0x50</size>
         <input_file_ref idref="fl-141"/>
      </object_component>
      <object_component id="oc-3c">
         <name>.debug_line</name>
         <load_address>0x393</load_address>
         <run_address>0x393</run_address>
         <size>0x7a</size>
         <input_file_ref idref="fl-13d"/>
      </object_component>
      <object_component id="oc-44">
         <name>.debug_line</name>
         <load_address>0x40d</load_address>
         <run_address>0x40d</run_address>
         <size>0x88</size>
         <input_file_ref idref="fl-13e"/>
      </object_component>
      <object_component id="oc-49">
         <name>.debug_line</name>
         <load_address>0x495</load_address>
         <run_address>0x495</run_address>
         <size>0x3a</size>
         <input_file_ref idref="fl-13a"/>
      </object_component>
      <object_component id="oc-56">
         <name>.debug_line</name>
         <load_address>0x4cf</load_address>
         <run_address>0x4cf</run_address>
         <size>0x8c</size>
         <input_file_ref idref="fl-13b"/>
      </object_component>
      <object_component id="oc-5d">
         <name>.debug_line</name>
         <load_address>0x55b</load_address>
         <run_address>0x55b</run_address>
         <size>0x39</size>
         <input_file_ref idref="fl-13b"/>
      </object_component>
      <object_component id="oc-63">
         <name>.debug_line</name>
         <load_address>0x594</load_address>
         <run_address>0x594</run_address>
         <size>0x6c</size>
         <input_file_ref idref="fl-9"/>
      </object_component>
      <object_component id="oc-68">
         <name>.debug_line</name>
         <load_address>0x600</load_address>
         <run_address>0x600</run_address>
         <size>0x6b</size>
         <input_file_ref idref="fl-d"/>
      </object_component>
      <object_component id="oc-6d">
         <name>.debug_line</name>
         <load_address>0x66b</load_address>
         <run_address>0x66b</run_address>
         <size>0x6f</size>
         <input_file_ref idref="fl-b"/>
      </object_component>
      <object_component id="oc-72">
         <name>.debug_line</name>
         <load_address>0x6da</load_address>
         <run_address>0x6da</run_address>
         <size>0x6a</size>
         <input_file_ref idref="fl-b"/>
      </object_component>
      <object_component id="oc-77">
         <name>.debug_line</name>
         <load_address>0x744</load_address>
         <run_address>0x744</run_address>
         <size>0x6a</size>
         <input_file_ref idref="fl-e"/>
      </object_component>
      <object_component id="oc-7c">
         <name>.debug_line</name>
         <load_address>0x7ae</load_address>
         <run_address>0x7ae</run_address>
         <size>0x67</size>
         <input_file_ref idref="fl-e"/>
      </object_component>
      <object_component id="oc-81">
         <name>.debug_line</name>
         <load_address>0x815</load_address>
         <run_address>0x815</run_address>
         <size>0x6d</size>
         <input_file_ref idref="fl-a"/>
      </object_component>
      <object_component id="oc-86">
         <name>.debug_line</name>
         <load_address>0x882</load_address>
         <run_address>0x882</run_address>
         <size>0x72</size>
         <input_file_ref idref="fl-d"/>
      </object_component>
      <object_component id="oc-8b">
         <name>.debug_line</name>
         <load_address>0x8f4</load_address>
         <run_address>0x8f4</run_address>
         <size>0x80</size>
         <input_file_ref idref="fl-d"/>
      </object_component>
      <object_component id="oc-90">
         <name>.debug_line</name>
         <load_address>0x974</load_address>
         <run_address>0x974</run_address>
         <size>0x6c</size>
         <input_file_ref idref="fl-d"/>
      </object_component>
      <object_component id="oc-95">
         <name>.debug_line</name>
         <load_address>0x9e0</load_address>
         <run_address>0x9e0</run_address>
         <size>0xc8</size>
         <input_file_ref idref="fl-a"/>
      </object_component>
      <object_component id="oc-9a">
         <name>.debug_line</name>
         <load_address>0xaa8</load_address>
         <run_address>0xaa8</run_address>
         <size>0x7b</size>
         <input_file_ref idref="fl-b"/>
      </object_component>
      <object_component id="oc-9f">
         <name>.debug_line</name>
         <load_address>0xb23</load_address>
         <run_address>0xb23</run_address>
         <size>0x6a</size>
         <input_file_ref idref="fl-b"/>
      </object_component>
      <object_component id="oc-a4">
         <name>.debug_line</name>
         <load_address>0xb8d</load_address>
         <run_address>0xb8d</run_address>
         <size>0x80</size>
         <input_file_ref idref="fl-9"/>
      </object_component>
      <object_component id="oc-a9">
         <name>.debug_line</name>
         <load_address>0xc0d</load_address>
         <run_address>0xc0d</run_address>
         <size>0x75</size>
         <input_file_ref idref="fl-9"/>
      </object_component>
      <object_component id="oc-ae">
         <name>.debug_line</name>
         <load_address>0xc82</load_address>
         <run_address>0xc82</run_address>
         <size>0x99</size>
         <input_file_ref idref="fl-c"/>
      </object_component>
      <object_component id="oc-b3">
         <name>.debug_line</name>
         <load_address>0xd1b</load_address>
         <run_address>0xd1b</run_address>
         <size>0x6c</size>
         <input_file_ref idref="fl-9"/>
      </object_component>
      <object_component id="oc-b8">
         <name>.debug_line</name>
         <load_address>0xd87</load_address>
         <run_address>0xd87</run_address>
         <size>0x70</size>
         <input_file_ref idref="fl-c"/>
      </object_component>
      <object_component id="oc-bd">
         <name>.debug_line</name>
         <load_address>0xdf7</load_address>
         <run_address>0xdf7</run_address>
         <size>0x6c</size>
         <input_file_ref idref="fl-9"/>
      </object_component>
      <object_component id="oc-c2">
         <name>.debug_line</name>
         <load_address>0xe63</load_address>
         <run_address>0xe63</run_address>
         <size>0xd2</size>
         <input_file_ref idref="fl-a"/>
      </object_component>
      <object_component id="oc-ca">
         <name>.debug_line</name>
         <load_address>0xf35</load_address>
         <run_address>0xf35</run_address>
         <size>0x6f</size>
         <input_file_ref idref="fl-2"/>
      </object_component>
      <object_component id="oc-cf">
         <name>.debug_line</name>
         <load_address>0xfa4</load_address>
         <run_address>0xfa4</run_address>
         <size>0x20</size>
         <input_file_ref idref="fl-2"/>
      </object_component>
      <object_component id="oc-d3">
         <name>.debug_line</name>
         <load_address>0xfc4</load_address>
         <run_address>0xfc4</run_address>
         <size>0x41</size>
         <input_file_ref idref="fl-2"/>
      </object_component>
      <object_component id="oc-d6">
         <name>.debug_line</name>
         <load_address>0x1005</load_address>
         <run_address>0x1005</run_address>
         <size>0x6d</size>
         <input_file_ref idref="fl-143"/>
      </object_component>
      <object_component id="oc-e3">
         <name>.debug_line</name>
         <load_address>0x1072</load_address>
         <run_address>0x1072</run_address>
         <size>0x33</size>
         <input_file_ref idref="fl-13f"/>
      </object_component>
      <object_component id="oc-e7">
         <name>.debug_line</name>
         <load_address>0x10a5</load_address>
         <run_address>0x10a5</run_address>
         <size>0x44</size>
         <input_file_ref idref="fl-13a"/>
      </object_component>
      <object_component id="oc-eb">
         <name>.debug_line</name>
         <load_address>0x10e9</load_address>
         <run_address>0x10e9</run_address>
         <size>0x20</size>
         <input_file_ref idref="fl-13a"/>
      </object_component>
      <object_component id="oc-ee">
         <name>.debug_line</name>
         <load_address>0x1109</load_address>
         <run_address>0x1109</run_address>
         <size>0x44</size>
         <input_file_ref idref="fl-13c"/>
      </object_component>
      <object_component id="oc-f5">
         <name>.debug_line</name>
         <load_address>0x114d</load_address>
         <run_address>0x114d</run_address>
         <size>0x20</size>
         <input_file_ref idref="fl-13b"/>
      </object_component>
      <object_component id="oc-f9">
         <name>.debug_line</name>
         <load_address>0x116d</load_address>
         <run_address>0x116d</run_address>
         <size>0x5e</size>
         <input_file_ref idref="fl-9"/>
      </object_component>
      <object_component id="oc-104">
         <name>.debug_line</name>
         <load_address>0x11cb</load_address>
         <run_address>0x11cb</run_address>
         <size>0x20</size>
         <input_file_ref idref="fl-9"/>
      </object_component>
      <object_component id="oc-10d">
         <name>.debug_line</name>
         <load_address>0x11eb</load_address>
         <run_address>0x11eb</run_address>
         <size>0xb0</size>
         <input_file_ref idref="fl-d"/>
      </object_component>
      <object_component id="oc-112">
         <name>.debug_line</name>
         <load_address>0x129b</load_address>
         <run_address>0x129b</run_address>
         <size>0x6e</size>
         <input_file_ref idref="fl-d"/>
      </object_component>
      <object_component id="oc-128">
         <name>.debug_line</name>
         <load_address>0x1309</load_address>
         <run_address>0x1309</run_address>
         <size>0x6a</size>
         <input_file_ref idref="fl-f"/>
      </object_component>
      <object_component id="oc-130">
         <name>.debug_line</name>
         <load_address>0x1373</load_address>
         <run_address>0x1373</run_address>
         <size>0x2d</size>
         <input_file_ref idref="fl-3"/>
      </object_component>
      <object_component id="oc-135">
         <name>.debug_line</name>
         <load_address>0x13a0</load_address>
         <run_address>0x13a0</run_address>
         <size>0x2b</size>
         <input_file_ref idref="fl-141"/>
      </object_component>
      <object_component id="oc-138">
         <name>.debug_line</name>
         <load_address>0x13cb</load_address>
         <run_address>0x13cb</run_address>
         <size>0x2b</size>
         <input_file_ref idref="fl-141"/>
      </object_component>
      <object_component id="oc-13d">
         <name>.debug_line</name>
         <load_address>0x13f6</load_address>
         <run_address>0x13f6</run_address>
         <size>0x66</size>
         <input_file_ref idref="fl-140"/>
      </object_component>
      <object_component id="oc-141">
         <name>.debug_line</name>
         <load_address>0x145c</load_address>
         <run_address>0x145c</run_address>
         <size>0x2b</size>
         <input_file_ref idref="fl-140"/>
      </object_component>
      <object_component id="oc-144">
         <name>.debug_line</name>
         <load_address>0x1487</load_address>
         <run_address>0x1487</run_address>
         <size>0x2a</size>
         <input_file_ref idref="fl-13d"/>
      </object_component>
      <object_component id="oc-146">
         <name>.debug_line</name>
         <load_address>0x14b1</load_address>
         <run_address>0x14b1</run_address>
         <size>0x43</size>
         <input_file_ref idref="fl-13d"/>
      </object_component>
      <object_component id="oc-148">
         <name>.debug_line</name>
         <load_address>0x14f4</load_address>
         <run_address>0x14f4</run_address>
         <size>0x5b</size>
         <input_file_ref idref="fl-9"/>
      </object_component>
      <object_component id="oc-14a">
         <name>.debug_line</name>
         <load_address>0x154f</load_address>
         <run_address>0x154f</run_address>
         <size>0x5b</size>
         <input_file_ref idref="fl-d"/>
      </object_component>
      <object_component id="oc-14c">
         <name>.debug_line</name>
         <load_address>0x15aa</load_address>
         <run_address>0x15aa</run_address>
         <size>0x5b</size>
         <input_file_ref idref="fl-b"/>
      </object_component>
      <object_component id="oc-14e">
         <name>.debug_line</name>
         <load_address>0x1605</load_address>
         <run_address>0x1605</run_address>
         <size>0xc8</size>
         <input_file_ref idref="fl-a"/>
      </object_component>
      <object_component id="oc-151">
         <name>.debug_line</name>
         <load_address>0x16cd</load_address>
         <run_address>0x16cd</run_address>
         <size>0x58</size>
         <input_file_ref idref="fl-a"/>
      </object_component>
      <object_component id="oc-157">
         <name>.debug_line</name>
         <load_address>0x1725</load_address>
         <run_address>0x1725</run_address>
         <size>0x56</size>
         <input_file_ref idref="fl-d"/>
      </object_component>
      <object_component id="oc-159">
         <name>.debug_line</name>
         <load_address>0x177b</load_address>
         <run_address>0x177b</run_address>
         <size>0x58</size>
         <input_file_ref idref="fl-a"/>
      </object_component>
      <object_component id="oc-15b">
         <name>.debug_line</name>
         <load_address>0x17d3</load_address>
         <run_address>0x17d3</run_address>
         <size>0x5b</size>
         <input_file_ref idref="fl-c"/>
      </object_component>
      <object_component id="oc-15d">
         <name>.debug_line</name>
         <load_address>0x182e</load_address>
         <run_address>0x182e</run_address>
         <size>0x55</size>
         <input_file_ref idref="fl-c"/>
      </object_component>
      <object_component id="oc-160">
         <name>.debug_line</name>
         <load_address>0x1883</load_address>
         <run_address>0x1883</run_address>
         <size>0x17c</size>
         <input_file_ref idref="fl-3"/>
      </object_component>
      <object_component id="oc-163">
         <name>.debug_line</name>
         <load_address>0x19ff</load_address>
         <run_address>0x19ff</run_address>
         <size>0x70</size>
         <input_file_ref idref="fl-3"/>
      </object_component>
      <object_component id="oc-167">
         <name>.debug_line</name>
         <load_address>0x1a6f</load_address>
         <run_address>0x1a6f</run_address>
         <size>0x51</size>
         <input_file_ref idref="fl-143"/>
      </object_component>
      <object_component id="oc-16a">
         <name>.debug_line</name>
         <load_address>0x1ac0</load_address>
         <run_address>0x1ac0</run_address>
         <size>0x45</size>
         <input_file_ref idref="fl-143"/>
      </object_component>
      <object_component id="oc-16f">
         <name>.debug_line</name>
         <load_address>0x1b05</load_address>
         <run_address>0x1b05</run_address>
         <size>0x20</size>
         <input_file_ref idref="fl-140"/>
      </object_component>
      <object_component id="oc-13">
         <name>.debug_aranges</name>
         <load_address>0x0</load_address>
         <run_address>0x0</run_address>
         <size>0x20</size>
         <input_file_ref idref="fl-139"/>
      </object_component>
      <object_component id="oc-16">
         <name>.debug_aranges</name>
         <load_address>0x20</load_address>
         <run_address>0x20</run_address>
         <size>0x20</size>
         <input_file_ref idref="fl-13a"/>
      </object_component>
      <object_component id="oc-22">
         <name>.debug_aranges</name>
         <load_address>0x40</load_address>
         <run_address>0x40</run_address>
         <size>0x20</size>
         <input_file_ref idref="fl-13b"/>
      </object_component>
      <object_component id="oc-28">
         <name>.debug_aranges</name>
         <load_address>0x60</load_address>
         <run_address>0x60</run_address>
         <size>0x38</size>
         <input_file_ref idref="fl-2"/>
      </object_component>
      <object_component id="oc-2d">
         <name>.debug_aranges</name>
         <load_address>0x98</load_address>
         <run_address>0x98</run_address>
         <size>0x48</size>
         <input_file_ref idref="fl-3"/>
      </object_component>
      <object_component id="oc-34">
         <name>.debug_aranges</name>
         <load_address>0xe0</load_address>
         <run_address>0xe0</run_address>
         <size>0x28</size>
         <input_file_ref idref="fl-142"/>
      </object_component>
      <object_component id="oc-39">
         <name>.debug_aranges</name>
         <load_address>0x108</load_address>
         <run_address>0x108</run_address>
         <size>0x20</size>
         <input_file_ref idref="fl-141"/>
      </object_component>
      <object_component id="oc-3e">
         <name>.debug_aranges</name>
         <load_address>0x128</load_address>
         <run_address>0x128</run_address>
         <size>0x30</size>
         <input_file_ref idref="fl-13d"/>
      </object_component>
      <object_component id="oc-45">
         <name>.debug_aranges</name>
         <load_address>0x158</load_address>
         <run_address>0x158</run_address>
         <size>0x20</size>
         <input_file_ref idref="fl-13e"/>
      </object_component>
      <object_component id="oc-58">
         <name>.debug_aranges</name>
         <load_address>0x178</load_address>
         <run_address>0x178</run_address>
         <size>0x20</size>
         <input_file_ref idref="fl-13b"/>
      </object_component>
      <object_component id="oc-65">
         <name>.debug_aranges</name>
         <load_address>0x198</load_address>
         <run_address>0x198</run_address>
         <size>0x20</size>
         <input_file_ref idref="fl-9"/>
      </object_component>
      <object_component id="oc-6a">
         <name>.debug_aranges</name>
         <load_address>0x1b8</load_address>
         <run_address>0x1b8</run_address>
         <size>0x20</size>
         <input_file_ref idref="fl-d"/>
      </object_component>
      <object_component id="oc-6f">
         <name>.debug_aranges</name>
         <load_address>0x1d8</load_address>
         <run_address>0x1d8</run_address>
         <size>0x20</size>
         <input_file_ref idref="fl-b"/>
      </object_component>
      <object_component id="oc-74">
         <name>.debug_aranges</name>
         <load_address>0x1f8</load_address>
         <run_address>0x1f8</run_address>
         <size>0x20</size>
         <input_file_ref idref="fl-b"/>
      </object_component>
      <object_component id="oc-79">
         <name>.debug_aranges</name>
         <load_address>0x218</load_address>
         <run_address>0x218</run_address>
         <size>0x20</size>
         <input_file_ref idref="fl-e"/>
      </object_component>
      <object_component id="oc-7e">
         <name>.debug_aranges</name>
         <load_address>0x238</load_address>
         <run_address>0x238</run_address>
         <size>0x20</size>
         <input_file_ref idref="fl-e"/>
      </object_component>
      <object_component id="oc-83">
         <name>.debug_aranges</name>
         <load_address>0x258</load_address>
         <run_address>0x258</run_address>
         <size>0x20</size>
         <input_file_ref idref="fl-a"/>
      </object_component>
      <object_component id="oc-88">
         <name>.debug_aranges</name>
         <load_address>0x278</load_address>
         <run_address>0x278</run_address>
         <size>0x20</size>
         <input_file_ref idref="fl-d"/>
      </object_component>
      <object_component id="oc-8d">
         <name>.debug_aranges</name>
         <load_address>0x298</load_address>
         <run_address>0x298</run_address>
         <size>0x20</size>
         <input_file_ref idref="fl-d"/>
      </object_component>
      <object_component id="oc-92">
         <name>.debug_aranges</name>
         <load_address>0x2b8</load_address>
         <run_address>0x2b8</run_address>
         <size>0x20</size>
         <input_file_ref idref="fl-d"/>
      </object_component>
      <object_component id="oc-97">
         <name>.debug_aranges</name>
         <load_address>0x2d8</load_address>
         <run_address>0x2d8</run_address>
         <size>0x20</size>
         <input_file_ref idref="fl-a"/>
      </object_component>
      <object_component id="oc-9c">
         <name>.debug_aranges</name>
         <load_address>0x2f8</load_address>
         <run_address>0x2f8</run_address>
         <size>0x20</size>
         <input_file_ref idref="fl-b"/>
      </object_component>
      <object_component id="oc-a1">
         <name>.debug_aranges</name>
         <load_address>0x318</load_address>
         <run_address>0x318</run_address>
         <size>0x20</size>
         <input_file_ref idref="fl-b"/>
      </object_component>
      <object_component id="oc-a6">
         <name>.debug_aranges</name>
         <load_address>0x338</load_address>
         <run_address>0x338</run_address>
         <size>0x20</size>
         <input_file_ref idref="fl-9"/>
      </object_component>
      <object_component id="oc-ab">
         <name>.debug_aranges</name>
         <load_address>0x358</load_address>
         <run_address>0x358</run_address>
         <size>0x20</size>
         <input_file_ref idref="fl-9"/>
      </object_component>
      <object_component id="oc-b0">
         <name>.debug_aranges</name>
         <load_address>0x378</load_address>
         <run_address>0x378</run_address>
         <size>0x20</size>
         <input_file_ref idref="fl-c"/>
      </object_component>
      <object_component id="oc-b5">
         <name>.debug_aranges</name>
         <load_address>0x398</load_address>
         <run_address>0x398</run_address>
         <size>0x20</size>
         <input_file_ref idref="fl-9"/>
      </object_component>
      <object_component id="oc-ba">
         <name>.debug_aranges</name>
         <load_address>0x3b8</load_address>
         <run_address>0x3b8</run_address>
         <size>0x20</size>
         <input_file_ref idref="fl-c"/>
      </object_component>
      <object_component id="oc-bf">
         <name>.debug_aranges</name>
         <load_address>0x3d8</load_address>
         <run_address>0x3d8</run_address>
         <size>0x20</size>
         <input_file_ref idref="fl-9"/>
      </object_component>
      <object_component id="oc-c4">
         <name>.debug_aranges</name>
         <load_address>0x3f8</load_address>
         <run_address>0x3f8</run_address>
         <size>0x20</size>
         <input_file_ref idref="fl-a"/>
      </object_component>
      <object_component id="oc-d8">
         <name>.debug_aranges</name>
         <load_address>0x418</load_address>
         <run_address>0x418</run_address>
         <size>0x20</size>
         <input_file_ref idref="fl-143"/>
      </object_component>
      <object_component id="oc-10f">
         <name>.debug_aranges</name>
         <load_address>0x438</load_address>
         <run_address>0x438</run_address>
         <size>0x20</size>
         <input_file_ref idref="fl-d"/>
      </object_component>
      <object_component id="oc-114">
         <name>.debug_aranges</name>
         <load_address>0x458</load_address>
         <run_address>0x458</run_address>
         <size>0x20</size>
         <input_file_ref idref="fl-d"/>
      </object_component>
      <object_component id="oc-12a">
         <name>.debug_aranges</name>
         <load_address>0x478</load_address>
         <run_address>0x478</run_address>
         <size>0x20</size>
         <input_file_ref idref="fl-f"/>
      </object_component>
      <object_component id="oc-13f">
         <name>.debug_aranges</name>
         <load_address>0x498</load_address>
         <run_address>0x498</run_address>
         <size>0x30</size>
         <input_file_ref idref="fl-140"/>
      </object_component>
      <object_component id="oc-15">
         <name>.debug_frame</name>
         <load_address>0x0</load_address>
         <run_address>0x0</run_address>
         <size>0x7f</size>
         <input_file_ref idref="fl-13a"/>
      </object_component>
      <object_component id="oc-21">
         <name>.debug_frame</name>
         <load_address>0x7f</load_address>
         <run_address>0x7f</run_address>
         <size>0x7f</size>
         <input_file_ref idref="fl-13b"/>
      </object_component>
      <object_component id="oc-27">
         <name>.debug_frame</name>
         <load_address>0xfe</load_address>
         <run_address>0xfe</run_address>
         <size>0xb2</size>
         <input_file_ref idref="fl-2"/>
      </object_component>
      <object_component id="oc-2c">
         <name>.debug_frame</name>
         <load_address>0x1b0</load_address>
         <run_address>0x1b0</run_address>
         <size>0x102</size>
         <input_file_ref idref="fl-3"/>
      </object_component>
      <object_component id="oc-38">
         <name>.debug_frame</name>
         <load_address>0x2b2</load_address>
         <run_address>0x2b2</run_address>
         <size>0x7f</size>
         <input_file_ref idref="fl-141"/>
      </object_component>
      <object_component id="oc-3d">
         <name>.debug_frame</name>
         <load_address>0x331</load_address>
         <run_address>0x331</run_address>
         <size>0xb3</size>
         <input_file_ref idref="fl-13d"/>
      </object_component>
      <object_component id="oc-57">
         <name>.debug_frame</name>
         <load_address>0x3e4</load_address>
         <run_address>0x3e4</run_address>
         <size>0x8a</size>
         <input_file_ref idref="fl-13b"/>
      </object_component>
      <object_component id="oc-64">
         <name>.debug_frame</name>
         <load_address>0x46e</load_address>
         <run_address>0x46e</run_address>
         <size>0x7f</size>
         <input_file_ref idref="fl-9"/>
      </object_component>
      <object_component id="oc-69">
         <name>.debug_frame</name>
         <load_address>0x4ed</load_address>
         <run_address>0x4ed</run_address>
         <size>0x7f</size>
         <input_file_ref idref="fl-d"/>
      </object_component>
      <object_component id="oc-6e">
         <name>.debug_frame</name>
         <load_address>0x56c</load_address>
         <run_address>0x56c</run_address>
         <size>0x7f</size>
         <input_file_ref idref="fl-b"/>
      </object_component>
      <object_component id="oc-73">
         <name>.debug_frame</name>
         <load_address>0x5eb</load_address>
         <run_address>0x5eb</run_address>
         <size>0x7f</size>
         <input_file_ref idref="fl-b"/>
      </object_component>
      <object_component id="oc-78">
         <name>.debug_frame</name>
         <load_address>0x66a</load_address>
         <run_address>0x66a</run_address>
         <size>0x7f</size>
         <input_file_ref idref="fl-e"/>
      </object_component>
      <object_component id="oc-7d">
         <name>.debug_frame</name>
         <load_address>0x6e9</load_address>
         <run_address>0x6e9</run_address>
         <size>0x7f</size>
         <input_file_ref idref="fl-e"/>
      </object_component>
      <object_component id="oc-82">
         <name>.debug_frame</name>
         <load_address>0x768</load_address>
         <run_address>0x768</run_address>
         <size>0x7f</size>
         <input_file_ref idref="fl-a"/>
      </object_component>
      <object_component id="oc-87">
         <name>.debug_frame</name>
         <load_address>0x7e7</load_address>
         <run_address>0x7e7</run_address>
         <size>0x8b</size>
         <input_file_ref idref="fl-d"/>
      </object_component>
      <object_component id="oc-8c">
         <name>.debug_frame</name>
         <load_address>0x872</load_address>
         <run_address>0x872</run_address>
         <size>0x87</size>
         <input_file_ref idref="fl-d"/>
      </object_component>
      <object_component id="oc-91">
         <name>.debug_frame</name>
         <load_address>0x8f9</load_address>
         <run_address>0x8f9</run_address>
         <size>0x87</size>
         <input_file_ref idref="fl-d"/>
      </object_component>
      <object_component id="oc-96">
         <name>.debug_frame</name>
         <load_address>0x980</load_address>
         <run_address>0x980</run_address>
         <size>0x8c</size>
         <input_file_ref idref="fl-a"/>
      </object_component>
      <object_component id="oc-9b">
         <name>.debug_frame</name>
         <load_address>0xa0c</load_address>
         <run_address>0xa0c</run_address>
         <size>0x87</size>
         <input_file_ref idref="fl-b"/>
      </object_component>
      <object_component id="oc-a0">
         <name>.debug_frame</name>
         <load_address>0xa93</load_address>
         <run_address>0xa93</run_address>
         <size>0x7f</size>
         <input_file_ref idref="fl-b"/>
      </object_component>
      <object_component id="oc-a5">
         <name>.debug_frame</name>
         <load_address>0xb12</load_address>
         <run_address>0xb12</run_address>
         <size>0x7f</size>
         <input_file_ref idref="fl-9"/>
      </object_component>
      <object_component id="oc-aa">
         <name>.debug_frame</name>
         <load_address>0xb91</load_address>
         <run_address>0xb91</run_address>
         <size>0x7f</size>
         <input_file_ref idref="fl-9"/>
      </object_component>
      <object_component id="oc-af">
         <name>.debug_frame</name>
         <load_address>0xc10</load_address>
         <run_address>0xc10</run_address>
         <size>0x7f</size>
         <input_file_ref idref="fl-c"/>
      </object_component>
      <object_component id="oc-b4">
         <name>.debug_frame</name>
         <load_address>0xc8f</load_address>
         <run_address>0xc8f</run_address>
         <size>0x7f</size>
         <input_file_ref idref="fl-9"/>
      </object_component>
      <object_component id="oc-b9">
         <name>.debug_frame</name>
         <load_address>0xd0e</load_address>
         <run_address>0xd0e</run_address>
         <size>0x87</size>
         <input_file_ref idref="fl-c"/>
      </object_component>
      <object_component id="oc-be">
         <name>.debug_frame</name>
         <load_address>0xd95</load_address>
         <run_address>0xd95</run_address>
         <size>0x7f</size>
         <input_file_ref idref="fl-9"/>
      </object_component>
      <object_component id="oc-c3">
         <name>.debug_frame</name>
         <load_address>0xe14</load_address>
         <run_address>0xe14</run_address>
         <size>0x90</size>
         <input_file_ref idref="fl-a"/>
      </object_component>
      <object_component id="oc-d7">
         <name>.debug_frame</name>
         <load_address>0xea4</load_address>
         <run_address>0xea4</run_address>
         <size>0x8a</size>
         <input_file_ref idref="fl-143"/>
      </object_component>
      <object_component id="oc-10e">
         <name>.debug_frame</name>
         <load_address>0xf2e</load_address>
         <run_address>0xf2e</run_address>
         <size>0x90</size>
         <input_file_ref idref="fl-d"/>
      </object_component>
      <object_component id="oc-113">
         <name>.debug_frame</name>
         <load_address>0xfbe</load_address>
         <run_address>0xfbe</run_address>
         <size>0x7f</size>
         <input_file_ref idref="fl-d"/>
      </object_component>
      <object_component id="oc-129">
         <name>.debug_frame</name>
         <load_address>0x103d</load_address>
         <run_address>0x103d</run_address>
         <size>0x7f</size>
         <input_file_ref idref="fl-f"/>
      </object_component>
      <object_component id="oc-13e">
         <name>.debug_frame</name>
         <load_address>0x10bc</load_address>
         <run_address>0x10bc</run_address>
         <size>0xa1</size>
         <input_file_ref idref="fl-140"/>
      </object_component>
      <object_component id="oc-2e">
         <name>.debug_abbrev</name>
         <load_address>0x0</load_address>
         <run_address>0x0</run_address>
         <size>0x29</size>
         <input_file_ref idref="fl-2"/>
      </object_component>
      <object_component id="oc-41">
         <name>.debug_abbrev</name>
         <load_address>0x29</load_address>
         <run_address>0x29</run_address>
         <size>0x3d</size>
         <input_file_ref idref="fl-139"/>
      </object_component>
      <object_component id="oc-46">
         <name>.debug_abbrev</name>
         <load_address>0x66</load_address>
         <run_address>0x66</run_address>
         <size>0x74</size>
         <input_file_ref idref="fl-13a"/>
      </object_component>
      <object_component id="oc-48">
         <name>.debug_abbrev</name>
         <load_address>0xda</load_address>
         <run_address>0xda</run_address>
         <size>0x24</size>
         <input_file_ref idref="fl-13a"/>
      </object_component>
      <object_component id="oc-59">
         <name>.debug_abbrev</name>
         <load_address>0xfe</load_address>
         <run_address>0xfe</run_address>
         <size>0x74</size>
         <input_file_ref idref="fl-13b"/>
      </object_component>
      <object_component id="oc-5c">
         <name>.debug_abbrev</name>
         <load_address>0x172</load_address>
         <run_address>0x172</run_address>
         <size>0x24</size>
         <input_file_ref idref="fl-13b"/>
      </object_component>
      <object_component id="oc-60">
         <name>.debug_abbrev</name>
         <load_address>0x196</load_address>
         <run_address>0x196</run_address>
         <size>0x79</size>
         <input_file_ref idref="fl-2"/>
      </object_component>
      <object_component id="oc-c7">
         <name>.debug_abbrev</name>
         <load_address>0x20f</load_address>
         <run_address>0x20f</run_address>
         <size>0x9b</size>
         <input_file_ref idref="fl-3"/>
      </object_component>
      <object_component id="oc-c9">
         <name>.debug_abbrev</name>
         <load_address>0x2aa</load_address>
         <run_address>0x2aa</run_address>
         <size>0x35</size>
         <input_file_ref idref="fl-2"/>
      </object_component>
      <object_component id="oc-ce">
         <name>.debug_abbrev</name>
         <load_address>0x2df</load_address>
         <run_address>0x2df</run_address>
         <size>0x1f</size>
         <input_file_ref idref="fl-2"/>
      </object_component>
      <object_component id="oc-d2">
         <name>.debug_abbrev</name>
         <load_address>0x2fe</load_address>
         <run_address>0x2fe</run_address>
         <size>0x68</size>
         <input_file_ref idref="fl-2"/>
      </object_component>
      <object_component id="oc-d9">
         <name>.debug_abbrev</name>
         <load_address>0x366</load_address>
         <run_address>0x366</run_address>
         <size>0x80</size>
         <input_file_ref idref="fl-142"/>
      </object_component>
      <object_component id="oc-da">
         <name>.debug_abbrev</name>
         <load_address>0x3e6</load_address>
         <run_address>0x3e6</run_address>
         <size>0x68</size>
         <input_file_ref idref="fl-141"/>
      </object_component>
      <object_component id="oc-e0">
         <name>.debug_abbrev</name>
         <load_address>0x44e</load_address>
         <run_address>0x44e</run_address>
         <size>0xba</size>
         <input_file_ref idref="fl-13d"/>
      </object_component>
      <object_component id="oc-e2">
         <name>.debug_abbrev</name>
         <load_address>0x508</load_address>
         <run_address>0x508</run_address>
         <size>0x27</size>
         <input_file_ref idref="fl-13f"/>
      </object_component>
      <object_component id="oc-e4">
         <name>.debug_abbrev</name>
         <load_address>0x52f</load_address>
         <run_address>0x52f</run_address>
         <size>0x3d</size>
         <input_file_ref idref="fl-13e"/>
      </object_component>
      <object_component id="oc-e6">
         <name>.debug_abbrev</name>
         <load_address>0x56c</load_address>
         <run_address>0x56c</run_address>
         <size>0x24</size>
         <input_file_ref idref="fl-13a"/>
      </object_component>
      <object_component id="oc-ea">
         <name>.debug_abbrev</name>
         <load_address>0x590</load_address>
         <run_address>0x590</run_address>
         <size>0x4c</size>
         <input_file_ref idref="fl-13a"/>
      </object_component>
      <object_component id="oc-ed">
         <name>.debug_abbrev</name>
         <load_address>0x5dc</load_address>
         <run_address>0x5dc</run_address>
         <size>0x24</size>
         <input_file_ref idref="fl-13c"/>
      </object_component>
      <object_component id="oc-f3">
         <name>.debug_abbrev</name>
         <load_address>0x600</load_address>
         <run_address>0x600</run_address>
         <size>0x6d</size>
         <input_file_ref idref="fl-13b"/>
      </object_component>
      <object_component id="oc-f4">
         <name>.debug_abbrev</name>
         <load_address>0x66d</load_address>
         <run_address>0x66d</run_address>
         <size>0x2c</size>
         <input_file_ref idref="fl-13b"/>
      </object_component>
      <object_component id="oc-f6">
         <name>.debug_abbrev</name>
         <load_address>0x699</load_address>
         <run_address>0x699</run_address>
         <size>0x6c</size>
         <input_file_ref idref="fl-9"/>
      </object_component>
      <object_component id="oc-f8">
         <name>.debug_abbrev</name>
         <load_address>0x705</load_address>
         <run_address>0x705</run_address>
         <size>0x35</size>
         <input_file_ref idref="fl-9"/>
      </object_component>
      <object_component id="oc-fd">
         <name>.debug_abbrev</name>
         <load_address>0x73a</load_address>
         <run_address>0x73a</run_address>
         <size>0x6c</size>
         <input_file_ref idref="fl-d"/>
      </object_component>
      <object_component id="oc-ff">
         <name>.debug_abbrev</name>
         <load_address>0x7a6</load_address>
         <run_address>0x7a6</run_address>
         <size>0x6e</size>
         <input_file_ref idref="fl-b"/>
      </object_component>
      <object_component id="oc-101">
         <name>.debug_abbrev</name>
         <load_address>0x814</load_address>
         <run_address>0x814</run_address>
         <size>0x6e</size>
         <input_file_ref idref="fl-b"/>
      </object_component>
      <object_component id="oc-103">
         <name>.debug_abbrev</name>
         <load_address>0x882</load_address>
         <run_address>0x882</run_address>
         <size>0x23</size>
         <input_file_ref idref="fl-9"/>
      </object_component>
      <object_component id="oc-107">
         <name>.debug_abbrev</name>
         <load_address>0x8a5</load_address>
         <run_address>0x8a5</run_address>
         <size>0x50</size>
         <input_file_ref idref="fl-e"/>
      </object_component>
      <object_component id="oc-108">
         <name>.debug_abbrev</name>
         <load_address>0x8f5</load_address>
         <run_address>0x8f5</run_address>
         <size>0x50</size>
         <input_file_ref idref="fl-e"/>
      </object_component>
      <object_component id="oc-109">
         <name>.debug_abbrev</name>
         <load_address>0x945</load_address>
         <run_address>0x945</run_address>
         <size>0x6c</size>
         <input_file_ref idref="fl-a"/>
      </object_component>
      <object_component id="oc-115">
         <name>.debug_abbrev</name>
         <load_address>0x9b1</load_address>
         <run_address>0x9b1</run_address>
         <size>0x6c</size>
         <input_file_ref idref="fl-d"/>
      </object_component>
      <object_component id="oc-118">
         <name>.debug_abbrev</name>
         <load_address>0xa1d</load_address>
         <run_address>0xa1d</run_address>
         <size>0x6c</size>
         <input_file_ref idref="fl-d"/>
      </object_component>
      <object_component id="oc-119">
         <name>.debug_abbrev</name>
         <load_address>0xa89</load_address>
         <run_address>0xa89</run_address>
         <size>0x6c</size>
         <input_file_ref idref="fl-d"/>
      </object_component>
      <object_component id="oc-11c">
         <name>.debug_abbrev</name>
         <load_address>0xaf5</load_address>
         <run_address>0xaf5</run_address>
         <size>0x60</size>
         <input_file_ref idref="fl-a"/>
      </object_component>
      <object_component id="oc-11d">
         <name>.debug_abbrev</name>
         <load_address>0xb55</load_address>
         <run_address>0xb55</run_address>
         <size>0x8b</size>
         <input_file_ref idref="fl-b"/>
      </object_component>
      <object_component id="oc-11e">
         <name>.debug_abbrev</name>
         <load_address>0xbe0</load_address>
         <run_address>0xbe0</run_address>
         <size>0x6c</size>
         <input_file_ref idref="fl-b"/>
      </object_component>
      <object_component id="oc-11f">
         <name>.debug_abbrev</name>
         <load_address>0xc4c</load_address>
         <run_address>0xc4c</run_address>
         <size>0x6c</size>
         <input_file_ref idref="fl-9"/>
      </object_component>
      <object_component id="oc-120">
         <name>.debug_abbrev</name>
         <load_address>0xcb8</load_address>
         <run_address>0xcb8</run_address>
         <size>0x6c</size>
         <input_file_ref idref="fl-9"/>
      </object_component>
      <object_component id="oc-123">
         <name>.debug_abbrev</name>
         <load_address>0xd24</load_address>
         <run_address>0xd24</run_address>
         <size>0x6c</size>
         <input_file_ref idref="fl-c"/>
      </object_component>
      <object_component id="oc-125">
         <name>.debug_abbrev</name>
         <load_address>0xd90</load_address>
         <run_address>0xd90</run_address>
         <size>0x6c</size>
         <input_file_ref idref="fl-9"/>
      </object_component>
      <object_component id="oc-12b">
         <name>.debug_abbrev</name>
         <load_address>0xdfc</load_address>
         <run_address>0xdfc</run_address>
         <size>0x60</size>
         <input_file_ref idref="fl-c"/>
      </object_component>
      <object_component id="oc-12c">
         <name>.debug_abbrev</name>
         <load_address>0xe5c</load_address>
         <run_address>0xe5c</run_address>
         <size>0x6c</size>
         <input_file_ref idref="fl-9"/>
      </object_component>
      <object_component id="oc-12e">
         <name>.debug_abbrev</name>
         <load_address>0xec8</load_address>
         <run_address>0xec8</run_address>
         <size>0x99</size>
         <input_file_ref idref="fl-a"/>
      </object_component>
      <object_component id="oc-12f">
         <name>.debug_abbrev</name>
         <load_address>0xf61</load_address>
         <run_address>0xf61</run_address>
         <size>0x29</size>
         <input_file_ref idref="fl-3"/>
[...]
            <object_component_ref idref="oc-d7"/>
            <object_component_ref idref="oc-10e"/>
            <object_component_ref idref="oc-113"/>
            <object_component_ref idref="oc-129"/>
            <object_component_ref idref="oc-13e"/>
         </contents>
      </logical_group>
      <logical_group id="lg-184" display="never" color="cyan">
         <name>.debug_abbrev</name>
         <load_address>0x0</load_address>
         <run_address>0x0</run_address>
         <size>0x18b0</size>
         <contents>
            <object_component_ref idref="oc-2e"/>
            <object_component_ref idref="oc-41"/>
            <object_component_ref idref="oc-46"/>
            <object_component_ref idref="oc-48"/>
            <object_component_ref idref="oc-59"/>
            <object_component_ref idref="oc-5c"/>
            <object_component_ref idref="oc-60"/>
            <object_component_ref idref="oc-c7"/>
            <object_component_ref idref="oc-c9"/>
            <object_component_ref idref="oc-ce"/>
            <object_component_ref idref="oc-d2"/>
            <object_component_ref idref="oc-d9"/>
            <object_component_ref idref="oc-da"/>
            <object_component_ref idref="oc-e0"/>
            <object_component_ref idref="oc-e2"/>
            <object_component_ref idref="oc-e4"/>
            <object_component_ref idref="oc-e6"/>
            <object_component_ref idref="oc-ea"/>
            <object_component_ref idref="oc-ed"/>
            <object_component_ref idref="oc-f3"/>
            <object_component_ref idref="oc-f4"/>
            <object_component_ref idref="oc-f6"/>
            <object_component_ref idref="oc-f8"/>
            <object_component_ref idref="oc-fd"/>
            <object_component_ref idref="oc-ff"/>
            <object_component_ref idref="oc-101"/>
            <object_component_ref idref="oc-103"/>
            <object_component_ref idref="oc-107"/>
            <object_component_ref idref="oc-108"/>
            <object_component_ref idref="oc-109"/>
            <object_component_ref idref="oc-115"/>
            <object_component_ref idref="oc-118"/>
            <object_component_ref idref="oc-119"/>
            <object_component_ref idref="oc-11c"/>
            <object_component_ref idref="oc-11d"/>
            <object_component_ref idref="oc-11e"/>
            <object_component_ref idref="oc-11f"/>
            <object_component_ref idref="oc-120"/>
            <object_component_ref idref="oc-123"/>
            <object_component_ref idref="oc-125"/>
            <object_component_ref idref="oc-12b"/>
            <object_component_ref idref="oc-12c"/>
            <object_component_ref idref="oc-12e"/>
            <object_component_ref idref="oc-12f"/>
            <object_component_ref idref="oc-132"/>
            <object_component_ref idref="oc-134"/>
            <object_component_ref idref="oc-137"/>
            <object_component_ref idref="oc-140"/>
            <object_component_ref idref="oc-143"/>
            <object_component_ref idref="oc-145"/>
            <object_component_ref idref="oc-147"/>
            <object_component_ref idref="oc-149"/>
            <object_component_ref idref="oc-14b"/>
            <object_component_ref idref="oc-14d"/>
            <object_component_ref idref="oc-150"/>
            <object_component_ref idref="oc-154"/>
            <object_component_ref idref="oc-155"/>
            <object_component_ref idref="oc-156"/>
            <object_component_ref idref="oc-158"/>
            <object_component_ref idref="oc-15a"/>
            <object_component_ref idref="oc-15c"/>
            <object_component_ref idref="oc-15e"/>
            <object_component_ref idref="oc-15f"/>
            <object_component_ref idref="oc-162"/>
            <object_component_ref idref="oc-166"/>
            <object_component_ref idref="oc-169"/>
            <object_component_ref idref="oc-16d"/>
            <object_component_ref idref="oc-16e"/>
            <object_component_ref idref="oc-18f"/>
         </contents>
      </logical_group>
      <logical_group id="lg-186" display="never" color="cyan">
         <name>.debug_str</name>
         <load_address>0x0</load_address>
         <run_address>0x0</run_address>
         <size>0xc21</size>
         <contents>
            <object_component_ref idref="oc-4a"/>
            <object_component_ref idref="oc-5e"/>
            <object_component_ref idref="oc-cb"/>
            <object_component_ref idref="oc-d0"/>
            <object_component_ref idref="oc-e8"/>
            <object_component_ref idref="oc-ef"/>
            <object_component_ref idref="oc-fa"/>
            <object_component_ref idref="oc-105"/>
            <object_component_ref idref="oc-139"/>
            <object_component_ref idref="oc-152"/>
            <object_component_ref idref="oc-164"/>
            <object_component_ref idref="oc-16b"/>
         </contents>
      </logical_group>
      <logical_group id="lg-188" display="never" color="cyan">
         <name>.debug_pubtypes</name>
         <load_address>0x0</load_address>
         <run_address>0x0</run_address>
         <size>0x6e0</size>
         <contents>
            <object_component_ref idref="oc-4b"/>
            <object_component_ref idref="oc-5f"/>
            <object_component_ref idref="oc-cc"/>
            <object_component_ref idref="oc-d1"/>
            <object_component_ref idref="oc-e9"/>
            <object_component_ref idref="oc-f0"/>
            <object_component_ref idref="oc-fb"/>
            <object_component_ref idref="oc-106"/>
            <object_component_ref idref="oc-13a"/>
            <object_component_ref idref="oc-153"/>
            <object_component_ref idref="oc-165"/>
            <object_component_ref idref="oc-16c"/>
         </contents>
      </logical_group>
      <load_segment id="lg-194" display="no" color="cyan">
         <name>SEGMENT_0</name>
         <load_address>0x0</load_address>
         <run_address>0x0</run_address>
         <size>0xd6c</size>
         <flags>0x5</flags>
         <contents>
            <logical_group_ref idref="lg-3"/>
            <logical_group_ref idref="lg-4"/>
            <logical_group_ref idref="lg-5"/>
            <logical_group_ref idref="lg-6"/>
         </contents>
      </load_segment>
      <load_segment id="lg-195" display="no" color="cyan">
         <name>SEGMENT_1</name>
         <run_address>0x20000000</run_address>
         <size>0xdf</size>
         <flags>0x6</flags>
         <contents>
            <logical_group_ref idref="lg-d"/>
            <logical_group_ref idref="lg-a"/>
         </contents>
      </load_segment>
   </logical_group_list>
   <placement_map>
      <memory_area display="yes" color="green">
         <name>FLASH</name>
         <page_id>0x0</page_id>
         <origin>0x0</origin>
         <length>0x20000</length>
         <used_space>0xd68</used_space>
         <unused_space>0x1f298</unused_space>
         <attributes>RX</attributes>
         <usage_details>
            <allocated_space>
               <start_address>0x0</start_address>
               <size>0x26c</size>
               <logical_group_ref idref="lg-3"/>
            </allocated_space>
            <allocated_space>
               <start_address>0x26c</start_address>
               <size>0x96c</size>
               <logical_group_ref idref="lg-4"/>
            </allocated_space>
            <allocated_space>
               <start_address>0xbd8</start_address>
               <size>0x16c</size>
               <logical_group_ref idref="lg-5"/>
            </allocated_space>
            <available_space>
               <start_address>0xd44</start_address>
               <size>0x4</size>
            </available_space>
            <allocated_space>
               <start_address>0xd48</start_address>
               <size>0x24</size>
               <logical_group_ref idref="lg-6"/>
            </allocated_space>
            <available_space>
               <start_address>0xd6c</start_address>
               <size>0x1f294</size>
            </available_space>
         </usage_details>
      </memory_area>
      <memory_area display="yes" color="green">
         <name>SRAM</name>
         <page_id>0x0</page_id>
         <origin>0x20000000</origin>
         <length>0x8000</length>
         <used_space>0xdf</used_space>
         <unused_space>0x7f21</unused_space>
         <attributes>RWX</attributes>
         <usage_details>
            <allocated_space>
               <start_address>0x20000000</start_address>
               <size>0xc8</size>
               <logical_group_ref idref="lg-d"/>
            </allocated_space>
            <allocated_space>
               <start_address>0x200000c8</start_address>
               <size>0x17</size>
               <logical_group_ref idref="lg-a"/>
            </allocated_space>
            <available_space>
               <start_address>0x200000df</start_address>
               <size>0x7f21</size>
            </available_space>
         </usage_details>
      </memory_area>
   </placement_map>
   <cptbl_list>
      <cptbl>
         <name>__TI_cinit_table</name>
         <cprec>
            <name>.data</name>
            <load_address>0xd48</load_address>
            <load_size>0x12</load_size>
            <run_address>0x200000c8</run_address>
            <run_size>0x17</run_size>
            <compression>rle</compression>
         </cprec>
      </cptbl>
   </cptbl_list>
   <handler_table>
      <handler_table_name>__TI_handler_table</handler_table_name>
      <handler>
         <index>0x0</index>
         <name>__TI_decompress_rle24</name>
      </handler>
      <handler>
         <index>0x1</index>
         <name>__TI_decompress_none</name>
      </handler>
   </handler_table>
   <symbol_table>
      <symbol id="sm-1">
         <name>__STACK_TOP</name>
         <value>0x20000200</value>
      </symbol>
      <symbol id="sm-2">
         <name>__TI_CINIT_Base</name>
         <value>0xd64</value>
      </symbol>
      <symbol id="sm-3">
         <name>__TI_CINIT_Limit</name>
         <value>0xd6c</value>
      </symbol>
      <symbol id="sm-4">
         <name>__TI_Handler_Table_Base</name>
         <value>0xd5c</value>
      </symbol>
      <symbol id="sm-5">
         <name>__TI_Handler_Table_Limit</name>
         <value>0xd64</value>
      </symbol>
      <symbol id="sm-6">
         <name>binit</name>
         <value>0xffffffff</value>
      </symbol>
      <symbol id="sm-7">
         <name>__binit__</name>
         <value>0xffffffff</value>
      </symbol>
      <symbol id="sm-8">
         <name>__STACK_SIZE</name>
         <value>0xc8</value>
      </symbol>
      <symbol id="sm-9">
         <name>__STACK_END</name>
         <value>0x200000c8</value>
      </symbol>
      <symbol id="sm-a">
         <name>__c_args__</name>
         <value>0xffffffff</value>
      </symbol>
      <symbol id="sm-40">
         <name>ResetISR</name>
         <value>0xb93</value>
         <object_component_ref idref="oc-24"/>
      </symbol>
      <symbol id="sm-41">
         <name>g_pfnVectors</name>
         <value>0x0</value>
         <object_component_ref idref="oc-e"/>
      </symbol>
      <symbol id="sm-6a">
         <name>InitializeGPIO</name>
         <value>0x2c5</value>
         <object_component_ref idref="oc-29"/>
      </symbol>
      <symbol id="sm-6b">
         <name>InitializeSPI</name>
         <value>0x2e1</value>
         <object_component_ref idref="oc-29"/>
      </symbol>
      <symbol id="sm-6c">
         <name>main</name>
         <value>0x38f</value>
         <object_component_ref idref="oc-29"/>
      </symbol>
      <symbol id="sm-6d">
         <name>InitializeFPU</name>
         <value>0x2b9</value>
         <object_component_ref idref="oc-29"/>
      </symbol>
      <symbol id="sm-6e">
         <name>ui16SSITransmitBuffer</name>
         <value>0x200000dc</value>
         <object_component_ref idref="oc-c5"/>
      </symbol>
      <symbol id="sm-6f">
         <name>InitializeTimer</name>
         <value>0x349</value>
         <object_component_ref idref="oc-29"/>
      </symbol>
      <symbol id="sm-70">
         <name>Timer0IntHandler</name>
         <value>0x26d</value>
         <object_component_ref idref="oc-29"/>
      </symbol>
      <symbol id="sm-a9">
         <name>TimerLoadSet</name>
         <value>0xb2b</value>
         <object_component_ref idref="oc-a7"/>
      </symbol>
      <symbol id="sm-aa">
         <name>TimerEnable</name>
         <value>0xb6b</value>
         <object_component_ref idref="oc-bb"/>
      </symbol>
      <symbol id="sm-ab">
         <name>TimerIntEnable</name>
         <value>0xbbb</value>
         <object_component_ref idref="oc-b1"/>
      </symbol>
      <symbol id="sm-ac">
         <name>TimerConfigure</name>
         <value>0x8bd</value>
         <object_component_ref idref="oc-a2"/>
      </symbol>
      <symbol id="sm-ad">
         <name>TimerIntClear</name>
         <value>0xbd5</value>
         <object_component_ref idref="oc-61"/>
      </symbol>
      <symbol id="sm-f9">
         <name>SysCtlClockSet</name>
         <value>0x501</value>
         <object_component_ref idref="oc-c0"/>
      </symbol>
      <symbol id="sm-fa">
         <name>SysCtlDelay</name>
         <value>0xbc9</value>
         <object_component_ref idref="oc-12d"/>
      </symbol>
      <symbol id="sm-fb">
         <name>SysCtlPeripheralEnable</name>
         <value>0xa75</value>
         <object_component_ref idref="oc-7f"/>
      </symbol>
      <symbol id="sm-fc">
         <name>SysCtlClockGet</name>
         <value>0x605</value>
         <object_component_ref idref="oc-93"/>
      </symbol>
      <symbol id="sm-121">
         <name>SSIDataPutNonBlocking</name>
         <value>0xb5d</value>
         <object_component_ref idref="oc-6b"/>
      </symbol>
      <symbol id="sm-122">
         <name>SSIConfigSetExpClk</name>
         <value>0xa31</value>
         <object_component_ref idref="oc-98"/>
      </symbol>
      <symbol id="sm-123">
         <name>SSIEnable</name>
         <value>0xba9</value>
         <object_component_ref idref="oc-9d"/>
      </symbol>
      <symbol id="sm-124">
         <name>SSIBusy</name>
         <value>0xbb3</value>
         <object_component_ref idref="oc-70"/>
      </symbol>
      <symbol id="sm-14f">
         <name>IntEnable</name>
         <value>0x7fd</value>
         <object_component_ref idref="oc-ac"/>
      </symbol>
      <symbol id="sm-150">
         <name>IntMasterEnable</name>
         <value>0xb9f</value>
         <object_component_ref idref="oc-b6"/>
      </symbol>
      <symbol id="sm-191">
         <name>GPIOPinConfigure</name>
         <value>0x919</value>
         <object_component_ref idref="oc-89"/>
      </symbol>
      <symbol id="sm-192">
         <name>GPIOPinTypeGPIOOutput</name>
         <value>0xad3</value>
         <object_component_ref idref="oc-84"/>
      </symbol>
      <symbol id="sm-193">
         <name>GPIODirModeSet</name>
         <value>0xaa9</value>
         <object_component_ref idref="oc-110"/>
      </symbol>
      <symbol id="sm-194">
         <name>GPIOPinWrite</name>
         <value>0xbc3</value>
         <object_component_ref idref="oc-66"/>
      </symbol>
      <symbol id="sm-195">
         <name>GPIOPadConfigSet</name>
         <value>0x3d1</value>
         <object_component_ref idref="oc-10b"/>
      </symbol>
      <symbol id="sm-196">
         <name>GPIOPinTypeSSI</name>
         <value>0xb19</value>
         <object_component_ref idref="oc-8e"/>
      </symbol>
      <symbol id="sm-1aa">
         <name>FPULazyStackingEnable</name>
         <value>0xb4d</value>
         <object_component_ref idref="oc-75"/>
      </symbol>
      <symbol id="sm-1ab">
         <name>FPUEnable</name>
         <value>0xb3d</value>
         <object_component_ref idref="oc-7a"/>
      </symbol>
      <symbol id="sm-1b4">
         <name>CPUcpsie</name>
         <value>0xb87</value>
         <object_component_ref idref="oc-126"/>
      </symbol>
      <symbol id="sm-1c3">
         <name>_c_int00</name>
         <value>0x961</value>
         <object_component_ref idref="oc-10"/>
      </symbol>
      <symbol id="sm-1c4">
         <name>__stack</name>
         <value>0x20000000</value>
         <object_component_ref idref="oc-23"/>
      </symbol>
      <symbol id="sm-1da">
         <name>__TI_decompress_none</name>
         <value>0xb79</value>
         <object_component_ref idref="oc-14"/>
      </symbol>
      <symbol id="sm-1fc">
         <name>__TI_decompress_rle24</name>
         <value>0xbcf</value>
         <object_component_ref idref="oc-1e"/>
      </symbol>
      <symbol id="sm-21e">
         <name>C$$EXIT</name>
         <value>0x9ed</value>
         <object_component_ref idref="oc-3a"/>
      </symbol>
      <symbol id="sm-21f">
         <name>abort</name>
         <value>0x9f1</value>
         <object_component_ref idref="oc-3a"/>
      </symbol>
      <symbol id="sm-220">
         <name>exit</name>
         <value>0x9f9</value>
         <object_component_ref idref="oc-3a"/>
      </symbol>
      <symbol id="sm-221">
         <name>__TI_dtors_ptr</name>
         <value>0x200000d4</value>
         <object_component_ref idref="oc-de"/>
      </symbol>
      <symbol id="sm-222">
         <name>__TI_cleanup_ptr</name>
         <value>0x200000d0</value>
         <object_component_ref idref="oc-de"/>
      </symbol>
      <symbol id="sm-23c">
         <name>memcpy</name>
         <value>0x6cd</value>
         <object_component_ref idref="oc-42"/>
      </symbol>
      <symbol id="sm-23d">
         <name>__aeabi_memcpy</name>
         <value>0x6cd</value>
         <object_component_ref idref="oc-42"/>
      </symbol>
      <symbol id="sm-23e">
         <name>__aeabi_memcpy8</name>
         <value>0x6cd</value>
         <object_component_ref idref="oc-42"/>
      </symbol>
      <symbol id="sm-23f">
         <name>__aeabi_memcpy4</name>
         <value>0x6cd</value>
         <object_component_ref idref="oc-42"/>
      </symbol>
      <symbol id="sm-246">
         <name>main_func_sp</name>
         <value>0x200000d8</value>
         <object_component_ref idref="oc-3f"/>
      </symbol>
      <symbol id="sm-25c">
         <name>_nop</name>
         <value>0xb13</value>
         <object_component_ref idref="oc-13b"/>
      </symbol>
      <symbol id="sm-25d">
         <name>_lock</name>
         <value>0x200000c8</value>
         <object_component_ref idref="oc-dc"/>
      </symbol>
      <symbol id="sm-25e">
         <name>_unlock</name>
         <value>0x200000cc</value>
         <object_component_ref idref="oc-dc"/>
      </symbol>
      <symbol id="sm-25f">
         <name>_register_lock</name>
         <value>0xb0b</value>
         <object_component_ref idref="oc-13b"/>
      </symbol>
      <symbol id="sm-260">
         <name>_register_unlock</name>
         <value>0xb05</value>
         <object_component_ref idref="oc-13b"/>
      </symbol>
      <symbol id="sm-273">
         <name>_args_main</name>
         <value>0xaed</value>
         <object_component_ref idref="oc-35"/>
      </symbol>
      <symbol id="sm-28f">
         <name>__TI_auto_init</name>
         <value>0x769</value>
         <object_component_ref idref="oc-31"/>
      </symbol>
      <symbol id="sm-2a7">
         <name>copy_in</name>
         <value>0x9a9</value>
         <object_component_ref idref="oc-d4"/>
      </symbol>
      <symbol id="sm-2a8">
         <name>__TI_static_base__</name>
         <value>0x0</value>
      </symbol>
      <symbol id="sm-2a9">
         <name>__TI_args_main</name>
         <value>0x1</value>
      </symbol>
      <symbol id="sm-2aa">
         <name>SHT$$INIT_ARRAY$$Limit</name>
         <value>0x0</value>
      </symbol>
      <symbol id="sm-2ab">
         <name>SHT$$INIT_ARRAY$$Base</name>
         <value>0x0</value>
      </symbol>
   </symbol_table>
   <title>Link successful</title>
</link_info>
