<?xml version="1.0"?>
<link_info>
   <banner>TI ARM Linker Unix v5.1.1</banner>
   <copyright>Copyright (c) 1996-2013 Texas Instruments Incorporated</copyright>
   <link_time>0x530e4afe</link_time>
   <link_errors>0x0</link_errors>
   <output_file>audio.out</output_file>
   <entry_point>
      <name>_c_int00</name>
      <address>0x101d</address>
   </entry_point>
   <input_file_list>
      <input_file id="fl-2">
         <path>./</path>
         <kind>object</kind>
         <file>tm4c123ge6pm_startup_ccs.obj</file>
         <name>tm4c123ge6pm_startup_ccs.obj</name>
      </input_file>
      <input_file id="fl-3">
         <path>./</path>
         <kind>object</kind>
         <file>main.obj</file>
         <name>main.obj</name>
      </input_file>
      <input_file id="fl-4">
         <path>./</path>
         <kind>object</kind>
         <file>dsp.obj</file>
         <name>dsp.obj</name>
      </input_file>
      <input_file id="fl-9">
         <path>/home/mreut/Development/CCS/tivaware/driverlib/ccs/Debug/</path>
         <kind>archive</kind>
         <file>driverlib.lib</file>
         <name>timer.obj</name>
      </input_file>
      <input_file id="fl-a">
         <path>/home/mreut/Development/CCS/tivaware/driverlib/ccs/Debug/</path>
         <kind>archive</kind>
         <file>driverlib.lib</file>
         <name>sysctl.obj</name>
      </input_file>
      <input_file id="fl-b">
         <path>/home/mreut/Development/CCS/tivaware/driverlib/ccs/Debug/</path>
         <kind>archive</kind>
         <file>driverlib.lib</file>
         <name>ssi.obj</name>
      </input_file>
      <input_file id="fl-c">
         <path>/home/mreut/Development/CCS/tivaware/driverlib/ccs/Debug/</path>
         <kind>archive</kind>
         <file>driverlib.lib</file>
         <name>interrupt.obj</name>
      </input_file>
      <input_file id="fl-d">
         <path>/home/mreut/Development/CCS/tivaware/driverlib/ccs/Debug/</path>
         <kind>archive</kind>
         <file>driverlib.lib</file>
         <name>gpio.obj</name>
      </input_file>
      <input_file id="fl-e">
         <path>/home/mreut/Development/CCS/tivaware/driverlib/ccs/Debug/</path>
         <kind>archive</kind>
         <file>driverlib.lib</file>
         <name>fpu.obj</name>
      </input_file>
      <input_file id="fl-f">
         <path>/home/mreut/Development/CCS/tivaware/driverlib/ccs/Debug/</path>
         <kind>archive</kind>
         <file>driverlib.lib</file>
         <name>cpu.obj</name>
      </input_file>
      <input_file id="fl-139">
         <path>/home/mreut/Development/CCS/ccsv5/tools/compiler/arm_5.1.1/lib/</path>
         <kind>archive</kind>
         <file>rtsv7M4_T_le_v4SPD16_eabi.lib</file>
         <name>boot.obj</name>
      </input_file>
      <input_file id="fl-13a">
         <path>/home/mreut/Development/CCS/ccsv5/tools/compiler/arm_5.1.1/lib/</path>
         <kind>archive</kind>
         <file>rtsv7M4_T_le_v4SPD16_eabi.lib</file>
         <name>copy_decompress_none.obj</name>
      </input_file>
      <input_file id="fl-13b">
         <path>/home/mreut/Development/CCS/ccsv5/tools/compiler/arm_5.1.1/lib/</path>
         <kind>archive</kind>
         <file>rtsv7M4_T_le_v4SPD16_eabi.lib</file>
         <name>copy_decompress_rle.obj</name>
      </input_file>
      <input_file id="fl-13c">
         <path>/home/mreut/Development/CCS/ccsv5/tools/compiler/arm_5.1.1/lib/</path>
         <kind>archive</kind>
         <file>rtsv7M4_T_le_v4SPD16_eabi.lib</file>
         <name>copy_zero_init.obj</name>
      </input_file>
      <input_file id="fl-13d">
         <path>/home/mreut/Development/CCS/ccsv5/tools/compiler/arm_5.1.1/lib/</path>
         <kind>archive</kind>
         <file>rtsv7M4_T_le_v4SPD16_eabi.lib</file>
         <name>exit.obj</name>
      </input_file>
      <input_file id="fl-13e">
         <path>/home/mreut/Development/CCS/ccsv5/tools/compiler/arm_5.1.1/lib/</path>
         <kind>archive</kind>
         <file>rtsv7M4_T_le_v4SPD16_eabi.lib</file>
         <name>fd_add_t2.obj</name>
      </input_file>
      <input_file id="fl-13f">
         <path>/home/mreut/Development/CCS/ccsv5/tools/compiler/arm_5.1.1/lib/</path>
         <kind>archive</kind>
         <file>rtsv7M4_T_le_v4SPD16_eabi.lib</file>
         <name>fd_div_t2.obj</name>
      </input_file>
      <input_file id="fl-140">
         <path>/home/mreut/Development/CCS/ccsv5/tools/compiler/arm_5.1.1/lib/</path>
         <kind>archive</kind>
         <file>rtsv7M4_T_le_v4SPD16_eabi.lib</file>
         <name>fd_mul_t2.obj</name>
      </input_file>
      <input_file id="fl-141">
         <path>/home/mreut/Development/CCS/ccsv5/tools/compiler/arm_5.1.1/lib/</path>
         <kind>archive</kind>
         <file>rtsv7M4_T_le_v4SPD16_eabi.lib</file>
         <name>fd_tos_t2.obj</name>
      </input_file>
      <input_file id="fl-142">
         <path>/home/mreut/Development/CCS/ccsv5/tools/compiler/arm_5.1.1/lib/</path>
         <kind>archive</kind>
         <file>rtsv7M4_T_le_v4SPD16_eabi.lib</file>
         <name>fs_tod_t2.obj</name>
      </input_file>
      <input_file id="fl-143">
         <path>/home/mreut/Development/CCS/ccsv5/tools/compiler/arm_5.1.1/lib/</path>
         <kind>archive</kind>
         <file>rtsv7M4_T_le_v4SPD16_eabi.lib</file>
         <name>i_tofd_t2.obj</name>
      </input_file>
      <input_file id="fl-144">
         <path>/home/mreut/Development/CCS/ccsv5/tools/compiler/arm_5.1.1/lib/</path>
         <kind>archive</kind>
         <file>rtsv7M4_T_le_v4SPD16_eabi.lib</file>
         <name>memcpy_t2.obj</name>
      </input_file>
      <input_file id="fl-145">
         <path>/home/mreut/Development/CCS/ccsv5/tools/compiler/arm_5.1.1/lib/</path>
         <kind>archive</kind>
         <file>rtsv7M4_T_le_v4SPD16_eabi.lib</file>
         <name>sinf.obj</name>
      </input_file>
      <input_file id="fl-146">
         <path>/home/mreut/Development/CCS/ccsv5/tools/compiler/arm_5.1.1/lib/</path>
         <kind>archive</kind>
         <file>rtsv7M4_T_le_v4SPD16_eabi.lib</file>
         <name>stkdepth_vars.obj</name>
      </input_file>
      <input_file id="fl-147">
         <path>/home/mreut/Development/CCS/ccsv5/tools/compiler/arm_5.1.1/lib/</path>
         <kind>archive</kind>
         <file>rtsv7M4_T_le_v4SPD16_eabi.lib</file>
         <name>xfsin.obj</name>
      </input_file>
      <input_file id="fl-148">
         <path>/home/mreut/Development/CCS/ccsv5/tools/compiler/arm_5.1.1/lib/</path>
         <kind>archive</kind>
         <file>rtsv7M4_T_le_v4SPD16_eabi.lib</file>
         <name>xfvalues.obj</name>
      </input_file>
      <input_file id="fl-149">
         <path>/home/mreut/Development/CCS/ccsv5/tools/compiler/arm_5.1.1/lib/</path>
         <kind>archive</kind>
         <file>rtsv7M4_T_le_v4SPD16_eabi.lib</file>
         <name>_lock.obj</name>
      </input_file>
      <input_file id="fl-14a">
         <path>/home/mreut/Development/CCS/ccsv5/tools/compiler/arm_5.1.1/lib/</path>
         <kind>archive</kind>
         <file>rtsv7M4_T_le_v4SPD16_eabi.lib</file>
         <name>args_main.obj</name>
      </input_file>
      <input_file id="fl-14b">
         <path>/home/mreut/Development/CCS/ccsv5/tools/compiler/arm_5.1.1/lib/</path>
         <kind>archive</kind>
         <file>rtsv7M4_T_le_v4SPD16_eabi.lib</file>
         <name>auto_init.obj</name>
      </input_file>
      <input_file id="fl-14c">
         <path>/home/mreut/Development/CCS/ccsv5/tools/compiler/arm_5.1.1/lib/</path>
         <kind>archive</kind>
         <file>rtsv7M4_T_le_v4SPD16_eabi.lib</file>
         <name>cpy_tbl.obj</name>
      </input_file>
      <input_file id="fl-14d">
         <path>/home/mreut/Development/CCS/ccsv5/tools/compiler/arm_5.1.1/lib/</path>
         <kind>archive</kind>
         <file>rtsv7M4_T_le_v4SPD16_eabi.lib</file>
         <name>fd_cmp_t2.obj</name>
      </input_file>
      <input_file id="fl-14e">
         <path>/home/mreut/Development/CCS/ccsv5/tools/compiler/arm_5.1.1/lib/</path>
         <kind>archive</kind>
         <file>rtsv7M4_T_le_v4SPD16_eabi.lib</file>
         <name>fmodf.obj</name>
      </input_file>
      <input_file id="fl-14f">
         <path>/home/mreut/Development/CCS/ccsv5/tools/compiler/arm_5.1.1/lib/</path>
         <kind>archive</kind>
         <file>rtsv7M4_T_le_v4SPD16_eabi.lib</file>
         <name>xfdnorm.obj</name>
      </input_file>
      <input_file id="fl-150">
         <path>/home/mreut/Development/CCS/ccsv5/tools/compiler/arm_5.1.1/lib/</path>
         <kind>archive</kind>
         <file>rtsv7M4_T_le_v4SPD16_eabi.lib</file>
         <name>xfdscale.obj</name>
      </input_file>
      <input_file id="fl-151">
         <path>/home/mreut/Development/CCS/ccsv5/tools/compiler/arm_5.1.1/lib/</path>
         <kind>archive</kind>
         <file>rtsv7M4_T_le_v4SPD16_eabi.lib</file>
         <name>xfdtest.obj</name>
      </input_file>
      <input_file id="fl-152">
         <path>/home/mreut/Development/CCS/ccsv5/tools/compiler/arm_5.1.1/lib/</path>
         <kind>archive</kind>
         <file>rtsv7M4_T_le_v4SPD16_eabi.lib</file>
         <name>xferaise.obj</name>
      </input_file>
      <input_file id="fl-153">
         <path>/home/mreut/Development/CCS/ccsv5/tools/compiler/arm_5.1.1/lib/</path>
         <kind>archive</kind>
         <file>rtsv7M4_T_le_v4SPD16_eabi.lib</file>
         <name>errno.obj</name>
      </input_file>
      <input_file id="fl-154">
         <path>/home/mreut/Development/CCS/ccsv5/tools/compiler/arm_5.1.1/lib/</path>
         <kind>archive</kind>
         <file>rtsv7M4_T_le_v4SPD16_eabi.lib</file>
         <name>feraiseexcept.obj</name>
      </input_file>
      <input_file id="fl-155">
         <path>/home/mreut/Development/CCS/ccsv5/tools/compiler/arm_5.1.1/lib/</path>
         <kind>archive</kind>
         <file>rtsv7M4_T_le_v4SPD16_eabi.lib</file>
         <name>raise.obj</name>
      </input_file>
      <input_file id="fl-156">
         <path>/home/mreut/Development/CCS/ccsv5/tools/compiler/arm_5.1.1/lib/</path>
         <kind>archive</kind>
         <file>rtsv7M4_T_le_v4SPD16_eabi.lib</file>
         <name>signal.obj</name>
      </input_file>
   </input_file_list>
   <object_component_list>
      <object_component id="oc-e">
         <name>.intvecs</name>
         <load_address>0x0</load_address>
         <run_address>0x0</run_address>
         <size>0x26c</size>
         <input_file_ref idref="fl-2"/>
      </object_component>
      <object_component id="oc-29">
         <name>.text</name>
         <load_address>0x26c</load_address>
         <run_address>0x26c</run_address>
         <size>0x250</size>
         <input_file_ref idref="fl-3"/>
      </object_component>
      <object_component id="oc-142">
         <name>.text</name>
         <load_address>0x4bc</load_address>
         <run_address>0x4bc</run_address>
         <size>0x170</size>
         <input_file_ref idref="fl-147"/>
      </object_component>
      <object_component id="oc-ce">
         <name>.text</name>
         <load_address>0x62c</load_address>
         <run_address>0x62c</run_address>
         <size>0x136</size>
         <input_file_ref idref="fl-13f"/>
      </object_component>
      <object_component id="oc-11e">
         <name>.text:GPIOPadConfigSet</name>
         <load_address>0x762</load_address>
         <run_address>0x762</run_address>
         <size>0x130</size>
         <input_file_ref idref="fl-d"/>
      </object_component>
      <object_component id="oc-190">
         <name>.text</name>
         <load_address>0x894</load_address>
         <run_address>0x894</run_address>
         <size>0x124</size>
         <input_file_ref idref="fl-14e"/>
      </object_component>
      <object_component id="oc-c0">
         <name>.text:SysCtlClockSet</name>
         <load_address>0x9b8</load_address>
         <run_address>0x9b8</run_address>
         <size>0x104</size>
         <input_file_ref idref="fl-a"/>
      </object_component>
      <object_component id="oc-93">
         <name>.text:SysCtlClockGet</name>
         <load_address>0xabc</load_address>
         <run_address>0xabc</run_address>
         <size>0xc8</size>
         <input_file_ref idref="fl-a"/>
      </object_component>
      <object_component id="oc-1b6">
         <name>.text</name>
         <load_address>0xb84</load_address>
         <run_address>0xb84</run_address>
         <size>0xc0</size>
         <input_file_ref idref="fl-150"/>
      </object_component>
      <object_component id="oc-42">
         <name>.text</name>
         <load_address>0xc44</load_address>
         <run_address>0xc44</run_address>
         <size>0x9c</size>
         <input_file_ref idref="fl-144"/>
      </object_component>
      <object_component id="oc-31">
         <name>.text</name>
         <load_address>0xce0</load_address>
         <run_address>0xce0</run_address>
         <size>0x94</size>
         <input_file_ref idref="fl-14b"/>
      </object_component>
      <object_component id="oc-18c">
         <name>.text:__aeabi_cdcmple</name>
         <load_address>0xd74</load_address>
         <run_address>0xd74</run_address>
         <size>0x7e</size>
         <input_file_ref idref="fl-14d"/>
      </object_component>
      <object_component id="oc-1b1">
         <name>.text</name>
         <load_address>0xdf2</load_address>
         <run_address>0xdf2</run_address>
         <size>0x7a</size>
         <input_file_ref idref="fl-14f"/>
      </object_component>
      <object_component id="oc-ac">
         <name>.text:IntEnable</name>
         <load_address>0xe6c</load_address>
         <run_address>0xe6c</run_address>
         <size>0x60</size>
         <input_file_ref idref="fl-c"/>
      </object_component>
      <object_component id="oc-54">
         <name>.text</name>
         <load_address>0xecc</load_address>
         <run_address>0xecc</run_address>
         <size>0x5e</size>
         <input_file_ref idref="fl-13b"/>
      </object_component>
      <object_component id="oc-a2">
         <name>.text:TimerConfigure</name>
         <load_address>0xf2c</load_address>
         <run_address>0xf2c</run_address>
         <size>0x5c</size>
         <input_file_ref idref="fl-9"/>
      </object_component>
      <object_component id="oc-d2">
         <name>.text</name>
         <load_address>0xf88</load_address>
         <run_address>0xf88</run_address>
         <size>0x4a</size>
         <input_file_ref idref="fl-141"/>
      </object_component>
      <object_component id="oc-89">
         <name>.text:GPIOPinConfigure</name>
         <load_address>0xfd4</load_address>
         <run_address>0xfd4</run_address>
         <size>0x48</size>
         <input_file_ref idref="fl-d"/>
      </object_component>
      <object_component id="oc-10">
         <name>.text</name>
         <load_address>0x101c</load_address>
         <run_address>0x101c</run_address>
         <size>0x48</size>
         <input_file_ref idref="fl-139"/>
      </object_component>
      <object_component id="oc-e7">
         <name>.text</name>
         <load_address>0x1064</load_address>
         <run_address>0x1064</run_address>
         <size>0x44</size>
         <input_file_ref idref="fl-14c"/>
      </object_component>
      <object_component id="oc-3a">
         <name>.text</name>
         <load_address>0x10a8</load_address>
         <run_address>0x10a8</run_address>
         <size>0x44</size>
         <input_file_ref idref="fl-13d"/>
      </object_component>
      <object_component id="oc-98">
         <name>.text:SSIConfigSetExpClk</name>
         <load_address>0x10ec</load_address>
         <run_address>0x10ec</run_address>
         <size>0x42</size>
         <input_file_ref idref="fl-b"/>
      </object_component>
      <object_component id="oc-1db">
         <name>.text</name>
         <load_address>0x1130</load_address>
         <run_address>0x1130</run_address>
         <size>0x40</size>
         <input_file_ref idref="fl-156"/>
      </object_component>
      <object_component id="oc-ca">
         <name>.text</name>
         <load_address>0x1170</load_address>
         <run_address>0x1170</run_address>
         <size>0x38</size>
         <input_file_ref idref="fl-142"/>
      </object_component>
      <object_component id="oc-7f">
         <name>.text:SysCtlPeripheralEnable</name>
         <load_address>0x11a8</load_address>
         <run_address>0x11a8</run_address>
         <size>0x34</size>
         <input_file_ref idref="fl-a"/>
      </object_component>
      <object_component id="oc-1a8">
         <name>.text</name>
         <load_address>0x11dc</load_address>
         <run_address>0x11dc</run_address>
         <size>0x34</size>
         <input_file_ref idref="fl-154"/>
      </object_component>
      <object_component id="oc-182">
         <name>.text</name>
         <load_address>0x1210</load_address>
         <run_address>0x1210</run_address>
         <size>0x34</size>
         <input_file_ref idref="fl-151"/>
      </object_component>
      <object_component id="oc-187">
         <name>.text</name>
         <load_address>0x1244</load_address>
         <run_address>0x1244</run_address>
         <size>0x30</size>
         <input_file_ref idref="fl-152"/>
      </object_component>
      <object_component id="oc-1c9">
         <name>.text</name>
         <load_address>0x1274</load_address>
         <run_address>0x1274</run_address>
         <size>0x2e</size>
         <input_file_ref idref="fl-155"/>
      </object_component>
      <object_component id="oc-123">
         <name>.text:GPIODirModeSet</name>
         <load_address>0x12a2</load_address>
         <run_address>0x12a2</run_address>
         <size>0x2a</size>
         <input_file_ref idref="fl-d"/>
      </object_component>
      <object_component id="oc-84">
         <name>.text:GPIOPinTypeGPIOOutput</name>
         <load_address>0x12cc</load_address>
         <run_address>0x12cc</run_address>
         <size>0x18</size>
         <input_file_ref idref="fl-d"/>
      </object_component>
      <object_component id="oc-35">
         <name>.text</name>
         <load_address>0x12e4</load_address>
         <run_address>0x12e4</run_address>
         <size>0x18</size>
         <input_file_ref idref="fl-14a"/>
      </object_component>
      <object_component id="oc-15e">
         <name>.text</name>
         <load_address>0x12fc</load_address>
         <run_address>0x12fc</run_address>
         <size>0x14</size>
         <input_file_ref idref="fl-149"/>
      </object_component>
      <object_component id="oc-8e">
         <name>.text:GPIOPinTypeSSI</name>
         <load_address>0x1310</load_address>
         <run_address>0x1310</run_address>
         <size>0x12</size>
         <input_file_ref idref="fl-d"/>
      </object_component>
      <object_component id="oc-a7">
         <name>.text:TimerLoadSet</name>
         <load_address>0x1322</load_address>
         <run_address>0x1322</run_address>
         <size>0x12</size>
         <input_file_ref idref="fl-9"/>
      </object_component>
      <object_component id="oc-19">
         <name>.text:decompress:ZI</name>
         <load_address>0x1334</load_address>
         <run_address>0x1334</run_address>
         <size>0x12</size>
         <input_file_ref idref="fl-13c"/>
      </object_component>
      <object_component id="oc-7a">
         <name>.text:FPUEnable</name>
         <load_address>0x1348</load_address>
         <run_address>0x1348</run_address>
         <size>0x10</size>
         <input_file_ref idref="fl-e"/>
      </object_component>
      <object_component id="oc-75">
         <name>.text:FPULazyStackingEnable</name>
         <load_address>0x1358</load_address>
         <run_address>0x1358</run_address>
         <size>0x10</size>
         <input_file_ref idref="fl-e"/>
      </object_component>
      <object_component id="oc-6b">
         <name>.text:SSIDataPutNonBlocking</name>
         <load_address>0x1368</load_address>
         <run_address>0x1368</run_address>
         <size>0xe</size>
         <input_file_ref idref="fl-b"/>
      </object_component>
      <object_component id="oc-bb">
         <name>.text:TimerEnable</name>
         <load_address>0x1376</load_address>
         <run_address>0x1376</run_address>
         <size>0xe</size>
         <input_file_ref idref="fl-9"/>
      </object_component>
      <object_component id="oc-14">
         <name>.text:decompress:none</name>
         <load_address>0x1384</load_address>
         <run_address>0x1384</run_address>
         <size>0xe</size>
         <input_file_ref idref="fl-13a"/>
      </object_component>
      <object_component id="oc-139">
         <name>.text:CPUcpsie</name>
         <load_address>0x1392</load_address>
         <run_address>0x1392</run_address>
         <size>0xc</size>
         <input_file_ref idref="fl-f"/>
      </object_component>
      <object_component id="oc-24">
         <name>.text</name>
         <load_address>0x139e</load_address>
         <run_address>0x139e</run_address>
         <size>0xc</size>
         <input_file_ref idref="fl-2"/>
      </object_component>
      <object_component id="oc-b6">
         <name>.text:IntMasterEnable</name>
         <load_address>0x13aa</load_address>
         <run_address>0x13aa</run_address>
         <size>0xa</size>
         <input_file_ref idref="fl-c"/>
      </object_component>
      <object_component id="oc-9d">
         <name>.text:SSIEnable</name>
         <load_address>0x13b4</load_address>
         <run_address>0x13b4</run_address>
         <size>0xa</size>
         <input_file_ref idref="fl-b"/>
      </object_component>
      <object_component id="oc-70">
         <name>.text:SSIBusy</name>
         <load_address>0x13be</load_address>
         <run_address>0x13be</run_address>
         <size>0x8</size>
         <input_file_ref idref="fl-b"/>
      </object_component>
      <object_component id="oc-b1">
         <name>.text:TimerIntEnable</name>
         <load_address>0x13c6</load_address>
         <run_address>0x13c6</run_address>
         <size>0x8</size>
         <input_file_ref idref="fl-9"/>
      </object_component>
      <object_component id="oc-66">
         <name>.text:GPIOPinWrite</name>
         <load_address>0x13ce</load_address>
         <run_address>0x13ce</run_address>
         <size>0x6</size>
         <input_file_ref idref="fl-d"/>
      </object_component>
      <object_component id="oc-140">
         <name>.text:SysCtlDelay</name>
         <load_address>0x13d4</load_address>
         <run_address>0x13d4</run_address>
         <size>0x6</size>
         <input_file_ref idref="fl-a"/>
      </object_component>
      <object_component id="oc-1e">
         <name>.text:decompress:rle24</name>
         <load_address>0x13da</load_address>
         <run_address>0x13da</run_address>
         <size>0x6</size>
         <input_file_ref idref="fl-13b"/>
      </object_component>
      <object_component id="oc-c5">
         <name>.text</name>
         <load_address>0x13e0</load_address>
         <run_address>0x13e0</run_address>
         <size>0x6</size>
         <input_file_ref idref="fl-145"/>
      </object_component>
      <object_component id="oc-61">
         <name>.text:TimerIntClear</name>
         <load_address>0x13e6</load_address>
         <run_address>0x13e6</run_address>
         <size>0x4</size>
         <input_file_ref idref="fl-9"/>
      </object_component>
      <object_component id="oc-129">
         <name>.const:g_pui32GPIOBaseAddrs</name>
         <load_address>0x13ec</load_address>
         <run_address>0x13ec</run_address>
         <size>0x90</size>
         <input_file_ref idref="fl-d"/>
      </object_component>
      <object_component id="oc-134">
         <name>.const</name>
         <load_address>0x147c</load_address>
         <run_address>0x147c</run_address>
         <size>0x70</size>
         <input_file_ref idref="fl-c"/>
      </object_component>
      <object_component id="oc-12d">
         <name>.const:g_pui32Xtals</name>
         <load_address>0x14ec</load_address>
         <run_address>0x14ec</run_address>
         <size>0x6c</size>
         <input_file_ref idref="fl-a"/>
      </object_component>
      <object_component id="oc-197">
         <name>.const</name>
         <load_address>0x1558</load_address>
         <run_address>0x1558</run_address>
         <size>0x28</size>
         <input_file_ref idref="fl-147"/>
      </object_component>
      <object_component id="oc-21b">
         <name>.cinit..data.load</name>
         <load_address>0x1580</load_address>
         <run_address>0x1580</run_address>
         <size>0x38</size>
      </object_component>
      <object_component id="oc-219">
         <name>__TI_handler_table</name>
         <load_address>0x15b8</load_address>
         <run_address>0x15b8</run_address>
         <size>0xc</size>
      </object_component>
      <object_component id="oc-21c">
         <name>.cinit..bss.load</name>
         <load_address>0x15c8</load_address>
         <run_address>0x15c8</run_address>
         <size>0x8</size>
      </object_component>
      <object_component id="oc-21a">
         <name>__TI_cinit_table</name>
         <load_address>0x15d0</load_address>
         <run_address>0x15d0</run_address>
         <size>0x10</size>
      </object_component>
      <object_component id="oc-3f">
         <name>.data</name>
         <load_address>0x2000013c</load_address>
         <run_address>0x2000013c</run_address>
         <size>0x4</size>
         <input_file_ref idref="fl-146"/>
      </object_component>
      <object_component id="oc-d8">
         <name>.data</name>
         <load_address>0x20000118</load_address>
         <run_address>0x20000118</run_address>
         <size>0x8</size>
         <input_file_ref idref="fl-3"/>
      </object_component>
      <object_component id="oc-ef">
         <name>.data</name>
         <load_address>0x20000120</load_address>
         <run_address>0x20000120</run_address>
         <size>0x8</size>
         <input_file_ref idref="fl-149"/>
      </object_component>
      <object_component id="oc-f1">
         <name>.data</name>
         <load_address>0x20000128</load_address>
         <run_address>0x20000128</run_address>
         <size>0x8</size>
         <input_file_ref idref="fl-13d"/>
      </object_component>
      <object_component id="oc-195">
         <name>.data</name>
         <load_address>0x200000b0</load_address>
         <run_address>0x200000b0</run_address>
         <size>0x68</size>
         <input_file_ref idref="fl-148"/>
      </object_component>
      <object_component id="oc-1ad">
         <name>.data</name>
         <load_address>0x20000138</load_address>
         <run_address>0x20000138</run_address>
         <size>0x4</size>
         <input_file_ref idref="fl-153"/>
      </object_component>
      <object_component id="oc-1ce">
         <name>.data</name>
         <load_address>0x20000130</load_address>
         <run_address>0x20000130</run_address>
         <size>0x8</size>
         <input_file_ref idref="fl-154"/>
      </object_component>
      <object_component id="oc-1ee">
         <name>.data:sigtable</name>
         <load_address>0x20000000</load_address>
         <run_address>0x20000000</run_address>
         <size>0xb0</size>
         <input_file_ref idref="fl-156"/>
      </object_component>
      <object_component id="oc-d6">
         <name>.common:pui8SPITx</name>
         <uninitialized>true</uninitialized>
         <run_address>0x20000208</run_address>
         <size>0x4</size>
      </object_component>
      <object_component id="oc-23">
         <name>.stack</name>
         <uninitialized>true</uninitialized>
         <run_address>0x20000140</run_address>
         <size>0x0</size>
         <input_file_ref idref="fl-139"/>
      </object_component>
      <object_component id="oc-21d">
         <name>.stack</name>
         <uninitialized>true</uninitialized>
         <run_address>0x20000140</run_address>
         <size>0x0</size>
      </object_component>
      <object_component id="oc-f">
         <name>.debug_info</name>
         <load_address>0x0</load_address>
         <run_address>0x0</run_address>
         <size>0xdd</size>
         <input_file_ref idref="fl-2"/>
      </object_component>
      <object_component id="oc-13">
         <name>.debug_info</name>
         <load_address>0xdd</load_address>
         <run_address>0xdd</run_address>
         <size>0xf3</size>
         <input_file_ref idref="fl-139"/>
      </object_component>
      <object_component id="oc-15">
         <name>.debug_info</name>
         <load_address>0x1d0</load_address>
         <run_address>0x1d0</run_address>
         <size>0x194</size>
         <input_file_ref idref="fl-13a"/>
      </object_component>
      <object_component id="oc-1a">
         <name>.debug_info</name>
         <load_address>0x364</load_address>
         <run_address>0x364</run_address>
         <size>0x16a</size>
         <input_file_ref idref="fl-13c"/>
      </object_component>
      <object_component id="oc-1f">
         <name>.debug_info</name>
         <load_address>0x4ce</load_address>
         <run_address>0x4ce</run_address>
         <size>0x18e</size>
         <input_file_ref idref="fl-13b"/>
      </object_component>
      <object_component id="oc-25">
         <name>.debug_info</name>
         <load_address>0x65c</load_address>
         <run_address>0x65c</run_address>
         <size>0x259</size>
         <input_file_ref idref="fl-2"/>
      </object_component>
      <object_component id="oc-2a">
         <name>.debug_info</name>
         <load_address>0x8b5</load_address>
         <run_address>0x8b5</run_address>
         <size>0x655</size>
         <input_file_ref idref="fl-3"/>
      </object_component>
      <object_component id="oc-30">
         <name>.debug_info</name>
         <load_address>0xf0a</load_address>
         <run_address>0xf0a</run_address>
         <size>0x11a</size>
         <input_file_ref idref="fl-2"/>
      </object_component>
      <object_component id="oc-32">
         <name>.debug_info</name>
         <load_address>0x1024</load_address>
         <run_address>0x1024</run_address>
         <size>0x13d</size>
         <input_file_ref idref="fl-14b"/>
      </object_component>
      <object_component id="oc-36">
         <name>.debug_info</name>
         <load_address>0x1161</load_address>
         <run_address>0x1161</run_address>
         <size>0x11c</size>
         <input_file_ref idref="fl-14a"/>
      </object_component>
      <object_component id="oc-3b">
         <name>.debug_info</name>
         <load_address>0x127d</load_address>
         <run_address>0x127d</run_address>
         <size>0x1c2</size>
         <input_file_ref idref="fl-13d"/>
      </object_component>
      <object_component id="oc-40">
         <name>.debug_info</name>
         <load_address>0x143f</load_address>
         <run_address>0x143f</run_address>
         <size>0xbe</size>
         <input_file_ref idref="fl-146"/>
      </object_component>
      <object_component id="oc-43">
         <name>.debug_info</name>
         <load_address>0x14fd</load_address>
         <run_address>0x14fd</run_address>
         <size>0xcc</size>
         <input_file_ref idref="fl-144"/>
      </object_component>
      <object_component id="oc-47">
         <name>.debug_info</name>
         <load_address>0x15c9</load_address>
         <run_address>0x15c9</run_address>
         <size>0x46</size>
         <input_file_ref idref="fl-13a"/>
      </object_component>
      <object_component id="oc-4c">
         <name>.debug_info</name>
         <load_address>0x160f</load_address>
         <run_address>0x160f</run_address>
         <size>0xf2</size>
         <input_file_ref idref="fl-13a"/>
      </object_component>
      <object_component id="oc-4e">
         <name>.debug_info</name>
         <load_address>0x1701</load_address>
         <run_address>0x1701</run_address>
         <size>0x46</size>
         <input_file_ref idref="fl-13c"/>
      </object_component>
      <object_component id="oc-53">
         <name>.debug_info</name>
         <load_address>0x1747</load_address>
         <run_address>0x1747</run_address>
         <size>0xad</size>
         <input_file_ref idref="fl-13c"/>
      </object_component>
      <object_component id="oc-55">
         <name>.debug_info</name>
         <load_address>0x17f4</load_address>
         <run_address>0x17f4</run_address>
         <size>0x1ef</size>
         <input_file_ref idref="fl-13b"/>
      </object_component>
      <object_component id="oc-5a">
         <name>.debug_info</name>
         <load_address>0x19e3</load_address>
         <run_address>0x19e3</run_address>
         <size>0xb7</size>
         <input_file_ref idref="fl-13b"/>
      </object_component>
      <object_component id="oc-5b">
         <name>.debug_info</name>
         <load_address>0x1a9a</load_address>
         <run_address>0x1a9a</run_address>
         <size>0x39</size>
         <input_file_ref idref="fl-13b"/>
      </object_component>
      <object_component id="oc-62">
         <name>.debug_info</name>
         <load_address>0x1ad3</load_address>
         <run_address>0x1ad3</run_address>
         <size>0x1f6</size>
         <input_file_ref idref="fl-9"/>
      </object_component>
      <object_component id="oc-67">
         <name>.debug_info</name>
         <load_address>0x1cc9</load_address>
         <run_address>0x1cc9</run_address>
         <size>0x207</size>
         <input_file_ref idref="fl-d"/>
      </object_component>
      <object_component id="oc-6c">
         <name>.debug_info</name>
         <load_address>0x1ed0</load_address>
         <run_address>0x1ed0</run_address>
         <size>0x1f4</size>
         <input_file_ref idref="fl-b"/>
      </object_component>
      <object_component id="oc-71">
         <name>.debug_info</name>
         <load_address>0x20c4</load_address>
         <run_address>0x20c4</run_address>
         <size>0x1a6</size>
         <input_file_ref idref="fl-b"/>
      </object_component>
      <object_component id="oc-76">
         <name>.debug_info</name>
         <load_address>0x226a</load_address>
         <run_address>0x226a</run_address>
         <size>0x189</size>
         <input_file_ref idref="fl-e"/>
      </object_component>
      <object_component id="oc-7b">
         <name>.debug_info</name>
         <load_address>0x23f3</load_address>
         <run_address>0x23f3</run_address>
         <size>0x171</size>
         <input_file_ref idref="fl-e"/>
      </object_component>
      <object_component id="oc-80">
         <name>.debug_info</name>
         <load_address>0x2564</load_address>
         <run_address>0x2564</run_address>
         <size>0x1e1</size>
         <input_file_ref idref="fl-a"/>
      </object_component>
      <object_component id="oc-85">
         <name>.debug_info</name>
         <load_address>0x2745</load_address>
         <run_address>0x2745</run_address>
         <size>0x1eb</size>
         <input_file_ref idref="fl-d"/>
      </object_component>
      <object_component id="oc-8a">
         <name>.debug_info</name>
         <load_address>0x2930</load_address>
         <run_address>0x2930</run_address>
         <size>0x1e4</size>
         <input_file_ref idref="fl-d"/>
      </object_component>
      <object_component id="oc-8f">
         <name>.debug_info</name>
         <load_address>0x2b14</load_address>
         <run_address>0x2b14</run_address>
         <size>0x1dd</size>
         <input_file_ref idref="fl-d"/>
      </object_component>
      <object_component id="oc-94">
         <name>.debug_info</name>
         <load_address>0x2cf1</load_address>
         <run_address>0x2cf1</run_address>
         <size>0x202</size>
         <input_file_ref idref="fl-a"/>
      </object_component>
      <object_component id="oc-99">
         <name>.debug_info</name>
         <load_address>0x2ef3</load_address>
         <run_address>0x2ef3</run_address>
         <size>0x3c2</size>
         <input_file_ref idref="fl-b"/>
      </object_component>
      <object_component id="oc-9e">
         <name>.debug_info</name>
         <load_address>0x32b5</load_address>
         <run_address>0x32b5</run_address>
         <size>0x1a6</size>
         <input_file_ref idref="fl-b"/>
      </object_component>
      <object_component id="oc-a3">
         <name>.debug_info</name>
         <load_address>0x345b</load_address>
         <run_address>0x345b</run_address>
         <size>0x1f0</size>
         <input_file_ref idref="fl-9"/>
      </object_component>
      <object_component id="oc-a8">
         <name>.debug_info</name>
         <load_address>0x364b</load_address>
         <run_address>0x364b</run_address>
         <size>0x21e</size>
         <input_file_ref idref="fl-9"/>
      </object_component>
      <object_component id="oc-ad">
         <name>.debug_info</name>
         <load_address>0x3869</load_address>
         <run_address>0x3869</run_address>
         <size>0x1cc</size>
         <input_file_ref idref="fl-c"/>
      </object_component>
      <object_component id="oc-b2">
         <name>.debug_info</name>
         <load_address>0x3a35</load_address>
         <run_address>0x3a35</run_address>
         <size>0x1f8</size>
         <input_file_ref idref="fl-9"/>
      </object_component>
      <object_component id="oc-b7">
         <name>.debug_info</name>
         <load_address>0x3c2d</load_address>
         <run_address>0x3c2d</run_address>
         <size>0x1a2</size>
         <input_file_ref idref="fl-c"/>
      </object_component>
      <object_component id="oc-bc">
         <name>.debug_info</name>
         <load_address>0x3dcf</load_address>
         <run_address>0x3dcf</run_address>
         <size>0x1e3</size>
         <input_file_ref idref="fl-9"/>
      </object_component>
      <object_component id="oc-c1">
         <name>.debug_info</name>
         <load_address>0x3fb2</load_address>
         <run_address>0x3fb2</run_address>
         <size>0x2d4</size>
         <input_file_ref idref="fl-a"/>
      </object_component>
      <object_component id="oc-c6">
         <name>.debug_info</name>
         <load_address>0x4286</load_address>
         <run_address>0x4286</run_address>
         <size>0xf9</size>
         <input_file_ref idref="fl-145"/>
      </object_component>
      <object_component id="oc-cb">
         <name>.debug_info</name>
         <load_address>0x437f</load_address>
         <run_address>0x437f</run_address>
         <size>0xdf</size>
         <input_file_ref idref="fl-142"/>
      </object_component>
      <object_component id="oc-cf">
         <name>.debug_info</name>
         <load_address>0x445e</load_address>
         <run_address>0x445e</run_address>
         <size>0xed</size>
         <input_file_ref idref="fl-13f"/>
      </object_component>
      <object_component id="oc-d3">
         <name>.debug_info</name>
         <load_address>0x454b</load_address>
         <run_address>0x454b</run_address>
         <size>0xe8</size>
         <input_file_ref idref="fl-141"/>
      </object_component>
      <object_component id="oc-d7">
         <name>.debug_info</name>
         <load_address>0x4633</load_address>
         <run_address>0x4633</run_address>
         <size>0x4ec</size>
         <input_file_ref idref="fl-3"/>
      </object_component>
      <object_component id="oc-d9">
         <name>.debug_info</name>
         <load_address>0x4b1f</load_address>
         <run_address>0x4b1f</run_address>
         <size>0xec</size>
         <input_file_ref idref="fl-3"/>
      </object_component>
      <object_component id="oc-db">
         <name>.debug_info</name>
         <load_address>0x4c0b</load_address>
         <run_address>0x4c0b</run_address>
         <size>0x18b</size>
         <input_file_ref idref="fl-2"/>
      </object_component>
      <object_component id="oc-e0">
         <name>.debug_info</name>
         <load_address>0x4d96</load_address>
         <run_address>0x4d96</run_address>
         <size>0x84</size>
         <input_file_ref idref="fl-2"/>
      </object_component>
      <object_component id="oc-e8">
         <name>.debug_info</name>
         <load_address>0x4e1a</load_address>
         <run_address>0x4e1a</run_address>
         <size>0x14b</size>
         <input_file_ref idref="fl-14c"/>
      </object_component>
      <object_component id="oc-ee">
         <name>.debug_info</name>
         <load_address>0x4f65</load_address>
         <run_address>0x4f65</run_address>
         <size>0x11b</size>
         <input_file_ref idref="fl-14a"/>
      </object_component>
      <object_component id="oc-f0">
         <name>.debug_info</name>
         <load_address>0x5080</load_address>
         <run_address>0x5080</run_address>
         <size>0xc8</size>
         <input_file_ref idref="fl-149"/>
      </object_component>
      <object_component id="oc-f2">
         <name>.debug_info</name>
         <load_address>0x5148</load_address>
         <run_address>0x5148</run_address>
         <size>0xeb</size>
         <input_file_ref idref="fl-13d"/>
      </object_component>
      <object_component id="oc-f4">
         <name>.debug_info</name>
         <load_address>0x5233</load_address>
         <run_address>0x5233</run_address>
         <size>0x146</size>
         <input_file_ref idref="fl-13d"/>
      </object_component>
      <object_component id="oc-f8">
         <name>.debug_info</name>
         <load_address>0x5379</load_address>
         <run_address>0x5379</run_address>
         <size>0x2c</size>
         <input_file_ref idref="fl-13a"/>
      </object_component>
      <object_component id="oc-ff">
         <name>.debug_info</name>
         <load_address>0x53a5</load_address>
         <run_address>0x53a5</run_address>
         <size>0x2c</size>
         <input_file_ref idref="fl-13c"/>
      </object_component>
      <object_component id="oc-10a">
         <name>.debug_info</name>
         <load_address>0x53d1</load_address>
         <run_address>0x53d1</run_address>
         <size>0x18b</size>
         <input_file_ref idref="fl-9"/>
      </object_component>
      <object_component id="oc-10f">
         <name>.debug_info</name>
         <load_address>0x555c</load_address>
         <run_address>0x555c</run_address>
         <size>0x1cf</size>
         <input_file_ref idref="fl-9"/>
      </object_component>
      <object_component id="oc-111">
         <name>.debug_info</name>
         <load_address>0x572b</load_address>
         <run_address>0x572b</run_address>
         <size>0x1d7</size>
         <input_file_ref idref="fl-d"/>
      </object_component>
      <object_component id="oc-113">
         <name>.debug_info</name>
         <load_address>0x5902</load_address>
         <run_address>0x5902</run_address>
         <size>0x1c3</size>
         <input_file_ref idref="fl-b"/>
      </object_component>
      <object_component id="oc-115">
         <name>.debug_info</name>
         <load_address>0x5ac5</load_address>
         <run_address>0x5ac5</run_address>
         <size>0x90</size>
         <input_file_ref idref="fl-9"/>
      </object_component>
      <object_component id="oc-11d">
         <name>.debug_info</name>
         <load_address>0x5b55</load_address>
         <run_address>0x5b55</run_address>
         <size>0x226</size>
         <input_file_ref idref="fl-a"/>
      </object_component>
      <object_component id="oc-11f">
         <name>.debug_info</name>
         <load_address>0x5d7b</load_address>
         <run_address>0x5d7b</run_address>
         <size>0x312</size>
         <input_file_ref idref="fl-d"/>
      </object_component>
      <object_component id="oc-124">
         <name>.debug_info</name>
         <load_address>0x608d</load_address>
         <run_address>0x608d</run_address>
         <size>0x217</size>
         <input_file_ref idref="fl-d"/>
      </object_component>
      <object_component id="oc-12a">
         <name>.debug_info</name>
         <load_address>0x62a4</load_address>
         <run_address>0x62a4</run_address>
         <size>0x10d</size>
         <input_file_ref idref="fl-d"/>
      </object_component>
      <object_component id="oc-12e">
         <name>.debug_info</name>
         <load_address>0x63b1</load_address>
         <run_address>0x63b1</run_address>
         <size>0xff</size>
         <input_file_ref idref="fl-a"/>
      </object_component>
      <object_component id="oc-135">
         <name>.debug_info</name>
         <load_address>0x64b0</load_address>
         <run_address>0x64b0</run_address>
         <size>0x1c2</size>
         <input_file_ref idref="fl-c"/>
      </object_component>
      <object_component id="oc-137">
         <name>.debug_info</name>
         <load_address>0x6672</load_address>
         <run_address>0x6672</run_address>
         <size>0x1ba</size>
         <input_file_ref idref="fl-c"/>
      </object_component>
      <object_component id="oc-13a">
         <name>.debug_info</name>
         <load_address>0x682c</load_address>
         <run_address>0x682c</run_address>
         <size>0x176</size>
         <input_file_ref idref="fl-f"/>
      </object_component>
      <object_component id="oc-143">
         <name>.debug_info</name>
         <load_address>0x69a2</load_address>
         <run_address>0x69a2</run_address>
         <size>0x1c2</size>
         <input_file_ref idref="fl-147"/>
      </object_component>
      <object_component id="oc-148">
         <name>.debug_info</name>
         <load_address>0x6b64</load_address>
         <run_address>0x6b64</run_address>
         <size>0xb7</size>
         <input_file_ref idref="fl-145"/>
      </object_component>
      <object_component id="oc-14e">
         <name>.debug_info</name>
         <load_address>0x6c1b</load_address>
         <run_address>0x6c1b</run_address>
         <size>0x2c</size>
         <input_file_ref idref="fl-3"/>
      </object_component>
      <object_component id="oc-156">
         <name>.debug_info</name>
         <load_address>0x6c47</load_address>
         <run_address>0x6c47</run_address>
         <size>0x148</size>
         <input_file_ref idref="fl-14c"/>
      </object_component>
      <object_component id="oc-159">
         <name>.debug_info</name>
         <load_address>0x6d8f</load_address>
         <run_address>0x6d8f</run_address>
         <size>0x5e</size>
         <input_file_ref idref="fl-14a"/>
      </object_component>
      <object_component id="oc-15f">
         <name>.debug_info</name>
         <load_address>0x6ded</load_address>
         <run_address>0x6ded</run_address>
         <size>0x1d4</size>
         <input_file_ref idref="fl-149"/>
      </object_component>
      <object_component id="oc-165">
         <name>.debug_info</name>
         <load_address>0x6fc1</load_address>
         <run_address>0x6fc1</run_address>
         <size>0xd9</size>
         <input_file_ref idref="fl-149"/>
      </object_component>
      <object_component id="oc-172">
         <name>.debug_info</name>
         <load_address>0x709a</load_address>
         <run_address>0x709a</run_address>
         <size>0x5f</size>
         <input_file_ref idref="fl-a"/>
      </object_component>
      <object_component id="oc-183">
         <name>.debug_info</name>
         <load_address>0x70f9</load_address>
         <run_address>0x70f9</run_address>
         <size>0x114</size>
         <input_file_ref idref="fl-151"/>
      </object_component>
      <object_component id="oc-188">
         <name>.debug_info</name>
         <load_address>0x720d</load_address>
         <run_address>0x720d</run_address>
         <size>0x127</size>
         <input_file_ref idref="fl-152"/>
      </object_component>
      <object_component id="oc-18d">
         <name>.debug_info</name>
         <load_address>0x7334</load_address>
         <run_address>0x7334</run_address>
         <size>0xdb</size>
         <input_file_ref idref="fl-14d"/>
      </object_component>
      <object_component id="oc-191">
         <name>.debug_info</name>
         <load_address>0x740f</load_address>
         <run_address>0x740f</run_address>
         <size>0x1fd</size>
         <input_file_ref idref="fl-14e"/>
      </object_component>
      <object_component id="oc-196">
         <name>.debug_info</name>
         <load_address>0x760c</load_address>
         <run_address>0x760c</run_address>
         <size>0x179</size>
         <input_file_ref idref="fl-148"/>
      </object_component>
      <object_component id="oc-198">
         <name>.debug_info</name>
         <load_address>0x7785</load_address>
         <run_address>0x7785</run_address>
         <size>0x112</size>
         <input_file_ref idref="fl-147"/>
      </object_component>
      <object_component id="oc-19e">
         <name>.debug_info</name>
         <load_address>0x7897</load_address>
         <run_address>0x7897</run_address>
         <size>0xcd</size>
         <input_file_ref idref="fl-14c"/>
      </object_component>
      <object_component id="oc-1a7">
         <name>.debug_info</name>
         <load_address>0x7964</load_address>
         <run_address>0x7964</run_address>
         <size>0x9b</size>
         <input_file_ref idref="fl-151"/>
      </object_component>
      <object_component id="oc-1a9">
         <name>.debug_info</name>
         <load_address>0x79ff</load_address>
         <run_address>0x79ff</run_address>
         <size>0x143</size>
         <input_file_ref idref="fl-154"/>
      </object_component>
      <object_component id="oc-1ae">
         <name>.debug_info</name>
         <load_address>0x7b42</load_address>
         <run_address>0x7b42</run_address>
         <size>0xaa</size>
         <input_file_ref idref="fl-153"/>
      </object_component>
      <object_component id="oc-1b2">
         <name>.debug_info</name>
         <load_address>0x7bec</load_address>
         <run_address>0x7bec</run_address>
         <size>0x126</size>
         <input_file_ref idref="fl-14f"/>
      </object_component>
      <object_component id="oc-1b7">
         <name>.debug_info</name>
         <load_address>0x7d12</load_address>
         <run_address>0x7d12</run_address>
         <size>0x178</size>
         <input_file_ref idref="fl-150"/>
      </object_component>
      <object_component id="oc-1bc">
         <name>.debug_info</name>
         <load_address>0x7e8a</load_address>
         <run_address>0x7e8a</run_address>
         <size>0x175</size>
         <input_file_ref idref="fl-14e"/>
      </object_component>
      <object_component id="oc-1bf">
         <name>.debug_info</name>
         <load_address>0x7fff</load_address>
         <run_address>0x7fff</run_address>
         <size>0x86</size>
         <input_file_ref idref="fl-3"/>
      </object_component>
      <object_component id="oc-1c6">
         <name>.debug_info</name>
         <load_address>0x8085</load_address>
         <run_address>0x8085</run_address>
         <size>0x17b</size>
         <input_file_ref idref="fl-147"/>
      </object_component>
      <object_component id="oc-1ca">
         <name>.debug_info</name>
         <load_address>0x8200</load_address>
         <run_address>0x8200</run_address>
         <size>0x128</size>
         <input_file_ref idref="fl-155"/>
      </object_component>
      <object_component id="oc-1cf">
         <name>.debug_info</name>
         <load_address>0x8328</load_address>
         <run_address>0x8328</run_address>
         <size>0xe2</size>
         <input_file_ref idref="fl-154"/>
      </object_component>
      <object_component id="oc-1d4">
         <name>.debug_info</name>
         <load_address>0x840a</load_address>
         <run_address>0x840a</run_address>
         <size>0x9b</size>
         <input_file_ref idref="fl-14f"/>
      </object_component>
      <object_component id="oc-1d6">
         <name>.debug_info</name>
         <load_address>0x84a5</load_address>
         <run_address>0x84a5</run_address>
         <size>0xea</size>
         <input_file_ref idref="fl-150"/>
      </object_component>
      <object_component id="oc-1dc">
         <name>.debug_info</name>
         <load_address>0x858f</load_address>
         <run_address>0x858f</run_address>
         <size>0x13e</size>
         <input_file_ref idref="fl-156"/>
      </object_component>
      <object_component id="oc-1e1">
         <name>.debug_info</name>
         <load_address>0x86cd</load_address>
         <run_address>0x86cd</run_address>
         <size>0xd1</size>
         <input_file_ref idref="fl-155"/>
      </object_component>
      <object_component id="oc-1e4">
         <name>.debug_info</name>
         <load_address>0x879e</load_address>
         <run_address>0x879e</run_address>
         <size>0x6f</size>
         <input_file_ref idref="fl-154"/>
      </object_component>
      <object_component id="oc-1e9">
         <name>.debug_info</name>
         <load_address>0x880d</load_address>
         <run_address>0x880d</run_address>
         <size>0x112</size>
         <input_file_ref idref="fl-154"/>
      </object_component>
      <object_component id="oc-1ef">
         <name>.debug_info</name>
         <load_address>0x891f</load_address>
         <run_address>0x891f</run_address>
         <size>0xaf</size>
         <input_file_ref idref="fl-156"/>
      </object_component>
      <object_component id="oc-1f1">
         <name>.debug_info</name>
         <load_address>0x89ce</load_address>
         <run_address>0x89ce</run_address>
         <size>0xf1</size>
         <input_file_ref idref="fl-156"/>
      </object_component>
      <object_component id="oc-1f4">
         <name>.debug_info</name>
         <load_address>0x8abf</load_address>
         <run_address>0x8abf</run_address>
         <size>0x2c</size>
         <input_file_ref idref="fl-155"/>
      </object_component>
      <object_component id="oc-21e">
         <name>.debug_info</name>
         <load_address>0x8aeb</load_address>
         <run_address>0x8aeb</run_address>
         <size>0x97</size>
      </object_component>
      <object_component id="oc-11">
         <name>.debug_line</name>
         <load_address>0x0</load_address>
         <run_address>0x0</run_address>
         <size>0x4f</size>
         <input_file_ref idref="fl-139"/>
      </object_component>
      <object_component id="oc-16">
         <name>.debug_line</name>
         <load_address>0x4f</load_address>
         <run_address>0x4f</run_address>
         <size>0x55</size>
         <input_file_ref idref="fl-13a"/>
      </object_component>
      <object_component id="oc-1b">
         <name>.debug_line</name>
         <load_address>0xa4</load_address>
         <run_address>0xa4</run_address>
         <size>0x4c</size>
         <input_file_ref idref="fl-13c"/>
      </object_component>
      <object_component id="oc-20">
         <name>.debug_line</name>
         <load_address>0xf0</load_address>
         <run_address>0xf0</run_address>
         <size>0x4b</size>
         <input_file_ref idref="fl-13b"/>
      </object_component>
      <object_component id="oc-26">
         <name>.debug_line</name>
         <load_address>0x13b</load_address>
         <run_address>0x13b</run_address>
         <size>0xa1</size>
         <input_file_ref idref="fl-2"/>
      </object_component>
      <object_component id="oc-2b">
         <name>.debug_line</name>
         <load_address>0x1dc</load_address>
         <run_address>0x1dc</run_address>
         <size>0x115</size>
         <input_file_ref idref="fl-3"/>
      </object_component>
      <object_component id="oc-2f">
         <name>.debug_line</name>
         <load_address>0x2f1</load_address>
         <run_address>0x2f1</run_address>
         <size>0x41</size>
         <input_file_ref idref="fl-2"/>
      </object_component>
      <object_component id="oc-33">
         <name>.debug_line</name>
         <load_address>0x332</load_address>
         <run_address>0x332</run_address>
         <size>0x87</size>
         <input_file_ref idref="fl-14b"/>
      </object_component>
      <object_component id="oc-37">
         <name>.debug_line</name>
         <load_address>0x3b9</load_address>
         <run_address>0x3b9</run_address>
         <size>0x50</size>
         <input_file_ref idref="fl-14a"/>
      </object_component>
      <object_component id="oc-3c">
         <name>.debug_line</name>
         <load_address>0x409</load_address>
         <run_address>0x409</run_address>
         <size>0x7a</size>
         <input_file_ref idref="fl-13d"/>
      </object_component>
      <object_component id="oc-44">
         <name>.debug_line</name>
         <load_address>0x483</load_address>
         <run_address>0x483</run_address>
         <size>0x88</size>
         <input_file_ref idref="fl-144"/>
      </object_component>
      <object_component id="oc-49">
         <name>.debug_line</name>
         <load_address>0x50b</load_address>
         <run_address>0x50b</run_address>
         <size>0x3a</size>
         <input_file_ref idref="fl-13a"/>
      </object_component>
      <object_component id="oc-50">
         <name>.debug_line</name>
         <load_address>0x545</load_address>
         <run_address>0x545</run_address>
         <size>0x34</size>
         <input_file_ref idref="fl-13c"/>
      </object_component>
      <object_component id="oc-56">
         <name>.debug_line</name>
         <load_address>0x579</load_address>
         <run_address>0x579</run_address>
         <size>0x8c</size>
         <input_file_ref idref="fl-13b"/>
      </object_component>
      <object_component id="oc-5d">
         <name>.debug_line</name>
         <load_address>0x605</load_address>
         <run_address>0x605</run_address>
         <size>0x39</size>
         <input_file_ref idref="fl-13b"/>
      </object_component>
      <object_component id="oc-63">
         <name>.debug_line</name>
         <load_address>0x63e</load_address>
         <run_address>0x63e</run_address>
         <size>0x6c</size>
         <input_file_ref idref="fl-9"/>
      </object_component>
      <object_component id="oc-68">
         <name>.debug_line</name>
         <load_address>0x6aa</load_address>
         <run_address>0x6aa</run_address>
         <size>0x6b</size>
         <input_file_ref idref="fl-d"/>
      </object_component>
      <object_component id="oc-6d">
         <name>.debug_line</name>
         <load_address>0x715</load_address>
         <run_address>0x715</run_address>
         <size>0x6f</size>
         <input_file_ref idref="fl-b"/>
      </object_component>
      <object_component id="oc-72">
         <name>.debug_line</name>
         <load_address>0x784</load_address>
         <run_address>0x784</run_address>
         <size>0x6a</size>
         <input_file_ref idref="fl-b"/>
      </object_component>
      <object_component id="oc-77">
         <name>.debug_line</name>
         <load_address>0x7ee</load_address>
         <run_address>0x7ee</run_address>
         <size>0x6a</size>
         <input_file_ref idref="fl-e"/>
      </object_component>
      <object_component id="oc-7c">
         <name>.debug_line</name>
         <load_address>0x858</load_address>
         <run_address>0x858</run_address>
         <size>0x67</size>
         <input_file_ref idref="fl-e"/>
      </object_component>
      <object_component id="oc-81">
         <name>.debug_line</name>
         <load_address>0x8bf</load_address>
         <run_address>0x8bf</run_address>
         <size>0x6d</size>
         <input_file_ref idref="fl-a"/>
      </object_component>
      <object_component id="oc-86">
         <name>.debug_line</name>
         <load_address>0x92c</load_address>
         <run_address>0x92c</run_address>
         <size>0x72</size>
         <input_file_ref idref="fl-d"/>
      </object_component>
      <object_component id="oc-8b">
         <name>.debug_line</name>
         <load_address>0x99e</load_address>
         <run_address>0x99e</run_address>
         <size>0x80</size>
         <input_file_ref idref="fl-d"/>
      </object_component>
      <object_component id="oc-90">
         <name>.debug_line</name>
         <load_address>0xa1e</load_address>
         <run_address>0xa1e</run_address>
         <size>0x6c</size>
         <input_file_ref idref="fl-d"/>
      </object_component>
      <object_component id="oc-95">
         <name>.debug_line</name>
         <load_address>0xa8a</load_address>
         <run_address>0xa8a</run_address>
         <size>0xc8</size>
         <input_file_ref idref="fl-a"/>
      </object_component>
      <object_component id="oc-9a">
         <name>.debug_line</name>
         <load_address>0xb52</load_address>
         <run_address>0xb52</run_address>
         <size>0x7b</size>
         <input_file_ref idref="fl-b"/>
      </object_component>
      <object_component id="oc-9f">
         <name>.debug_line</name>
         <load_address>0xbcd</load_address>
         <run_address>0xbcd</run_address>
         <size>0x6a</size>
         <input_file_ref idref="fl-b"/>
      </object_component>
      <object_component id="oc-a4">
         <name>.debug_line</name>
         <load_address>0xc37</load_address>
         <run_address>0xc37</run_address>
         <size>0x80</size>
         <input_file_ref idref="fl-9"/>
      </object_component>
      <object_component id="oc-a9">
         <name>.debug_line</name>
         <load_address>0xcb7</load_address>
         <run_address>0xcb7</run_address>
         <size>0x75</size>
         <input_file_ref idref="fl-9"/>
      </object_component>
      <object_component id="oc-ae">
         <name>.debug_line</name>
         <load_address>0xd2c</load_address>
         <run_address>0xd2c</run_address>
         <size>0x99</size>
         <input_file_ref idref="fl-c"/>
      </object_component>
      <object_component id="oc-b3">
         <name>.debug_line</name>
         <load_address>0xdc5</load_address>
         <run_address>0xdc5</run_address>
         <size>0x6c</size>
         <input_file_ref idref="fl-9"/>
      </object_component>
      <object_component id="oc-b8">
         <name>.debug_line</name>
         <load_address>0xe31</load_address>
         <run_address>0xe31</run_address>
         <size>0x70</size>
         <input_file_ref idref="fl-c"/>
      </object_component>
      <object_component id="oc-bd">
         <name>.debug_line</name>
         <load_address>0xea1</load_address>
         <run_address>0xea1</run_address>
         <size>0x6c</size>
         <input_file_ref idref="fl-9"/>
      </object_component>
      <object_component id="oc-c2">
         <name>.debug_line</name>
         <load_address>0xf0d</load_address>
         <run_address>0xf0d</run_address>
         <size>0xd2</size>
         <input_file_ref idref="fl-a"/>
      </object_component>
      <object_component id="oc-c7">
         <name>.debug_line</name>
         <load_address>0xfdf</load_address>
         <run_address>0xfdf</run_address>
         <size>0x3b</size>
         <input_file_ref idref="fl-145"/>
      </object_component>
      <object_component id="oc-cc">
         <name>.debug_line</name>
         <load_address>0x101a</load_address>
         <run_address>0x101a</run_address>
         <size>0x56</size>
         <input_file_ref idref="fl-142"/>
      </object_component>
      <object_component id="oc-d0">
         <name>.debug_line</name>
         <load_address>0x1070</load_address>
         <run_address>0x1070</run_address>
         <size>0xa8</size>
         <input_file_ref idref="fl-13f"/>
      </object_component>
      <object_component id="oc-d4">
         <name>.debug_line</name>
         <load_address>0x1118</load_address>
         <run_address>0x1118</run_address>
         <size>0x58</size>
         <input_file_ref idref="fl-141"/>
      </object_component>
      <object_component id="oc-dd">
         <name>.debug_line</name>
         <load_address>0x1170</load_address>
         <run_address>0x1170</run_address>
         <size>0x6f</size>
         <input_file_ref idref="fl-2"/>
      </object_component>
      <object_component id="oc-e2">
         <name>.debug_line</name>
         <load_address>0x11df</load_address>
         <run_address>0x11df</run_address>
         <size>0x20</size>
         <input_file_ref idref="fl-2"/>
      </object_component>
      <object_component id="oc-e6">
         <name>.debug_line</name>
         <load_address>0x11ff</load_address>
         <run_address>0x11ff</run_address>
         <size>0x41</size>
         <input_file_ref idref="fl-2"/>
      </object_component>
      <object_component id="oc-e9">
         <name>.debug_line</name>
         <load_address>0x1240</load_address>
         <run_address>0x1240</run_address>
         <size>0x6d</size>
         <input_file_ref idref="fl-14c"/>
      </object_component>
      <object_component id="oc-f6">
         <name>.debug_line</name>
         <load_address>0x12ad</load_address>
         <run_address>0x12ad</run_address>
         <size>0x33</size>
         <input_file_ref idref="fl-146"/>
      </object_component>
      <object_component id="oc-fa">
         <name>.debug_line</name>
         <load_address>0x12e0</load_address>
         <run_address>0x12e0</run_address>
         <size>0x44</size>
         <input_file_ref idref="fl-13a"/>
      </object_component>
      <object_component id="oc-fe">
         <name>.debug_line</name>
         <load_address>0x1324</load_address>
         <run_address>0x1324</run_address>
         <size>0x20</size>
         <input_file_ref idref="fl-13a"/>
      </object_component>
      <object_component id="oc-101">
         <name>.debug_line</name>
         <load_address>0x1344</load_address>
         <run_address>0x1344</run_address>
         <size>0x44</size>
         <input_file_ref idref="fl-13c"/>
      </object_component>
      <object_component id="oc-105">
         <name>.debug_line</name>
         <load_address>0x1388</load_address>
         <run_address>0x1388</run_address>
         <size>0x20</size>
         <input_file_ref idref="fl-13c"/>
      </object_component>
      <object_component id="oc-108">
         <name>.debug_line</name>
         <load_address>0x13a8</load_address>
         <run_address>0x13a8</run_address>
         <size>0x20</size>
         <input_file_ref idref="fl-13b"/>
      </object_component>
      <object_component id="oc-10c">
         <name>.debug_line</name>
         <load_address>0x13c8</load_address>
         <run_address>0x13c8</run_address>
         <size>0x5e</size>
         <input_file_ref idref="fl-9"/>
      </object_component>
      <object_component id="oc-117">
         <name>.debug_line</name>
         <load_address>0x1426</load_address>
         <run_address>0x1426</run_address>
         <size>0x20</size>
         <input_file_ref idref="fl-9"/>
      </object_component>
      <object_component id="oc-120">
         <name>.debug_line</name>
         <load_address>0x1446</load_address>
         <run_address>0x1446</run_address>
         <size>0xb0</size>
         <input_file_ref idref="fl-d"/>
      </object_component>
      <object_component id="oc-125">
         <name>.debug_line</name>
         <load_address>0x14f6</load_address>
         <run_address>0x14f6</run_address>
         <size>0x6e</size>
         <input_file_ref idref="fl-d"/>
      </object_component>
      <object_component id="oc-13b">
         <name>.debug_line</name>
         <load_address>0x1564</load_address>
         <run_address>0x1564</run_address>
         <size>0x6a</size>
         <input_file_ref idref="fl-f"/>
      </object_component>
      <object_component id="oc-144">
         <name>.debug_line</name>
         <load_address>0x15ce</load_address>
         <run_address>0x15ce</run_address>
         <size>0x8d</size>
         <input_file_ref idref="fl-147"/>
      </object_component>
      <object_component id="oc-14d">
         <name>.debug_line</name>
         <load_address>0x165b</load_address>
         <run_address>0x165b</run_address>
         <size>0x1d6</size>
         <input_file_ref idref="fl-3"/>
      </object_component>
      <object_component id="oc-150">
         <name>.debug_line</name>
         <load_address>0x1831</load_address>
         <run_address>0x1831</run_address>
         <size>0x70</size>
         <input_file_ref idref="fl-3"/>
      </object_component>
      <object_component id="oc-154">
         <name>.debug_line</name>
         <load_address>0x18a1</load_address>
         <run_address>0x18a1</run_address>
         <size>0x2d</size>
         <input_file_ref idref="fl-3"/>
      </object_component>
      <object_component id="oc-158">
         <name>.debug_line</name>
         <load_address>0x18ce</load_address>
         <run_address>0x18ce</run_address>
         <size>0x2b</size>
         <input_file_ref idref="fl-14a"/>
      </object_component>
      <object_component id="oc-15b">
         <name>.debug_line</name>
         <load_address>0x18f9</load_address>
         <run_address>0x18f9</run_address>
         <size>0x2b</size>
         <input_file_ref idref="fl-14a"/>
      </object_component>
      <object_component id="oc-160">
         <name>.debug_line</name>
         <load_address>0x1924</load_address>
         <run_address>0x1924</run_address>
         <size>0x66</size>
         <input_file_ref idref="fl-149"/>
      </object_component>
      <object_component id="oc-164">
         <name>.debug_line</name>
         <load_address>0x198a</load_address>
         <run_address>0x198a</run_address>
         <size>0x2b</size>
         <input_file_ref idref="fl-149"/>
      </object_component>
      <object_component id="oc-167">
         <name>.debug_line</name>
         <load_address>0x19b5</load_address>
         <run_address>0x19b5</run_address>
         <size>0x2a</size>
         <input_file_ref idref="fl-13d"/>
      </object_component>
      <object_component id="oc-169">
         <name>.debug_line</name>
         <load_address>0x19df</load_address>
         <run_address>0x19df</run_address>
         <size>0x43</size>
         <input_file_ref idref="fl-13d"/>
      </object_component>
      <object_component id="oc-16b">
         <name>.debug_line</name>
         <load_address>0x1a22</load_address>
         <run_address>0x1a22</run_address>
         <size>0x5b</size>
         <input_file_ref idref="fl-9"/>
      </object_component>
      <object_component id="oc-16d">
         <name>.debug_line</name>
         <load_address>0x1a7d</load_address>
         <run_address>0x1a7d</run_address>
         <size>0x5b</size>
         <input_file_ref idref="fl-d"/>
      </object_component>
      <object_component id="oc-16f">
         <name>.debug_line</name>
         <load_address>0x1ad8</load_address>
         <run_address>0x1ad8</run_address>
         <size>0x5b</size>
         <input_file_ref idref="fl-b"/>
      </object_component>
      <object_component id="oc-171">
         <name>.debug_line</name>
         <load_address>0x1b33</load_address>
         <run_address>0x1b33</run_address>
         <size>0xc8</size>
         <input_file_ref idref="fl-a"/>
      </object_component>
      <object_component id="oc-174">
         <name>.debug_line</name>
         <load_address>0x1bfb</load_address>
         <run_address>0x1bfb</run_address>
         <size>0x58</size>
         <input_file_ref idref="fl-a"/>
      </object_component>
      <object_component id="oc-17a">
         <name>.debug_line</name>
         <load_address>0x1c53</load_address>
         <run_address>0x1c53</run_address>
         <size>0x56</size>
         <input_file_ref idref="fl-d"/>
      </object_component>
      <object_component id="oc-17c">
         <name>.debug_line</name>
         <load_address>0x1ca9</load_address>
         <run_address>0x1ca9</run_address>
         <size>0x58</size>
         <input_file_ref idref="fl-a"/>
      </object_component>
      <object_component id="oc-17e">
         <name>.debug_line</name>
         <load_address>0x1d01</load_address>
         <run_address>0x1d01</run_address>
         <size>0x5b</size>
         <input_file_ref idref="fl-c"/>
      </object_component>
      <object_component id="oc-180">
         <name>.debug_line</name>
         <load_address>0x1d5c</load_address>
         <run_address>0x1d5c</run_address>
         <size>0x55</size>
         <input_file_ref idref="fl-c"/>
      </object_component>
      <object_component id="oc-184">
         <name>.debug_line</name>
         <load_address>0x1db1</load_address>
         <run_address>0x1db1</run_address>
         <size>0x45</size>
         <input_file_ref idref="fl-151"/>
      </object_component>
      <object_component id="oc-189">
         <name>.debug_line</name>
         <load_address>0x1df6</load_address>
         <run_address>0x1df6</run_address>
         <size>0x4e</size>
         <input_file_ref idref="fl-152"/>
      </object_component>
      <object_component id="oc-18e">
         <name>.debug_line</name>
         <load_address>0x1e44</load_address>
         <run_address>0x1e44</run_address>
         <size>0x73</size>
         <input_file_ref idref="fl-14d"/>
      </object_component>
      <object_component id="oc-192">
         <name>.debug_line</name>
         <load_address>0x1eb7</load_address>
         <run_address>0x1eb7</run_address>
         <size>0xc2</size>
         <input_file_ref idref="fl-14e"/>
      </object_component>
      <object_component id="oc-19b">
         <name>.debug_line</name>
         <load_address>0x1f79</load_address>
         <run_address>0x1f79</run_address>
         <size>0x43</size>
         <input_file_ref idref="fl-145"/>
      </object_component>
      <object_component id="oc-19d">
         <name>.debug_line</name>
         <load_address>0x1fbc</load_address>
         <run_address>0x1fbc</run_address>
         <size>0x51</size>
         <input_file_ref idref="fl-14c"/>
      </object_component>
      <object_component id="oc-1a0">
         <name>.debug_line</name>
         <load_address>0x200d</load_address>
         <run_address>0x200d</run_address>
         <size>0x45</size>
         <input_file_ref idref="fl-14c"/>
      </object_component>
      <object_component id="oc-1a5">
         <name>.debug_line</name>
         <load_address>0x2052</load_address>
         <run_address>0x2052</run_address>
         <size>0x20</size>
         <input_file_ref idref="fl-149"/>
      </object_component>
      <object_component id="oc-1aa">
         <name>.debug_line</name>
         <load_address>0x2072</load_address>
         <run_address>0x2072</run_address>
         <size>0x53</size>
         <input_file_ref idref="fl-154"/>
      </object_component>
      <object_component id="oc-1b3">
         <name>.debug_line</name>
         <load_address>0x20c5</load_address>
         <run_address>0x20c5</run_address>
         <size>0x7d</size>
         <input_file_ref idref="fl-14f"/>
      </object_component>
      <object_component id="oc-1b8">
         <name>.debug_line</name>
         <load_address>0x2142</load_address>
         <run_address>0x2142</run_address>
         <size>0x9c</size>
         <input_file_ref idref="fl-150"/>
      </object_component>
      <object_component id="oc-1be">
         <name>.debug_line</name>
         <load_address>0x21de</load_address>
         <run_address>0x21de</run_address>
         <size>0x2e</size>
         <input_file_ref idref="fl-148"/>
      </object_component>
      <object_component id="oc-1c1">
         <name>.debug_line</name>
         <load_address>0x220c</load_address>
         <run_address>0x220c</run_address>
         <size>0x6e</size>
         <input_file_ref idref="fl-3"/>
      </object_component>
      <object_component id="oc-1c5">
         <name>.debug_line</name>
         <load_address>0x227a</load_address>
         <run_address>0x227a</run_address>
         <size>0x2c</size>
         <input_file_ref idref="fl-147"/>
      </object_component>
      <object_component id="oc-1c8">
         <name>.debug_line</name>
         <load_address>0x22a6</load_address>
         <run_address>0x22a6</run_address>
         <size>0x20</size>
         <input_file_ref idref="fl-151"/>
      </object_component>
      <object_component id="oc-1cb">
         <name>.debug_line</name>
         <load_address>0x22c6</load_address>
         <run_address>0x22c6</run_address>
         <size>0x53</size>
         <input_file_ref idref="fl-155"/>
      </object_component>
      <object_component id="oc-1d2">
         <name>.debug_line</name>
         <load_address>0x2319</load_address>
         <run_address>0x2319</run_address>
         <size>0x2b</size>
         <input_file_ref idref="fl-153"/>
      </object_component>
      <object_component id="oc-1d8">
         <name>.debug_line</name>
         <load_address>0x2344</load_address>
         <run_address>0x2344</run_address>
         <size>0x4e</size>
         <input_file_ref idref="fl-14e"/>
      </object_component>
      <object_component id="oc-1da">
         <name>.debug_line</name>
         <load_address>0x2392</load_address>
         <run_address>0x2392</run_address>
         <size>0x70</size>
         <input_file_ref idref="fl-147"/>
      </object_component>
      <object_component id="oc-1dd">
         <name>.debug_line</name>
         <load_address>0x2402</load_address>
         <run_address>0x2402</run_address>
         <size>0x48</size>
         <input_file_ref idref="fl-156"/>
      </object_component>
      <object_component id="oc-1e3">
         <name>.debug_line</name>
         <load_address>0x244a</load_address>
         <run_address>0x244a</run_address>
         <size>0x33</size>
         <input_file_ref idref="fl-154"/>
      </object_component>
      <object_component id="oc-1e6">
         <name>.debug_line</name>
         <load_address>0x247d</load_address>
         <run_address>0x247d</run_address>
         <size>0x42</size>
         <input_file_ref idref="fl-154"/>
      </object_component>
      <object_component id="oc-1eb">
         <name>.debug_line</name>
         <load_address>0x24bf</load_address>
         <run_address>0x24bf</run_address>
         <size>0x20</size>
         <input_file_ref idref="fl-14f"/>
      </object_component>
      <object_component id="oc-1ed">
         <name>.debug_line</name>
         <load_address>0x24df</load_address>
         <run_address>0x24df</run_address>
         <size>0x4e</size>
         <input_file_ref idref="fl-150"/>
      </object_component>
      <object_component id="oc-1f3">
         <name>.debug_line</name>
         <load_address>0x252d</load_address>
         <run_address>0x252d</run_address>
         <size>0x44</size>
         <input_file_ref idref="fl-155"/>
      </object_component>
      <object_component id="oc-1f6">
         <name>.debug_line</name>
         <load_address>0x2571</load_address>
         <run_address>0x2571</run_address>
         <size>0x44</size>
         <input_file_ref idref="fl-155"/>
      </object_component>
      <object_component id="oc-1fa">
         <name>.debug_line</name>
         <load_address>0x25b5</load_address>
         <run_address>0x25b5</run_address>
         <size>0x44</size>
         <input_file_ref idref="fl-154"/>
      </object_component>
      <object_component id="oc-1fc">
         <name>.debug_line</name>
         <load_address>0x25f9</load_address>
         <run_address>0x25f9</run_address>
         <size>0x2c</size>
         <input_file_ref idref="fl-156"/>
      </object_component>
      <object_component id="oc-1fe">
         <name>.debug_line</name>
         <load_address>0x2625</load_address>
         <run_address>0x2625</run_address>
         <size>0x43</size>
         <input_file_ref idref="fl-156"/>
      </object_component>
      <object_component id="oc-12">
         <name>.debug_aranges</name>
         <load_address>0x0</load_address>
         <run_address>0x0</run_address>
         <size>0x20</size>
         <input_file_ref idref="fl-139"/>
      </object_component>
      <object_component id="oc-18">
[...]
         </contents>
      </logical_group>
      <logical_group id="lg-217" display="never" color="cyan">
         <name>.debug_pubtypes</name>
         <load_address>0x0</load_address>
         <run_address>0x0</run_address>
         <size>0x79a</size>
         <contents>
            <object_component_ref idref="oc-4b"/>
            <object_component_ref idref="oc-52"/>
            <object_component_ref idref="oc-5f"/>
            <object_component_ref idref="oc-df"/>
            <object_component_ref idref="oc-e4"/>
            <object_component_ref idref="oc-fc"/>
            <object_component_ref idref="oc-103"/>
            <object_component_ref idref="oc-10e"/>
            <object_component_ref idref="oc-119"/>
            <object_component_ref idref="oc-152"/>
            <object_component_ref idref="oc-15d"/>
            <object_component_ref idref="oc-176"/>
            <object_component_ref idref="oc-1a2"/>
            <object_component_ref idref="oc-1c3"/>
            <object_component_ref idref="oc-1e8"/>
            <object_component_ref idref="oc-1f8"/>
         </contents>
      </logical_group>
      <load_segment id="lg-226" display="no" color="cyan">
         <name>SEGMENT_0</name>
         <load_address>0x0</load_address>
         <run_address>0x0</run_address>
         <size>0x15e0</size>
         <flags>0x5</flags>
         <contents>
            <logical_group_ref idref="lg-3"/>
            <logical_group_ref idref="lg-4"/>
            <logical_group_ref idref="lg-5"/>
            <logical_group_ref idref="lg-6"/>
         </contents>
      </load_segment>
      <load_segment id="lg-227" display="no" color="cyan">
         <name>SEGMENT_1</name>
         <run_address>0x20000000</run_address>
         <size>0x20c</size>
         <flags>0x6</flags>
         <contents>
            <logical_group_ref idref="lg-a"/>
            <logical_group_ref idref="lg-d"/>
            <logical_group_ref idref="lg-b"/>
         </contents>
      </load_segment>
   </logical_group_list>
   <placement_map>
      <memory_area display="yes" color="green">
         <name>FLASH</name>
         <page_id>0x0</page_id>
         <origin>0x0</origin>
         <length>0x20000</length>
         <used_space>0x15de</used_space>
         <unused_space>0x1ea22</unused_space>
         <attributes>RX</attributes>
         <usage_details>
            <allocated_space>
               <start_address>0x0</start_address>
               <size>0x26c</size>
               <logical_group_ref idref="lg-3"/>
            </allocated_space>
            <allocated_space>
               <start_address>0x26c</start_address>
               <size>0x117e</size>
               <logical_group_ref idref="lg-4"/>
            </allocated_space>
            <available_space>
               <start_address>0x13ea</start_address>
               <size>0x2</size>
            </available_space>
            <allocated_space>
               <start_address>0x13ec</start_address>
               <size>0x194</size>
               <logical_group_ref idref="lg-5"/>
            </allocated_space>
            <allocated_space>
               <start_address>0x1580</start_address>
               <size>0x60</size>
               <logical_group_ref idref="lg-6"/>
            </allocated_space>
            <available_space>
               <start_address>0x15e0</start_address>
               <size>0x1ea20</size>
            </available_space>
         </usage_details>
      </memory_area>
      <memory_area display="yes" color="green">
         <name>SRAM</name>
         <page_id>0x0</page_id>
         <origin>0x20000000</origin>
         <length>0x8000</length>
         <used_space>0x20c</used_space>
         <unused_space>0x7df4</unused_space>
         <attributes>RWX</attributes>
         <usage_details>
            <allocated_space>
               <start_address>0x20000000</start_address>
               <size>0x140</size>
               <logical_group_ref idref="lg-a"/>
            </allocated_space>
            <allocated_space>
               <start_address>0x20000140</start_address>
               <size>0xc8</size>
               <logical_group_ref idref="lg-d"/>
            </allocated_space>
            <allocated_space>
               <start_address>0x20000208</start_address>
               <size>0x4</size>
               <logical_group_ref idref="lg-b"/>
            </allocated_space>
            <available_space>
               <start_address>0x2000020c</start_address>
               <size>0x7df4</size>
            </available_space>
         </usage_details>
      </memory_area>
   </placement_map>
   <cptbl_list>
      <cptbl>
         <name>__TI_cinit_table</name>
         <cprec>
            <name>.data</name>
            <load_address>0x1580</load_address>
            <load_size>0x38</load_size>
            <run_address>0x20000000</run_address>
            <run_size>0x140</run_size>
            <compression>rle</compression>
         </cprec>
         <cprec>
            <name>.bss</name>
            <load_address>0x15c8</load_address>
            <load_size>0x8</load_size>
            <run_address>0x20000208</run_address>
            <run_size>0x4</run_size>
            <compression>zero_init</compression>
         </cprec>
      </cptbl>
   </cptbl_list>
   <handler_table>
      <handler_table_name>__TI_handler_table</handler_table_name>
      <handler>
         <index>0x0</index>
         <name>__TI_decompress_rle24</name>
      </handler>
      <handler>
         <index>0x1</index>
         <name>__TI_decompress_none</name>
      </handler>
      <handler>
         <index>0x2</index>
         <name>__TI_zero_init</name>
      </handler>
   </handler_table>
   <symbol_table>
      <symbol id="sm-1">
         <name>__STACK_TOP</name>
         <value>0x20000340</value>
      </symbol>
      <symbol id="sm-2">
         <name>__TI_CINIT_Base</name>
         <value>0x15d0</value>
      </symbol>
      <symbol id="sm-3">
         <name>__TI_CINIT_Limit</name>
         <value>0x15e0</value>
      </symbol>
      <symbol id="sm-4">
         <name>__TI_Handler_Table_Base</name>
         <value>0x15b8</value>
      </symbol>
      <symbol id="sm-5">
         <name>__TI_Handler_Table_Limit</name>
         <value>0x15c4</value>
      </symbol>
      <symbol id="sm-6">
         <name>binit</name>
         <value>0xffffffff</value>
      </symbol>
      <symbol id="sm-7">
         <name>__binit__</name>
         <value>0xffffffff</value>
      </symbol>
      <symbol id="sm-8">
         <name>__STACK_SIZE</name>
         <value>0xc8</value>
      </symbol>
      <symbol id="sm-9">
         <name>__STACK_END</name>
         <value>0x20000208</value>
      </symbol>
      <symbol id="sm-a">
         <name>__c_args__</name>
         <value>0xffffffff</value>
      </symbol>
      <symbol id="sm-40">
         <name>ResetISR</name>
         <value>0x139f</value>
         <object_component_ref idref="oc-24"/>
      </symbol>
      <symbol id="sm-41">
         <name>g_pfnVectors</name>
         <value>0x0</value>
         <object_component_ref idref="oc-e"/>
      </symbol>
      <symbol id="sm-7c">
         <name>InitializeGPIO</name>
         <value>0x2e3</value>
         <object_component_ref idref="oc-29"/>
      </symbol>
      <symbol id="sm-7d">
         <name>InitializeSPI</name>
         <value>0x2ff</value>
         <object_component_ref idref="oc-29"/>
      </symbol>
      <symbol id="sm-7e">
         <name>main</name>
         <value>0x3ad</value>
         <object_component_ref idref="oc-29"/>
      </symbol>
      <symbol id="sm-7f">
         <name>InitializeFPU</name>
         <value>0x2d7</value>
         <object_component_ref idref="oc-29"/>
      </symbol>
      <symbol id="sm-80">
         <name>InitializeTimer</name>
         <value>0x367</value>
         <object_component_ref idref="oc-29"/>
      </symbol>
      <symbol id="sm-81">
         <name>Timer0IntHandler</name>
         <value>0x26d</value>
         <object_component_ref idref="oc-29"/>
      </symbol>
      <symbol id="sm-ba">
         <name>TimerLoadSet</name>
         <value>0x1323</value>
         <object_component_ref idref="oc-a7"/>
      </symbol>
      <symbol id="sm-bb">
         <name>TimerEnable</name>
         <value>0x1377</value>
         <object_component_ref idref="oc-bb"/>
      </symbol>
      <symbol id="sm-bc">
         <name>TimerIntEnable</name>
         <value>0x13c7</value>
         <object_component_ref idref="oc-b1"/>
      </symbol>
      <symbol id="sm-bd">
         <name>TimerConfigure</name>
         <value>0xf2d</value>
         <object_component_ref idref="oc-a2"/>
      </symbol>
      <symbol id="sm-be">
         <name>TimerIntClear</name>
         <value>0x13e7</value>
         <object_component_ref idref="oc-61"/>
      </symbol>
      <symbol id="sm-10a">
         <name>SysCtlClockSet</name>
         <value>0x9b9</value>
         <object_component_ref idref="oc-c0"/>
      </symbol>
      <symbol id="sm-10b">
         <name>SysCtlDelay</name>
         <value>0x13d5</value>
         <object_component_ref idref="oc-140"/>
      </symbol>
      <symbol id="sm-10c">
         <name>SysCtlPeripheralEnable</name>
         <value>0x11a9</value>
         <object_component_ref idref="oc-7f"/>
      </symbol>
      <symbol id="sm-10d">
         <name>SysCtlClockGet</name>
         <value>0xabd</value>
         <object_component_ref idref="oc-93"/>
      </symbol>
      <symbol id="sm-132">
         <name>SSIDataPutNonBlocking</name>
         <value>0x1369</value>
         <object_component_ref idref="oc-6b"/>
      </symbol>
      <symbol id="sm-133">
         <name>SSIConfigSetExpClk</name>
         <value>0x10ed</value>
         <object_component_ref idref="oc-98"/>
      </symbol>
      <symbol id="sm-134">
         <name>SSIEnable</name>
         <value>0x13b5</value>
         <object_component_ref idref="oc-9d"/>
      </symbol>
      <symbol id="sm-135">
         <name>SSIBusy</name>
         <value>0x13bf</value>
         <object_component_ref idref="oc-70"/>
      </symbol>
      <symbol id="sm-160">
         <name>IntEnable</name>
         <value>0xe6d</value>
         <object_component_ref idref="oc-ac"/>
      </symbol>
      <symbol id="sm-161">
         <name>IntMasterEnable</name>
         <value>0x13ab</value>
         <object_component_ref idref="oc-b6"/>
      </symbol>
      <symbol id="sm-1a2">
         <name>GPIOPinConfigure</name>
         <value>0xfd5</value>
         <object_component_ref idref="oc-89"/>
      </symbol>
      <symbol id="sm-1a3">
         <name>GPIOPinTypeGPIOOutput</name>
         <value>0x12cd</value>
         <object_component_ref idref="oc-84"/>
      </symbol>
      <symbol id="sm-1a4">
         <name>GPIODirModeSet</name>
         <value>0x12a3</value>
         <object_component_ref idref="oc-123"/>
      </symbol>
      <symbol id="sm-1a5">
         <name>GPIOPinWrite</name>
         <value>0x13cf</value>
         <object_component_ref idref="oc-66"/>
      </symbol>
      <symbol id="sm-1a6">
         <name>GPIOPadConfigSet</name>
         <value>0x763</value>
         <object_component_ref idref="oc-11e"/>
      </symbol>
      <symbol id="sm-1a7">
         <name>GPIOPinTypeSSI</name>
         <value>0x1311</value>
         <object_component_ref idref="oc-8e"/>
      </symbol>
      <symbol id="sm-1bb">
         <name>FPULazyStackingEnable</name>
         <value>0x1359</value>
         <object_component_ref idref="oc-75"/>
      </symbol>
      <symbol id="sm-1bc">
         <name>FPUEnable</name>
         <value>0x1349</value>
         <object_component_ref idref="oc-7a"/>
      </symbol>
      <symbol id="sm-1c5">
         <name>CPUcpsie</name>
         <value>0x1393</value>
         <object_component_ref idref="oc-139"/>
      </symbol>
      <symbol id="sm-1d4">
         <name>_c_int00</name>
         <value>0x101d</value>
         <object_component_ref idref="oc-10"/>
      </symbol>
      <symbol id="sm-1d5">
         <name>__stack</name>
         <value>0x20000140</value>
         <object_component_ref idref="oc-23"/>
      </symbol>
      <symbol id="sm-1eb">
         <name>__TI_decompress_none</name>
         <value>0x1385</value>
         <object_component_ref idref="oc-14"/>
      </symbol>
      <symbol id="sm-20d">
         <name>__TI_decompress_rle24</name>
         <value>0x13db</value>
         <object_component_ref idref="oc-1e"/>
      </symbol>
      <symbol id="sm-225">
         <name>__TI_zero_init</name>
         <value>0x1335</value>
         <object_component_ref idref="oc-19"/>
      </symbol>
      <symbol id="sm-241">
         <name>C$$EXIT</name>
         <value>0x10a9</value>
         <object_component_ref idref="oc-3a"/>
      </symbol>
      <symbol id="sm-242">
         <name>abort</name>
         <value>0x10ad</value>
         <object_component_ref idref="oc-3a"/>
      </symbol>
      <symbol id="sm-243">
         <name>exit</name>
         <value>0x10b5</value>
         <object_component_ref idref="oc-3a"/>
      </symbol>
      <symbol id="sm-244">
         <name>__TI_dtors_ptr</name>
         <value>0x2000012c</value>
         <object_component_ref idref="oc-f1"/>
      </symbol>
      <symbol id="sm-245">
         <name>__TI_cleanup_ptr</name>
         <value>0x20000128</value>
         <object_component_ref idref="oc-f1"/>
      </symbol>
      <symbol id="sm-259">
         <name>__aeabi_ddiv</name>
         <value>0x62d</value>
         <object_component_ref idref="oc-ce"/>
      </symbol>
      <symbol id="sm-263">
         <name>__aeabi_d2f</name>
         <value>0xf89</value>
         <object_component_ref idref="oc-d2"/>
      </symbol>
      <symbol id="sm-26d">
         <name>__aeabi_f2d</name>
         <value>0x1171</value>
         <object_component_ref idref="oc-ca"/>
      </symbol>
      <symbol id="sm-288">
         <name>memcpy</name>
         <value>0xc45</value>
         <object_component_ref idref="oc-42"/>
      </symbol>
      <symbol id="sm-289">
         <name>__aeabi_memcpy</name>
         <value>0xc45</value>
         <object_component_ref idref="oc-42"/>
      </symbol>
      <symbol id="sm-28a">
         <name>__aeabi_memcpy8</name>
         <value>0xc45</value>
         <object_component_ref idref="oc-42"/>
      </symbol>
      <symbol id="sm-28b">
         <name>__aeabi_memcpy4</name>
         <value>0xc45</value>
         <object_component_ref idref="oc-42"/>
      </symbol>
      <symbol id="sm-297">
         <name>sinf</name>
         <value>0x13e1</value>
         <object_component_ref idref="oc-c5"/>
      </symbol>
      <symbol id="sm-29e">
         <name>main_func_sp</name>
         <value>0x2000013c</value>
         <object_component_ref idref="oc-3f"/>
      </symbol>
      <symbol id="sm-2cf">
         <name>_FSin</name>
         <value>0x4bd</value>
         <object_component_ref idref="oc-142"/>
      </symbol>
      <symbol id="sm-2dd">
         <name>_FZero</name>
         <value>0x20000114</value>
         <object_component_ref idref="oc-195"/>
      </symbol>
      <symbol id="sm-2de">
         <name>_FRteps</name>
         <value>0x20000100</value>
         <object_component_ref idref="oc-195"/>
      </symbol>
      <symbol id="sm-2df">
         <name>_FSnan</name>
         <value>0x200000f0</value>
         <object_component_ref idref="oc-195"/>
      </symbol>
      <symbol id="sm-2e0">
         <name>_FNan</name>
         <value>0x200000e0</value>
         <object_component_ref idref="oc-195"/>
      </symbol>
      <symbol id="sm-2e1">
         <name>_FInf</name>
         <value>0x200000d0</value>
         <object_component_ref idref="oc-195"/>
      </symbol>
      <symbol id="sm-2e2">
         <name>_FEps</name>
         <value>0x200000c0</value>
         <object_component_ref idref="oc-195"/>
      </symbol>
      <symbol id="sm-2e3">
         <name>_FXbig</name>
         <value>0x20000110</value>
         <object_component_ref idref="oc-195"/>
      </symbol>
      <symbol id="sm-2e4">
         <name>_FDenorm</name>
         <value>0x200000b0</value>
         <object_component_ref idref="oc-195"/>
      </symbol>
      <symbol id="sm-2fa">
         <name>_nop</name>
         <value>0x130b</value>
         <object_component_ref idref="oc-15e"/>
      </symbol>
      <symbol id="sm-2fb">
         <name>_lock</name>
         <value>0x20000120</value>
         <object_component_ref idref="oc-ef"/>
      </symbol>
      <symbol id="sm-2fc">
         <name>_unlock</name>
         <value>0x20000124</value>
         <object_component_ref idref="oc-ef"/>
      </symbol>
      <symbol id="sm-2fd">
         <name>_register_lock</name>
         <value>0x1303</value>
         <object_component_ref idref="oc-15e"/>
      </symbol>
      <symbol id="sm-2fe">
         <name>_register_unlock</name>
         <value>0x12fd</value>
         <object_component_ref idref="oc-15e"/>
      </symbol>
      <symbol id="sm-311">
         <name>_args_main</name>
         <value>0x12e5</value>
         <object_component_ref idref="oc-35"/>
      </symbol>
      <symbol id="sm-32d">
         <name>__TI_auto_init</name>
         <value>0xce1</value>
         <object_component_ref idref="oc-31"/>
      </symbol>
      <symbol id="sm-345">
         <name>copy_in</name>
         <value>0x1065</value>
         <object_component_ref idref="oc-e7"/>
      </symbol>
      <symbol id="sm-356">
         <name>__aeabi_cdcmpeq</name>
         <value>0xd75</value>
         <object_component_ref idref="oc-18c"/>
      </symbol>
      <symbol id="sm-357">
         <name>__aeabi_cdcmple</name>
         <value>0xd75</value>
         <object_component_ref idref="oc-18c"/>
      </symbol>
      <symbol id="sm-376">
         <name>fmodf</name>
         <value>0x895</value>
         <object_component_ref idref="oc-190"/>
      </symbol>
      <symbol id="sm-389">
         <name>_FDnorm</name>
         <value>0xdf3</value>
         <object_component_ref idref="oc-1b1"/>
      </symbol>
      <symbol id="sm-3a2">
         <name>_FDscale</name>
         <value>0xb85</value>
         <object_component_ref idref="oc-1b6"/>
      </symbol>
      <symbol id="sm-3b3">
         <name>_FDtest</name>
         <value>0x1211</value>
         <object_component_ref idref="oc-182"/>
      </symbol>
      <symbol id="sm-3c1">
         <name>_Feraise</name>
         <value>0x1245</value>
         <object_component_ref idref="oc-187"/>
      </symbol>
      <symbol id="sm-3c8">
         <name>_Errno</name>
         <value>0x20000138</value>
         <object_component_ref idref="oc-1ad"/>
      </symbol>
      <symbol id="sm-3e3">
         <name>feraiseexcept</name>
         <value>0x11dd</value>
         <object_component_ref idref="oc-1a8"/>
      </symbol>
      <symbol id="sm-3e4">
         <name>_Tls_setup__Fenv</name>
         <value>0x20000134</value>
         <object_component_ref idref="oc-1ce"/>
      </symbol>
      <symbol id="sm-3e5">
         <name>_Fenv</name>
         <value>0x20000130</value>
         <object_component_ref idref="oc-1ce"/>
      </symbol>
      <symbol id="sm-3f8">
         <name>raise</name>
         <value>0x1275</value>
         <object_component_ref idref="oc-1c9"/>
      </symbol>
      <symbol id="sm-410">
         <name>signal</name>
         <value>0x1131</value>
         <object_component_ref idref="oc-1db"/>
      </symbol>
      <symbol id="sm-411">
         <name>__TI_static_base__</name>
         <value>0x0</value>
      </symbol>
      <symbol id="sm-412">
         <name>__TI_args_main</name>
         <value>0x1</value>
      </symbol>
      <symbol id="sm-413">
         <name>SHT$$INIT_ARRAY$$Limit</name>
         <value>0x0</value>
      </symbol>
      <symbol id="sm-414">
         <name>SHT$$INIT_ARRAY$$Base</name>
         <value>0x0</value>
      </symbol>
   </symbol_table>
   <title>Link successful</title>
</link_info>
