******************************************************************************
                  TI ARM Linker Unix v5.1.1                    
******************************************************************************
>> Linked Sat Feb 15 17:52:18 2014

OUTPUT FILE NAME:   <test0.out>
ENTRY POINT SYMBOL: "_c_int00"  address: 00000851


MEMORY CONFIGURATION

         name            origin    length      used     unused   attr    fill
----------------------  --------  ---------  --------  --------  ----  --------
  FLASH                 00000000   00020000  00000b34  0001f4cc  R  X
  SRAM                  20000000   00008000  000000dc  00007f24  RW X


SEGMENT ALLOCATION MAP

run origin  load origin   length   init length attrs members
----------  ----------- ---------- ----------- ----- -------
00000000    00000000    00000b38   00000b38    r-x
  00000000    00000000    0000026c   0000026c    r-- .intvecs
  0000026c    0000026c    000007cc   000007cc    r-x .text
  00000a38    00000a38    000000dc   000000dc    r-- .const
  00000b18    00000b18    00000020   00000020    r-- .cinit
20000000    20000000    000000dc   00000000    rw-
  20000000    20000000    000000c8   00000000    rw- .stack
  200000c8    200000c8    00000014   00000000    rw- .data


SECTION ALLOCATION MAP

 output                                  attributes/
section   page    origin      length       input sections
--------  ----  ----------  ----------   ----------------
.intvecs   0    00000000    0000026c     
                  00000000    0000026c     tm4c123ge6pm_startup_ccs.obj (.intvecs)

.init_array 
*          0    00000000    00000000     UNINITIALIZED

.text      0    0000026c    000007cc     
                  0000026c    00000130     driverlib.lib : gpio.obj (.text:GPIOPadConfigSet)
                  0000039c    00000104                   : sysctl.obj (.text:SysCtlClockSet)
                  000004a0    000000c8                   : sysctl.obj (.text:SysCtlClockGet)
                  00000568    0000009c     rtsv7M4_T_le_v4SPD16_eabi.lib : memcpy_t2.obj (.text)
                  00000604    0000009c     test.obj (.text)
                  000006a0    00000094     rtsv7M4_T_le_v4SPD16_eabi.lib : auto_init.obj (.text)
                  00000734    00000060     driverlib.lib : interrupt.obj (.text:IntEnable)
                  00000794    0000005e     rtsv7M4_T_le_v4SPD16_eabi.lib : copy_decompress_rle.obj (.text)
                  000007f2    00000002     --HOLE-- [fill = 0]
                  000007f4    0000005c     driverlib.lib : timer.obj (.text:TimerConfigure)
                  00000850    00000048     rtsv7M4_T_le_v4SPD16_eabi.lib : boot.obj (.text)
                  00000898    00000044                                   : cpy_tbl.obj (.text)
                  000008dc    00000044                                   : exit.obj (.text)
                  00000920    00000034     driverlib.lib : sysctl.obj (.text:SysCtlPeripheralEnable)
                  00000954    0000002a                   : gpio.obj (.text:GPIODirModeSet)
                  0000097e    00000018                   : gpio.obj (.text:GPIOPinTypeGPIOOutput)
                  00000996    00000002     --HOLE-- [fill = 0]
                  00000998    00000018     rtsv7M4_T_le_v4SPD16_eabi.lib : args_main.obj (.text)
                  000009b0    00000014                                   : _lock.obj (.text)
                  000009c4    00000012     driverlib.lib : timer.obj (.text:TimerLoadSet)
                  000009d6    0000000e                   : timer.obj (.text:TimerEnable)
                  000009e4    0000000e     rtsv7M4_T_le_v4SPD16_eabi.lib : copy_decompress_none.obj (.text:decompress:none)
                  000009f2    0000000c     driverlib.lib : cpu.obj (.text:CPUcpsie)
                  000009fe    0000000c     tm4c123ge6pm_startup_ccs.obj (.text)
                  00000a0a    0000000a     driverlib.lib : interrupt.obj (.text:IntMasterEnable)
                  00000a14    00000008                   : timer.obj (.text:TimerIntEnable)
                  00000a1c    00000006                   : gpio.obj (.text:GPIOPinRead)
                  00000a22    00000006                   : gpio.obj (.text:GPIOPinWrite)
                  00000a28    00000006                   : sysctl.obj (.text:SysCtlDelay)
                  00000a2e    00000006     rtsv7M4_T_le_v4SPD16_eabi.lib : copy_decompress_rle.obj (.text:decompress:rle24)
                  00000a34    00000004     driverlib.lib : timer.obj (.text:TimerIntClear)

.const     0    00000a38    000000dc     
                  00000a38    00000070     driverlib.lib : interrupt.obj (.const)
                  00000aa8    0000006c                   : sysctl.obj (.const:g_pui32Xtals)

.cinit     0    00000b18    00000020     
                  00000b18    0000000f     (.cinit..data.load) [load image, compression = rle]
                  00000b27    00000001     --HOLE-- [fill = 0]
                  00000b28    00000008     (__TI_handler_table)
                  00000b30    00000008     (__TI_cinit_table)

.stack     0    20000000    000000c8     UNINITIALIZED
                  20000000    000000c8     --HOLE--

.data      0    200000c8    00000014     UNINITIALIZED
                  200000c8    00000008     rtsv7M4_T_le_v4SPD16_eabi.lib : _lock.obj (.data)
                  200000d0    00000008                                   : exit.obj (.data)
                  200000d8    00000004                                   : stkdepth_vars.obj (.data)


LINKER GENERATED COPY TABLES

__TI_cinit_table @ 00000b30 records: 1, size/record: 8, table size: 8
	.data: load addr=00000b18, load size=0000000f bytes, run addr=200000c8, run size=00000014 bytes, compression=rle


LINKER GENERATED HANDLER TABLE

__TI_handler_table @ 00000b28 records: 2, size/record: 4, table size: 8
	index: 0, handler: __TI_decompress_rle24
	index: 1, handler: __TI_decompress_none


GLOBAL SYMBOLS: SORTED ALPHABETICALLY BY Name 

address    name
--------   ----
000008dd   C$$EXIT
000009f3   CPUcpsie
00000955   GPIODirModeSet
0000026d   GPIOPadConfigSet
00000a1d   GPIOPinRead
0000097f   GPIOPinTypeGPIOOutput
00000a23   GPIOPinWrite
00000735   IntEnable
00000a0b   IntMasterEnable
000009ff   ResetISR
UNDEFED    SHT$$INIT_ARRAY$$Base
UNDEFED    SHT$$INIT_ARRAY$$Limit
000004a1   SysCtlClockGet
0000039d   SysCtlClockSet
00000a29   SysCtlDelay
00000921   SysCtlPeripheralEnable
00000605   Timer0IntHandler
000007f5   TimerConfigure
000009d7   TimerEnable
00000a35   TimerIntClear
00000a15   TimerIntEnable
000009c5   TimerLoadSet
200000c8   __STACK_END
000000c8   __STACK_SIZE
20000200   __STACK_TOP
00000b30   __TI_CINIT_Base
00000b38   __TI_CINIT_Limit
00000b28   __TI_Handler_Table_Base
00000b30   __TI_Handler_Table_Limit
00000001   __TI_args_main
000006a1   __TI_auto_init
200000d0   __TI_cleanup_ptr
000009e5   __TI_decompress_none
00000a2f   __TI_decompress_rle24
200000d4   __TI_dtors_ptr
00000000   __TI_static_base__
00000569   __aeabi_memcpy
00000569   __aeabi_memcpy4
00000569   __aeabi_memcpy8
ffffffff   __binit__
ffffffff   __c_args__
20000000   __stack
00000999   _args_main
00000851   _c_int00
200000c8   _lock
000009bf   _nop
000009b7   _register_lock
000009b1   _register_unlock
200000cc   _unlock
000008e1   abort
ffffffff   binit
00000899   copy_in
000008e9   exit
00000000   g_pfnVectors
00000631   main
200000d8   main_func_sp
00000569   memcpy


GLOBAL SYMBOLS: SORTED BY Symbol Address 

address    name
--------   ----
00000000   __TI_static_base__
00000000   g_pfnVectors
00000001   __TI_args_main
000000c8   __STACK_SIZE
0000026d   GPIOPadConfigSet
0000039d   SysCtlClockSet
000004a1   SysCtlClockGet
00000569   __aeabi_memcpy
00000569   __aeabi_memcpy4
00000569   __aeabi_memcpy8
00000569   memcpy
00000605   Timer0IntHandler
00000631   main
000006a1   __TI_auto_init
00000735   IntEnable
000007f5   TimerConfigure
00000851   _c_int00
00000899   copy_in
000008dd   C$$EXIT
000008e1   abort
000008e9   exit
00000921   SysCtlPeripheralEnable
00000955   GPIODirModeSet
0000097f   GPIOPinTypeGPIOOutput
00000999   _args_main
000009b1   _register_unlock
000009b7   _register_lock
000009bf   _nop
000009c5   TimerLoadSet
000009d7   TimerEnable
000009e5   __TI_decompress_none
000009f3   CPUcpsie
000009ff   ResetISR
00000a0b   IntMasterEnable
00000a15   TimerIntEnable
00000a1d   GPIOPinRead
00000a23   GPIOPinWrite
00000a29   SysCtlDelay
00000a2f   __TI_decompress_rle24
00000a35   TimerIntClear
00000b28   __TI_Handler_Table_Base
00000b30   __TI_CINIT_Base
00000b30   __TI_Handler_Table_Limit
00000b38   __TI_CINIT_Limit
20000000   __stack
200000c8   __STACK_END
200000c8   _lock
200000cc   _unlock
200000d0   __TI_cleanup_ptr
200000d4   __TI_dtors_ptr
200000d8   main_func_sp
20000200   __STACK_TOP
ffffffff   __binit__
ffffffff   __c_args__
ffffffff   binit
UNDEFED    SHT$$INIT_ARRAY$$Base
UNDEFED    SHT$$INIT_ARRAY$$Limit

[57 symbols]
