******************************************************************************
                  TI ARM Linker Unix v5.1.1                    
******************************************************************************
>> Linked Thu Feb 27 15:28:46 2014

OUTPUT FILE NAME:   <ssi.out>
ENTRY POINT SYMBOL: "_c_int00"  address: 0000081d


MEMORY CONFIGURATION

         name            origin    length      used     unused   attr    fill
----------------------  --------  ---------  --------  --------  ----  --------
  FLASH                 00000000   00040000  00000b60  0003f4a0  R  X
  SRAM                  20000000   00008000  00000814  000077ec  RW X


SEGMENT ALLOCATION MAP

run origin  load origin   length   init length attrs members
----------  ----------- ---------- ----------- ----- -------
00000000    00000000    00000b60   00000b60    r-x
  00000000    00000000    0000026c   0000026c    r-- .intvecs
  0000026c    0000026c    000007d8   000007d8    r-x .text
  00000a44    00000a44    000000fc   000000fc    r-- .const
  00000b40    00000b40    00000020   00000020    r-- .cinit
20000000    20000000    00000814   00000000    rw-
  20000000    20000000    00000800   00000000    rw- .stack
  20000800    20000800    00000014   00000000    rw- .data


SECTION ALLOCATION MAP

 output                                  attributes/
section   page    origin      length       input sections
--------  ----  ----------  ----------   ----------------
.intvecs   0    00000000    0000026c     
                  00000000    0000026c     tm4c123gh6pm_startup_ccs.obj (.intvecs)

.init_array 
*          0    00000000    00000000     UNINITIALIZED

.text      0    0000026c    000007d8     
                  0000026c    00000130     driverlib.lib : gpio.obj (.text:GPIOPadConfigSet)
                  0000039c    00000104                   : sysctl.obj (.text:SysCtlClockSet)
                  000004a0    000000dc     main.obj (.text)
                  0000057c    000000c8     driverlib.lib : sysctl.obj (.text:SysCtlClockGet)
                  00000644    0000009c     rtsv7M4_T_le_v4SPD16_eabi.lib : memcpy_t2.obj (.text)
                  000006e0    00000094                                   : auto_init.obj (.text)
                  00000774    0000005e                                   : copy_decompress_rle.obj (.text)
                  000007d2    00000002     --HOLE-- [fill = 0]
                  000007d4    00000048     driverlib.lib : gpio.obj (.text:GPIOPinConfigure)
                  0000081c    00000048     rtsv7M4_T_le_v4SPD16_eabi.lib : boot.obj (.text)
                  00000864    00000044                                   : cpy_tbl.obj (.text)
                  000008a8    00000044                                   : exit.obj (.text)
                  000008ec    00000042     driverlib.lib : ssi.obj (.text:SSIConfigSetExpClk)
                  0000092e    00000002     --HOLE-- [fill = 0]
                  00000930    00000034                   : sysctl.obj (.text:SysCtlPeripheralEnable)
                  00000964    0000002a                   : gpio.obj (.text:GPIODirModeSet)
                  0000098e    00000018                   : gpio.obj (.text:GPIOPinTypeGPIOOutput)
                  000009a6    00000002     --HOLE-- [fill = 0]
                  000009a8    00000018     rtsv7M4_T_le_v4SPD16_eabi.lib : args_main.obj (.text)
                  000009c0    00000014                                   : _lock.obj (.text)
                  000009d4    00000012     driverlib.lib : gpio.obj (.text:GPIOPinTypeSSI)
                  000009e6    00000012                   : ssi.obj (.text:SSIDataGetNonBlocking)
                  000009f8    0000000e     rtsv7M4_T_le_v4SPD16_eabi.lib : copy_decompress_none.obj (.text:decompress:none)
                  00000a06    0000000c     driverlib.lib : ssi.obj (.text:SSIDataGet)
                  00000a12    0000000c     tm4c123gh6pm_startup_ccs.obj (.text)
                  00000a1e    0000000a     driverlib.lib : ssi.obj (.text:SSIDataPut)
                  00000a28    0000000a                   : ssi.obj (.text:SSIEnable)
                  00000a32    00000006                   : gpio.obj (.text:GPIOPinWrite)
                  00000a38    00000006                   : sysctl.obj (.text:SysCtlDelay)
                  00000a3e    00000006     rtsv7M4_T_le_v4SPD16_eabi.lib : copy_decompress_rle.obj (.text:decompress:rle24)

.const     0    00000a44    000000fc     
                  00000a44    00000090     driverlib.lib : gpio.obj (.const:g_pui32GPIOBaseAddrs)
                  00000ad4    0000006c                   : sysctl.obj (.const:g_pui32Xtals)

.cinit     0    00000b40    00000020     
                  00000b40    0000000f     (.cinit..data.load) [load image, compression = rle]
                  00000b4f    00000001     --HOLE-- [fill = 0]
                  00000b50    00000008     (__TI_handler_table)
                  00000b58    00000008     (__TI_cinit_table)

.stack     0    20000000    00000800     UNINITIALIZED
                  20000000    00000800     --HOLE--

.data      0    20000800    00000014     UNINITIALIZED
                  20000800    00000008     rtsv7M4_T_le_v4SPD16_eabi.lib : _lock.obj (.data)
                  20000808    00000008                                   : exit.obj (.data)
                  20000810    00000004                                   : stkdepth_vars.obj (.data)


LINKER GENERATED COPY TABLES

__TI_cinit_table @ 00000b58 records: 1, size/record: 8, table size: 8
	.data: load addr=00000b40, load size=0000000f bytes, run addr=20000800, run size=00000014 bytes, compression=rle


LINKER GENERATED HANDLER TABLE

__TI_handler_table @ 00000b50 records: 2, size/record: 4, table size: 8
	index: 0, handler: __TI_decompress_rle24
	index: 1, handler: __TI_decompress_none


GLOBAL SYMBOLS: SORTED ALPHABETICALLY BY Name 

address    name
--------   ----
000008a9   C$$EXIT
00000965   GPIODirModeSet
0000026d   GPIOPadConfigSet
000007d5   GPIOPinConfigure
0000098f   GPIOPinTypeGPIOOutput
000009d5   GPIOPinTypeSSI
00000a33   GPIOPinWrite
00000a13   ResetISR
UNDEFED    SHT$$INIT_ARRAY$$Base
UNDEFED    SHT$$INIT_ARRAY$$Limit
000008ed   SSIConfigSetExpClk
00000a07   SSIDataGet
000009e7   SSIDataGetNonBlocking
00000a1f   SSIDataPut
00000a29   SSIEnable
0000057d   SysCtlClockGet
0000039d   SysCtlClockSet
00000a39   SysCtlDelay
00000931   SysCtlPeripheralEnable
20000800   __STACK_END
00000800   __STACK_SIZE
20000200   __STACK_TOP
00000b58   __TI_CINIT_Base
00000b60   __TI_CINIT_Limit
00000b50   __TI_Handler_Table_Base
00000b58   __TI_Handler_Table_Limit
00000001   __TI_args_main
000006e1   __TI_auto_init
20000808   __TI_cleanup_ptr
000009f9   __TI_decompress_none
00000a3f   __TI_decompress_rle24
2000080c   __TI_dtors_ptr
00000000   __TI_static_base__
00000645   __aeabi_memcpy
00000645   __aeabi_memcpy4
00000645   __aeabi_memcpy8
ffffffff   __binit__
ffffffff   __c_args__
20000000   __stack
000009a9   _args_main
0000081d   _c_int00
20000800   _lock
000009cf   _nop
000009c7   _register_lock
000009c1   _register_unlock
20000804   _unlock
000008ad   abort
ffffffff   binit
00000865   copy_in
000008b5   exit
00000000   g_pfnVectors
000004a1   main
20000810   main_func_sp
00000645   memcpy


GLOBAL SYMBOLS: SORTED BY Symbol Address 

address    name
--------   ----
00000000   __TI_static_base__
00000000   g_pfnVectors
00000001   __TI_args_main
0000026d   GPIOPadConfigSet
0000039d   SysCtlClockSet
000004a1   main
0000057d   SysCtlClockGet
00000645   __aeabi_memcpy
00000645   __aeabi_memcpy4
00000645   __aeabi_memcpy8
00000645   memcpy
000006e1   __TI_auto_init
000007d5   GPIOPinConfigure
00000800   __STACK_SIZE
0000081d   _c_int00
00000865   copy_in
000008a9   C$$EXIT
000008ad   abort
000008b5   exit
000008ed   SSIConfigSetExpClk
00000931   SysCtlPeripheralEnable
00000965   GPIODirModeSet
0000098f   GPIOPinTypeGPIOOutput
000009a9   _args_main
000009c1   _register_unlock
000009c7   _register_lock
000009cf   _nop
000009d5   GPIOPinTypeSSI
000009e7   SSIDataGetNonBlocking
000009f9   __TI_decompress_none
00000a07   SSIDataGet
00000a13   ResetISR
00000a1f   SSIDataPut
00000a29   SSIEnable
00000a33   GPIOPinWrite
00000a39   SysCtlDelay
00000a3f   __TI_decompress_rle24
00000b50   __TI_Handler_Table_Base
00000b58   __TI_CINIT_Base
00000b58   __TI_Handler_Table_Limit
00000b60   __TI_CINIT_Limit
20000000   __stack
20000200   __STACK_TOP
20000800   __STACK_END
20000800   _lock
20000804   _unlock
20000808   __TI_cleanup_ptr
2000080c   __TI_dtors_ptr
20000810   main_func_sp
ffffffff   __binit__
ffffffff   __c_args__
ffffffff   binit
UNDEFED    SHT$$INIT_ARRAY$$Base
UNDEFED    SHT$$INIT_ARRAY$$Limit

[54 symbols]
